127.0.0.1 - - [04/Aug/2016:23:34:24 +0800] "GET / HTTP/1.1" 200 612 "-" "curl/7.29.0"
127.0.0.1 - - [04/Aug/2016:23:36:55 +0800] "GET /hello HTTP/1.1" 200 21 "-" "curl/7.29.0"
187.160.120.56 - - [05/Aug/2016:01:40:08 +0800] "GET / HTTP/1.0" 200 612 "-" "Wget(linux)"
95.213.187.186 - - [05/Aug/2016:02:56:09 +0800] "CONNECT check.best-proxies.ru:80 HTTP/1.1" 400 179 "-" "-"
149.56.96.31 - - [05/Aug/2016:03:22:48 +0800] "GET //pma/scripts/setup.php HTTP/1.1" 404 175 "-" "-"
149.56.96.31 - - [05/Aug/2016:03:22:48 +0800] "GET //phpmyadmin/scripts/setup.php HTTP/1.1" 404 175 "-" "-"
149.56.96.31 - - [05/Aug/2016:03:22:48 +0800] "GET /muieblackcat HTTP/1.1" 404 175 "-" "-"
149.56.96.31 - - [05/Aug/2016:03:22:48 +0800] "GET //MyAdmin/scripts/setup.php HTTP/1.1" 404 175 "-" "-"
149.56.96.31 - - [05/Aug/2016:03:22:48 +0800] "GET //phpMyAdmin/scripts/setup.php HTTP/1.1" 404 175 "-" "-"
149.56.96.31 - - [05/Aug/2016:03:22:48 +0800] "GET //myadmin/scripts/setup.php HTTP/1.1" 404 175 "-" "-"
220.132.81.117 - - [05/Aug/2016:03:42:02 +0800] "CONNECT mx-tw.mail.gm0.yahoodns.net:25 HTTP/1.0" 400 179 "-" "-"
23.251.51.125 - - [05/Aug/2016:03:49:47 +0800] "GET http://www.sbjudge1.com/azenv.php HTTP/1.1" 404 577 "-" "Mozilla/5.0 (compatible; MSIE 6.0; Windows NT 5.1; Trident/5.0)"
23.251.51.125 - - [05/Aug/2016:03:49:48 +0800] "CONNECT www.alipay.com:443 HTTP/1.0" 400 179 "-" "-"
220.132.81.117 - - [05/Aug/2016:04:03:21 +0800] "CONNECT mx-tw.mail.gm0.yahoodns.net:25 HTTP/1.0" 400 179 "-" "-"
220.132.81.117 - - [05/Aug/2016:04:03:54 +0800] "CONNECT mx-tw.mail.gm0.yahoodns.net:25 HTTP/1.0" 400 179 "-" "-"
220.132.81.117 - - [05/Aug/2016:04:25:16 +0800] "CONNECT mx-tw.mail.gm0.yahoodns.net:25 HTTP/1.0" 400 179 "-" "-"
111.248.96.66 - - [05/Aug/2016:04:43:34 +0800] "CONNECT vip163mx01.mxmail.netease.com:25 HTTP/1.0" 400 179 "-" "-"
220.132.81.117 - - [05/Aug/2016:04:46:39 +0800] "CONNECT mx-tw.mail.gm0.yahoodns.net:25 HTTP/1.0" 400 179 "-" "-"
220.132.81.117 - - [05/Aug/2016:04:47:22 +0800] "CONNECT mx-tw.mail.gm0.yahoodns.net:25 HTTP/1.0" 400 179 "-" "-"
220.132.81.117 - - [05/Aug/2016:05:08:24 +0800] "CONNECT mx-tw.mail.gm0.yahoodns.net:25 HTTP/1.0" 400 179 "-" "-"
220.132.81.117 - - [05/Aug/2016:05:08:57 +0800] "CONNECT mx-tw.mail.gm0.yahoodns.net:25 HTTP/1.0" 400 179 "-" "-"
220.132.81.117 - - [05/Aug/2016:05:30:00 +0800] "CONNECT mx-tw.mail.gm0.yahoodns.net:25 HTTP/1.0" 400 179 "-" "-"
220.132.81.117 - - [05/Aug/2016:05:30:31 +0800] "CONNECT mx-tw.mail.gm0.yahoodns.net:25 HTTP/1.0" 400 179 "-" "-"
220.132.81.117 - - [05/Aug/2016:05:51:45 +0800] "CONNECT mx-tw.mail.gm0.yahoodns.net:25 HTTP/1.0" 400 179 "-" "-"
220.132.81.117 - - [05/Aug/2016:05:52:14 +0800] "CONNECT mx-tw.mail.gm0.yahoodns.net:25 HTTP/1.0" 400 179 "-" "-"
220.132.81.117 - - [05/Aug/2016:06:13:15 +0800] "CONNECT mx-tw.mail.gm0.yahoodns.net:25 HTTP/1.0" 400 179 "-" "-"
220.132.81.117 - - [05/Aug/2016:06:13:46 +0800] "CONNECT mx-tw.mail.gm0.yahoodns.net:25 HTTP/1.0" 400 179 "-" "-"
220.132.81.117 - - [05/Aug/2016:06:14:03 +0800] "CONNECT mx-tw.mail.gm0.yahoodns.net:25 HTTP/1.0" 400 179 "-" "-"
80.82.78.38 - - [05/Aug/2016:06:21:58 +0800] "GET http://www.baidu.com/cache/global/img/gs.gif HTTP/1.1" 404 175 "-" "Mozilla"
220.132.81.117 - - [05/Aug/2016:06:34:56 +0800] "CONNECT mx-tw.mail.gm0.yahoodns.net:25 HTTP/1.0" 400 179 "-" "-"
220.132.81.117 - - [05/Aug/2016:06:35:34 +0800] "CONNECT mx-tw.mail.gm0.yahoodns.net:25 HTTP/1.0" 400 179 "-" "-"
220.132.81.117 - - [05/Aug/2016:06:57:04 +0800] "CONNECT mx-tw.mail.gm0.yahoodns.net:25 HTTP/1.0" 400 179 "-" "-"
220.132.81.117 - - [05/Aug/2016:07:17:56 +0800] "CONNECT mx-tw.mail.gm0.yahoodns.net:25 HTTP/1.0" 400 179 "-" "-"
220.132.81.117 - - [05/Aug/2016:07:18:23 +0800] "CONNECT mx-tw.mail.gm0.yahoodns.net:25 HTTP/1.0" 400 179 "-" "-"
5.178.86.74 - - [05/Aug/2016:07:33:05 +0800] "CONNECT check.best-proxies.ru:80 HTTP/1.1" 400 179 "-" "-"
180.163.2.88 - - [05/Aug/2016:07:35:26 +0800] "GET / HTTP/1.1" 200 612 "-" "Mozilla/5.0 (Windows NT 5.1) AppleWebKit/537.36 (KHTML, like Gecko) Chrome/45.0.2454.101 Safari/537.36"
220.132.81.117 - - [05/Aug/2016:07:39:39 +0800] "CONNECT mx-tw.mail.gm0.yahoodns.net:25 HTTP/1.0" 400 179 "-" "-"
220.132.81.117 - - [05/Aug/2016:07:39:57 +0800] "CONNECT mx-tw.mail.gm0.yahoodns.net:25 HTTP/1.0" 400 179 "-" "-"
23.251.51.125 - - [05/Aug/2016:08:11:43 +0800] "GET http://www.proxy-listen.de/azenv.php HTTP/1.1" 404 577 "-" "Mozilla/5.0 (compatible; MSIE 6.0; Windows NT 5.1; Trident/5.0)"
23.251.51.125 - - [05/Aug/2016:08:11:44 +0800] "CONNECT www.baidu.com:443 HTTP/1.0" 400 179 "-" "-"
220.132.81.117 - - [05/Aug/2016:08:22:38 +0800] "CONNECT mx-tw.mail.gm0.yahoodns.net:25 HTTP/1.0" 400 179 "-" "-"
220.132.81.117 - - [05/Aug/2016:08:23:07 +0800] "CONNECT mx-tw.mail.gm0.yahoodns.net:25 HTTP/1.0" 400 179 "-" "-"
220.132.81.117 - - [05/Aug/2016:08:44:25 +0800] "CONNECT mx-tw.mail.gm0.yahoodns.net:25 HTTP/1.0" 400 179 "-" "-"
220.132.81.117 - - [05/Aug/2016:08:44:50 +0800] "CONNECT mx-tw.mail.gm0.yahoodns.net:25 HTTP/1.0" 400 179 "-" "-"
220.132.81.117 - - [05/Aug/2016:08:45:26 +0800] "CONNECT mx-tw.mail.gm0.yahoodns.net:25 HTTP/1.0" 400 179 "-" "-"
220.132.81.117 - - [05/Aug/2016:09:06:14 +0800] "CONNECT mx-tw.mail.gm0.yahoodns.net:25 HTTP/1.0" 400 179 "-" "-"
198.167.140.108 - - [05/Aug/2016:09:46:14 +0800] "GET //pma/scripts/setup.php HTTP/1.1" 404 175 "-" "-"
198.167.140.108 - - [05/Aug/2016:09:46:14 +0800] "GET /muieblackcat HTTP/1.1" 404 175 "-" "-"
198.167.140.108 - - [05/Aug/2016:09:46:14 +0800] "GET //phpmyadmin/scripts/setup.php HTTP/1.1" 404 175 "-" "-"
198.167.140.108 - - [05/Aug/2016:09:46:14 +0800] "GET //phpMyAdmin/scripts/setup.php HTTP/1.1" 404 175 "-" "-"
198.167.140.108 - - [05/Aug/2016:09:46:14 +0800] "GET //MyAdmin/scripts/setup.php HTTP/1.1" 404 175 "-" "-"
198.167.140.108 - - [05/Aug/2016:09:46:14 +0800] "GET //myadmin/scripts/setup.php HTTP/1.1" 404 175 "-" "-"
220.132.81.117 - - [05/Aug/2016:09:49:07 +0800] "CONNECT mx-tw.mail.gm0.yahoodns.net:25 HTTP/1.0" 400 179 "-" "-"
23.251.51.125 - - [05/Aug/2016:10:07:45 +0800] "GET http://fr.cyberpods.net/ HTTP/1.1" 200 612 "-" "Mozilla/5.0 (compatible; MSIE 6.0; Windows NT 5.1; Trident/5.0)"
23.251.51.125 - - [05/Aug/2016:10:07:45 +0800] "CONNECT www.baidu.com:443 HTTP/1.0" 400 179 "-" "-"
123.57.27.63 - - [05/Aug/2016:10:39:44 +0800] "GET /phpmyadmin HTTP/1.1" 404 577 "http://119.29.33.243/phpmyadmin" "Mozilla/4.0 (compatible; MSIE 9.0; Windows NT 6.1)"
185.25.148.240 - - [05/Aug/2016:10:41:34 +0800] "GET http://testp1.piwo.pila.pl/testproxy.php HTTP/1.1" 404 175 "-" "Mozilla/5.0 (Windows NT 5.1; rv:32.0) Gecko/20100101 Firefox/31.0"
71.6.165.200 - - [05/Aug/2016:10:54:58 +0800] "GET / HTTP/1.1" 200 612 "-" "Mozilla/5.0 (Windows NT 6.1) AppleWebKit/537.36 (KHTML, like Gecko) Chrome/41.0.2228.0 Safari/537.36"
71.6.165.200 - - [05/Aug/2016:10:55:00 +0800] "GET /robots.txt HTTP/1.1" 404 175 "-" "-"
71.6.165.200 - - [05/Aug/2016:10:55:00 +0800] "GET /sitemap.xml HTTP/1.1" 404 175 "-" "-"
198.167.140.108 - - [05/Aug/2016:11:16:28 +0800] "GET //phpMyAdmin/scripts/setup.php HTTP/1.1" 404 175 "-" "-"
198.167.140.108 - - [05/Aug/2016:11:16:28 +0800] "GET //pma/scripts/setup.php HTTP/1.1" 404 175 "-" "-"
198.167.140.108 - - [05/Aug/2016:11:16:28 +0800] "GET //myadmin/scripts/setup.php HTTP/1.1" 404 175 "-" "-"
198.167.140.108 - - [05/Aug/2016:11:16:28 +0800] "GET //MyAdmin/scripts/setup.php HTTP/1.1" 404 175 "-" "-"
198.167.140.108 - - [05/Aug/2016:11:16:28 +0800] "GET /muieblackcat HTTP/1.1" 404 175 "-" "-"
198.167.140.108 - - [05/Aug/2016:11:16:29 +0800] "GET //phpmyadmin/scripts/setup.php HTTP/1.1" 404 175 "-" "-"
23.251.51.125 - - [05/Aug/2016:12:00:54 +0800] "GET http://proxyjudge.us/ HTTP/1.1" 200 612 "-" "Mozilla/5.0 (compatible; MSIE 6.0; Windows NT 5.1; Trident/5.0)"
23.251.51.125 - - [05/Aug/2016:12:00:54 +0800] "CONNECT www.baidu.com:443 HTTP/1.0" 400 179 "-" "-"
23.251.51.125 - - [05/Aug/2016:12:01:06 +0800] "GET http://www.sbjudge2.com/azenv.php HTTP/1.1" 404 577 "-" "Mozilla/5.0 (compatible; MSIE 6.0; Windows NT 5.1; Trident/5.0)"
23.251.51.125 - - [05/Aug/2016:12:01:07 +0800] "CONNECT www.baidu.com:443 HTTP/1.0" 400 179 "-" "-"
5.178.86.74 - - [05/Aug/2016:12:12:17 +0800] "CONNECT check.best-proxies.ru:80 HTTP/1.1" 400 179 "-" "-"
220.132.81.117 - - [05/Aug/2016:12:21:04 +0800] "CONNECT mx-tw.mail.gm0.yahoodns.net:25 HTTP/1.0" 400 179 "-" "-"
220.132.81.117 - - [05/Aug/2016:12:21:57 +0800] "CONNECT mx-tw.mail.gm0.yahoodns.net:25 HTTP/1.0" 400 179 "-" "-"
61.216.2.13 - - [05/Aug/2016:12:32:32 +0800] "POST /404 HTTP/1.1" 404 175 "-" "apache"
106.75.29.120 - - [05/Aug/2016:12:48:05 +0800] "CONNECT 106.75.29.120:44444 HTTP/1.1" 400 179 "-" "-"
36.229.234.234 - - [05/Aug/2016:12:49:02 +0800] "CONNECT vip163mx00.mxmail.netease.com:25 HTTP/1.0" 400 179 "-" "-"
220.132.81.117 - - [05/Aug/2016:13:25:14 +0800] "CONNECT mx-tw.mail.gm0.yahoodns.net:25 HTTP/1.0" 400 179 "-" "-"
220.132.81.117 - - [05/Aug/2016:13:25:39 +0800] "CONNECT mx-tw.mail.gm0.yahoodns.net:25 HTTP/1.0" 400 179 "-" "-"
101.226.64.174 - - [05/Aug/2016:14:03:56 +0800] "GET //pma/scripts/setup.php HTTP/1.1" 404 175 "-" "Mozilla/5.0 (iPhone; U; CPU iPhone OS 4_0 like Mac OS X; en-us) AppleWebKit/532.9 (KHTML, like Gecko) Version/4.0.5 Mobile/8A293 Safari/6531.22.7"
180.153.211.172 - - [05/Aug/2016:14:06:55 +0800] "GET //pma/scripts/setup.php HTTP/1.1" 404 577 "-" "Mozilla/5.0 (Windows NT 5.1) AppleWebKit/537.36 (KHTML, like Gecko) Chrome/45.0.2454.101 Safari/537.36"
220.132.81.117 - - [05/Aug/2016:14:08:47 +0800] "CONNECT mx-tw.mail.gm0.yahoodns.net:25 HTTP/1.0" 400 179 "-" "-"
220.132.81.117 - - [05/Aug/2016:14:09:15 +0800] "CONNECT mx-tw.mail.gm0.yahoodns.net:25 HTTP/1.0" 400 179 "-" "-"
101.226.51.228 - - [05/Aug/2016:14:11:36 +0800] "GET //phpMyAdmin/scripts/setup.php HTTP/1.1" 404 577 "-" "Mozilla/5.0 (Windows NT 5.1) AppleWebKit/537.36 (KHTML, like Gecko) Chrome/45.0.2454.101 Safari/537.36"
180.153.206.23 - - [05/Aug/2016:14:18:24 +0800] "GET /muieblackcat HTTP/1.1" 404 577 "-" "Mozilla/5.0 (Windows NT 5.1) AppleWebKit/537.36 (KHTML, like Gecko) Chrome/45.0.2454.101 Safari/537.36"
198.167.140.108 - - [05/Aug/2016:14:23:31 +0800] "GET //pma/scripts/setup.php HTTP/1.1" 404 175 "-" "-"
198.167.140.108 - - [05/Aug/2016:14:23:31 +0800] "GET /muieblackcat HTTP/1.1" 404 175 "-" "-"
198.167.140.108 - - [05/Aug/2016:14:23:31 +0800] "GET //phpMyAdmin/scripts/setup.php HTTP/1.1" 404 175 "-" "-"
198.167.140.108 - - [05/Aug/2016:14:23:31 +0800] "GET //phpmyadmin/scripts/setup.php HTTP/1.1" 404 175 "-" "-"
198.167.140.108 - - [05/Aug/2016:14:23:31 +0800] "GET //MyAdmin/scripts/setup.php HTTP/1.1" 404 175 "-" "-"
198.167.140.108 - - [05/Aug/2016:14:23:31 +0800] "GET //myadmin/scripts/setup.php HTTP/1.1" 404 175 "-" "-"
220.132.81.117 - - [05/Aug/2016:14:30:54 +0800] "CONNECT mx-tw.mail.gm0.yahoodns.net:25 HTTP/1.0" 400 179 "-" "-"
220.132.81.117 - - [05/Aug/2016:14:52:18 +0800] "CONNECT mx-tw.mail.gm0.yahoodns.net:25 HTTP/1.0" 400 179 "-" "-"
23.251.51.125 - - [05/Aug/2016:15:07:04 +0800] "GET http://domkrim.com/av.php HTTP/1.1" 404 577 "-" "Mozilla/5.0 (compatible; MSIE 6.0; Windows NT 5.1; Trident/5.0)"
23.251.51.125 - - [05/Aug/2016:15:07:05 +0800] "CONNECT www.baidu.com:443 HTTP/1.0" 400 179 "-" "-"
23.251.51.125 - - [05/Aug/2016:15:07:41 +0800] "GET http://www.luisaranguren.com/azenv.php HTTP/1.1" 404 577 "-" "Mozilla/5.0 (compatible; MSIE 6.0; Windows NT 5.1; Trident/5.0)"
23.251.51.125 - - [05/Aug/2016:15:07:44 +0800] "CONNECT www.baidu.com:443 HTTP/1.0" 400 179 "-" "-"
220.132.81.117 - - [05/Aug/2016:15:14:22 +0800] "CONNECT mx-tw.mail.gm0.yahoodns.net:25 HTTP/1.0" 400 179 "-" "-"
120.132.50.135 - - [05/Aug/2016:15:22:35 +0800] "GET http://www.qunar.com/ HTTP/1.1" 200 612 "-" "Mozilla/5.0 (Windows NT 6.1; WOW64; rv:29.0) Gecko/20100101 Firefox/29.0"
220.132.81.117 - - [05/Aug/2016:15:56:57 +0800] "CONNECT mx-tw.mail.gm0.yahoodns.net:25 HTTP/1.0" 400 179 "-" "-"
185.25.148.240 - - [05/Aug/2016:16:27:23 +0800] "GET http://testp1.piwo.pila.pl/testproxy.php HTTP/1.1" 404 175 "-" "Mozilla/5.0 (Windows NT 5.1; rv:32.0) Gecko/20100101 Firefox/31.0"
220.132.81.117 - - [05/Aug/2016:16:39:57 +0800] "CONNECT mx-tw.mail.gm0.yahoodns.net:25 HTTP/1.0" 400 179 "-" "-"
95.213.187.189 - - [05/Aug/2016:16:42:36 +0800] "CONNECT check.best-proxies.ru:80 HTTP/1.1" 400 179 "-" "-"
182.254.154.72 - - [05/Aug/2016:17:08:42 +0800] "GET http://115.159.79.85/check_proxy.php HTTP/1.1" 404 175 "-" "Java/1.8.0_51"
23.251.51.125 - - [05/Aug/2016:17:38:16 +0800] "GET http://www.proxy-listen.de/azenv.php HTTP/1.1" 404 577 "-" "Mozilla/5.0 (compatible; MSIE 6.0; Windows NT 5.1; Trident/5.0)"
23.251.51.125 - - [05/Aug/2016:17:38:16 +0800] "CONNECT www.alipay.com:443 HTTP/1.0" 400 179 "-" "-"
23.251.51.125 - - [05/Aug/2016:17:39:42 +0800] "GET http://proxyjudge.us/ HTTP/1.1" 200 612 "-" "Mozilla/5.0 (compatible; MSIE 6.0; Windows NT 5.1; Trident/5.0)"
23.251.51.125 - - [05/Aug/2016:17:39:43 +0800] "CONNECT www.baidu.com:443 HTTP/1.0" 400 179 "-" "-"
220.132.81.117 - - [05/Aug/2016:17:45:21 +0800] "CONNECT mx-tw.mail.gm0.yahoodns.net:25 HTTP/1.0" 400 179 "-" "-"
123.57.27.63 - - [05/Aug/2016:18:20:11 +0800] "GET /phpmyadmin HTTP/1.1" 404 577 "http://119.29.33.243/phpmyadmin" "Mozilla/4.0 (compatible; MSIE 9.0; Windows NT 6.1)"
220.132.81.117 - - [05/Aug/2016:18:27:43 +0800] "CONNECT mx-tw.mail.gm0.yahoodns.net:25 HTTP/1.0" 400 179 "-" "-"
220.132.81.117 - - [05/Aug/2016:18:49:10 +0800] "CONNECT mx-tw.mail.gm0.yahoodns.net:25 HTTP/1.0" 400 179 "-" "-"
220.132.81.117 - - [05/Aug/2016:18:49:42 +0800] "CONNECT mx-tw.mail.gm0.yahoodns.net:25 HTTP/1.0" 400 179 "-" "-"
101.226.33.216 - - [05/Aug/2016:18:55:44 +0800] "GET //phpmyadmin/scripts/setup.php HTTP/1.1" 404 577 "-" "Mozilla/5.0 (Windows NT 5.1) AppleWebKit/537.36 (KHTML, like Gecko) Chrome/45.0.2454.101 Safari/537.36"
101.226.33.225 - - [05/Aug/2016:18:55:44 +0800] "GET //phpmyadmin/scripts/setup.php HTTP/1.1" 404 577 "-" "Mozilla/5.0 (Windows NT 5.1) AppleWebKit/537.36 (KHTML, like Gecko) Chrome/45.0.2454.101 Safari/537.36"
101.226.65.104 - - [05/Aug/2016:18:55:44 +0800] "GET //phpmyadmin/scripts/setup.php HTTP/1.1" 404 577 "-" "Mozilla/5.0 (Windows NT 5.1) AppleWebKit/537.36 (KHTML, like Gecko) Chrome/45.0.2454.101 Safari/537.36"
61.151.218.119 - - [05/Aug/2016:18:55:44 +0800] "GET //phpmyadmin/scripts/setup.php HTTP/1.1" 404 577 "-" "Mozilla/5.0 (Windows NT 5.1) AppleWebKit/537.36 (KHTML, like Gecko) Chrome/45.0.2454.101 Safari/537.36"
180.153.214.188 - - [05/Aug/2016:19:06:50 +0800] "GET //phpmyadmin/scripts/setup.php HTTP/1.1" 404 175 "-" "Mozilla/5.0 (Linux; U; Android 4.4.2; zh-cn; GT-I9500 Build/KOT49H) AppleWebKit/537.36 (KHTML, like Gecko)Version/4.0 MQQBrowser/5.0 QQ-URL-Manager Mobile Safari/537.36"
220.132.81.117 - - [05/Aug/2016:19:11:53 +0800] "CONNECT mx-tw.mail.gm0.yahoodns.net:25 HTTP/1.0" 400 179 "-" "-"
220.132.81.117 - - [05/Aug/2016:19:12:25 +0800] "CONNECT mx-tw.mail.gm0.yahoodns.net:25 HTTP/1.0" 400 179 "-" "-"
23.251.51.125 - - [05/Aug/2016:19:28:11 +0800] "GET http://www.proxy-listen.de/azenv.php HTTP/1.1" 404 577 "-" "Mozilla/5.0 (compatible; MSIE 6.0; Windows NT 5.1; Trident/5.0)"
185.35.63.56 - - [05/Aug/2016:19:44:28 +0800] "GET /stalker_portal/c/ HTTP/1.1" 404 175 "-" "fs"
220.132.81.117 - - [05/Aug/2016:19:55:36 +0800] "CONNECT mx-tw.mail.gm0.yahoodns.net:25 HTTP/1.0" 400 179 "-" "-"
220.132.81.117 - - [05/Aug/2016:20:17:24 +0800] "CONNECT mx-tw.mail.gm0.yahoodns.net:25 HTTP/1.0" 400 179 "-" "-"
220.132.81.117 - - [05/Aug/2016:20:17:58 +0800] "CONNECT mx-tw.mail.gm0.yahoodns.net:25 HTTP/1.0" 400 179 "-" "-"
182.254.154.72 - - [05/Aug/2016:20:28:49 +0800] "GET http://115.159.79.85/check_proxy.php HTTP/1.1" 404 175 "-" "Java/1.8.0_51"
23.251.51.125 - - [05/Aug/2016:20:32:18 +0800] "CONNECT www.baidu.com:443 HTTP/1.0" 400 179 "-" "-"
23.251.51.125 - - [05/Aug/2016:20:32:21 +0800] "GET http://proxyjudge.us/ HTTP/1.1" 200 612 "-" "Mozilla/5.0 (compatible; MSIE 6.0; Windows NT 5.1; Trident/5.0)"
169.229.3.91 - - [05/Aug/2016:20:36:04 +0800] "\xEE\xB7L\xA2i\xAD#" 400 179 "-" "-"
220.132.81.117 - - [05/Aug/2016:20:39:16 +0800] "CONNECT mx-tw.mail.gm0.yahoodns.net:25 HTTP/1.0" 400 179 "-" "-"
220.132.81.117 - - [05/Aug/2016:21:02:18 +0800] "CONNECT mx-tw.mail.gm0.yahoodns.net:25 HTTP/1.0" 400 179 "-" "-"
95.213.187.186 - - [05/Aug/2016:21:17:36 +0800] "CONNECT check.best-proxies.ru:80 HTTP/1.1" 400 179 "-" "-"
220.132.81.117 - - [05/Aug/2016:21:46:59 +0800] "CONNECT mx-tw.mail.gm0.yahoodns.net:25 HTTP/1.0" 400 179 "-" "-"
220.132.81.117 - - [05/Aug/2016:22:09:48 +0800] "CONNECT mx-tw.mail.gm0.yahoodns.net:25 HTTP/1.0" 400 179 "-" "-"
23.251.51.125 - - [05/Aug/2016:22:22:31 +0800] "GET http://domkrim.com/av.php HTTP/1.1" 404 577 "-" "Mozilla/5.0 (compatible; MSIE 6.0; Windows NT 5.1; Trident/5.0)"
23.251.51.125 - - [05/Aug/2016:22:22:35 +0800] "CONNECT www.baidu.com:443 HTTP/1.0" 400 179 "-" "-"
23.251.51.125 - - [05/Aug/2016:22:23:00 +0800] "GET http://www.luisaranguren.com/azenv.php HTTP/1.1" 404 577 "-" "Mozilla/5.0 (compatible; MSIE 6.0; Windows NT 5.1; Trident/5.0)"
23.251.51.125 - - [05/Aug/2016:22:23:00 +0800] "CONNECT www.alipay.com:443 HTTP/1.0" 400 179 "-" "-"
115.56.102.81 - - [05/Aug/2016:22:23:15 +0800] "GET / HTTP/1.1" 200 612 "http://119.29.33.243" "Mozilla/4.0 (compatible; MSIE 9.0; Windows NT 6.1)"
220.132.81.117 - - [05/Aug/2016:22:30:43 +0800] "CONNECT mx-tw.mail.gm0.yahoodns.net:25 HTTP/1.0" 400 179 "-" "-"
163.172.173.62 - - [05/Aug/2016:22:30:52 +0800] "GET http://www.baidu.com/cache/global/img/gs.gif HTTP/1.1" 404 175 "-" "Mozilla"
220.132.81.117 - - [05/Aug/2016:22:31:04 +0800] "CONNECT mx-tw.mail.gm0.yahoodns.net:25 HTTP/1.0" 400 179 "-" "-"
220.132.81.117 - - [05/Aug/2016:22:52:38 +0800] "CONNECT mx-tw.mail.gm0.yahoodns.net:25 HTTP/1.0" 400 179 "-" "-"
220.132.81.117 - - [05/Aug/2016:22:53:13 +0800] "CONNECT mx-tw.mail.gm0.yahoodns.net:25 HTTP/1.0" 400 179 "-" "-"
101.204.31.245 - - [05/Aug/2016:23:17:37 +0800] "GET /startup.php HTTP/1.1" 404 175 "-" "-"
101.201.53.64 - - [05/Aug/2016:23:28:18 +0800] "GET /manager/html HTTP/1.1" 404 577 "-" "Mozilla/5.0 (compatible; MSIE 10.0; Windows NT 6.2; WOW64; Trident/6.0)"
23.251.51.125 - - [05/Aug/2016:23:43:06 +0800] "GET http://proxyjudge.us/ HTTP/1.1" 200 612 "-" "Mozilla/5.0 (compatible; MSIE 6.0; Windows NT 5.1; Trident/5.0)"
23.251.51.125 - - [05/Aug/2016:23:43:06 +0800] "CONNECT www.alipay.com:443 HTTP/1.0" 400 179 "-" "-"
220.132.81.117 - - [05/Aug/2016:23:57:58 +0800] "CONNECT mx-tw.mail.gm0.yahoodns.net:25 HTTP/1.0" 400 179 "-" "-"
220.132.81.117 - - [06/Aug/2016:00:41:01 +0800] "CONNECT mx-tw.mail.gm0.yahoodns.net:25 HTTP/1.0" 400 179 "-" "-"
220.132.81.117 - - [06/Aug/2016:00:41:21 +0800] "CONNECT mx-tw.mail.gm0.yahoodns.net:25 HTTP/1.0" 400 179 "-" "-"
23.251.51.125 - - [06/Aug/2016:01:22:23 +0800] "GET http://www.proxyjudge.info/azenv.php HTTP/1.1" 404 577 "-" "Mozilla/5.0 (compatible; MSIE 6.0; Windows NT 5.1; Trident/5.0)"
23.251.51.125 - - [06/Aug/2016:01:22:24 +0800] "CONNECT www.alipay.com:443 HTTP/1.0" 400 179 "-" "-"
220.132.81.117 - - [06/Aug/2016:01:25:40 +0800] "CONNECT mx-tw.mail.gm0.yahoodns.net:25 HTTP/1.0" 400 179 "-" "-"
220.132.81.117 - - [06/Aug/2016:01:26:10 +0800] "CONNECT mx-tw.mail.gm0.yahoodns.net:25 HTTP/1.0" 400 179 "-" "-"
115.58.106.39 - - [06/Aug/2016:01:31:02 +0800] "GET /phpmyadmin HTTP/1.1" 404 577 "http://119.29.33.243/phpmyadmin" "Mozilla/4.0 (compatible; MSIE 9.0; Windows NT 6.1)"
218.75.70.3 - - [06/Aug/2016:01:32:59 +0800] "GET / HTTP/1.1" 200 612 "-" "-"
23.251.51.125 - - [06/Aug/2016:01:33:21 +0800] "GET http://www.luisaranguren.com/azenv.php HTTP/1.1" 404 577 "-" "Mozilla/5.0 (compatible; MSIE 6.0; Windows NT 5.1; Trident/5.0)"
23.251.51.125 - - [06/Aug/2016:01:33:22 +0800] "CONNECT www.alipay.com:443 HTTP/1.0" 400 179 "-" "-"
101.226.64.174 - - [06/Aug/2016:01:44:21 +0800] "GET /phpmyadmin HTTP/1.1" 404 175 "-" "Mozilla/5.0 (iPhone; U; CPU iPhone OS 4_0 like Mac OS X; en-us) AppleWebKit/532.9 (KHTML, like Gecko) Version/4.0.5 Mobile/8A293 Safari/6531.22.7"
220.132.81.117 - - [06/Aug/2016:01:47:28 +0800] "CONNECT mx-tw.mail.gm0.yahoodns.net:25 HTTP/1.0" 400 179 "-" "-"
220.132.81.117 - - [06/Aug/2016:01:48:05 +0800] "CONNECT mx-tw.mail.gm0.yahoodns.net:25 HTTP/1.0" 400 179 "-" "-"
220.132.81.117 - - [06/Aug/2016:02:08:56 +0800] "CONNECT mx-tw.mail.gm0.yahoodns.net:25 HTTP/1.0" 400 179 "-" "-"
220.132.81.117 - - [06/Aug/2016:02:09:33 +0800] "CONNECT mx-tw.mail.gm0.yahoodns.net:25 HTTP/1.0" 400 179 "-" "-"
95.213.187.186 - - [06/Aug/2016:02:11:22 +0800] "CONNECT check.best-proxies.ru:80 HTTP/1.1" 400 179 "-" "-"
220.132.81.117 - - [06/Aug/2016:02:31:29 +0800] "CONNECT mx-tw.mail.gm0.yahoodns.net:25 HTTP/1.0" 400 179 "-" "-"
23.251.51.125 - - [06/Aug/2016:02:59:15 +0800] "GET http://www.proxyjudge.info/azenv.php HTTP/1.1" 404 577 "-" "Mozilla/5.0 (compatible; MSIE 6.0; Windows NT 5.1; Trident/5.0)"
23.251.51.125 - - [06/Aug/2016:02:59:15 +0800] "CONNECT www.baidu.com:443 HTTP/1.0" 400 179 "-" "-"
220.132.81.117 - - [06/Aug/2016:03:13:56 +0800] "CONNECT mx-tw.mail.gm0.yahoodns.net:25 HTTP/1.0" 400 179 "-" "-"
123.151.42.61 - - [06/Aug/2016:03:25:10 +0800] "GET http://www.baidu.com/ HTTP/1.1" 200 612 "-" "-"
220.132.81.117 - - [06/Aug/2016:03:35:12 +0800] "CONNECT mx-tw.mail.gm0.yahoodns.net:25 HTTP/1.0" 400 179 "-" "-"
220.132.81.117 - - [06/Aug/2016:03:35:56 +0800] "CONNECT mx-tw.mail.gm0.yahoodns.net:25 HTTP/1.0" 400 179 "-" "-"
220.132.81.117 - - [06/Aug/2016:04:18:14 +0800] "CONNECT mx-tw.mail.gm0.yahoodns.net:25 HTTP/1.0" 400 179 "-" "-"
220.132.81.117 - - [06/Aug/2016:04:19:20 +0800] "CONNECT mx-tw.mail.gm0.yahoodns.net:25 HTTP/1.0" 400 179 "-" "-"
185.25.151.159 - - [06/Aug/2016:04:25:19 +0800] "GET http://testp1.piwo.pila.pl/testproxy.php HTTP/1.1" 404 175 "-" "Mozilla/5.0 (Windows NT 5.1; rv:32.0) Gecko/20100101 Firefox/31.0"
23.251.51.125 - - [06/Aug/2016:04:37:20 +0800] "GET http://www.proxy-listen.de/azenv.php HTTP/1.1" 404 577 "-" "Mozilla/5.0 (compatible; MSIE 6.0; Windows NT 5.1; Trident/5.0)"
23.251.51.125 - - [06/Aug/2016:04:37:21 +0800] "CONNECT www.baidu.com:443 HTTP/1.0" 400 179 "-" "-"
220.132.81.117 - - [06/Aug/2016:04:39:55 +0800] "CONNECT mx-tw.mail.gm0.yahoodns.net:25 HTTP/1.0" 400 179 "-" "-"
220.132.81.117 - - [06/Aug/2016:04:40:32 +0800] "CONNECT mx-tw.mail.gm0.yahoodns.net:25 HTTP/1.0" 400 179 "-" "-"
220.132.81.117 - - [06/Aug/2016:04:41:02 +0800] "CONNECT mx-tw.mail.gm0.yahoodns.net:25 HTTP/1.0" 400 179 "-" "-"
80.82.78.38 - - [06/Aug/2016:04:55:05 +0800] "GET http://www.baidu.com/cache/global/img/gs.gif HTTP/1.1" 404 175 "-" "Mozilla"
220.132.81.117 - - [06/Aug/2016:05:01:32 +0800] "CONNECT mx-tw.mail.gm0.yahoodns.net:25 HTTP/1.0" 400 179 "-" "-"
101.200.75.138 - - [06/Aug/2016:05:18:09 +0800] "GET http://www.izhongsai.com/ HTTP/1.1" 200 612 "-" "Mozilla/5.0 (compatible; MSIE 9.0; AOL 9.0; Windows NT 6.0; Trident/5.0)"
220.132.81.117 - - [06/Aug/2016:05:22:48 +0800] "CONNECT mx-tw.mail.gm0.yahoodns.net:25 HTTP/1.0" 400 179 "-" "-"
220.132.81.117 - - [06/Aug/2016:05:23:26 +0800] "CONNECT mx-tw.mail.gm0.yahoodns.net:25 HTTP/1.0" 400 179 "-" "-"
220.132.81.117 - - [06/Aug/2016:05:44:49 +0800] "CONNECT mx-tw.mail.gm0.yahoodns.net:25 HTTP/1.0" 400 179 "-" "-"
220.132.81.117 - - [06/Aug/2016:06:06:11 +0800] "CONNECT mx-tw.mail.gm0.yahoodns.net:25 HTTP/1.0" 400 179 "-" "-"
220.132.81.117 - - [06/Aug/2016:06:06:38 +0800] "CONNECT mx-tw.mail.gm0.yahoodns.net:25 HTTP/1.0" 400 179 "-" "-"
23.251.51.125 - - [06/Aug/2016:06:10:36 +0800] "GET http://www.luisaranguren.com/azenv.php HTTP/1.1" 404 577 "-" "Mozilla/5.0 (compatible; MSIE 6.0; Windows NT 5.1; Trident/5.0)"
23.251.51.125 - - [06/Aug/2016:06:10:37 +0800] "CONNECT www.baidu.com:443 HTTP/1.0" 400 179 "-" "-"
220.132.81.117 - - [06/Aug/2016:06:27:36 +0800] "CONNECT mx-tw.mail.gm0.yahoodns.net:25 HTTP/1.0" 400 179 "-" "-"
220.132.81.117 - - [06/Aug/2016:06:27:58 +0800] "CONNECT mx-tw.mail.gm0.yahoodns.net:25 HTTP/1.0" 400 179 "-" "-"
220.132.81.117 - - [06/Aug/2016:06:28:28 +0800] "CONNECT mx-tw.mail.gm0.yahoodns.net:25 HTTP/1.0" 400 179 "-" "-"
5.178.86.76 - - [06/Aug/2016:06:55:32 +0800] "CONNECT check.best-proxies.ru:80 HTTP/1.1" 400 179 "-" "-"
220.132.81.117 - - [06/Aug/2016:07:10:29 +0800] "CONNECT mx-tw.mail.gm0.yahoodns.net:25 HTTP/1.0" 400 179 "-" "-"
23.251.51.125 - - [06/Aug/2016:07:21:28 +0800] "GET http://www.proxyjudge.info/azenv.php HTTP/1.1" 404 577 "-" "Mozilla/5.0 (compatible; MSIE 6.0; Windows NT 5.1; Trident/5.0)"
23.251.51.125 - - [06/Aug/2016:07:21:29 +0800] "CONNECT www.alipay.com:443 HTTP/1.0" 400 179 "-" "-"
220.132.81.117 - - [06/Aug/2016:07:32:15 +0800] "CONNECT mx-tw.mail.gm0.yahoodns.net:25 HTTP/1.0" 400 179 "-" "-"
220.132.81.117 - - [06/Aug/2016:07:54:16 +0800] "CONNECT mx-tw.mail.gm0.yahoodns.net:25 HTTP/1.0" 400 179 "-" "-"
220.132.81.117 - - [06/Aug/2016:08:15:13 +0800] "CONNECT mx-tw.mail.gm0.yahoodns.net:25 HTTP/1.0" 400 179 "-" "-"
220.132.81.117 - - [06/Aug/2016:08:15:58 +0800] "CONNECT mx-tw.mail.gm0.yahoodns.net:25 HTTP/1.0" 400 179 "-" "-"
220.132.81.117 - - [06/Aug/2016:08:37:05 +0800] "CONNECT mx-tw.mail.gm0.yahoodns.net:25 HTTP/1.0" 400 179 "-" "-"
220.132.81.117 - - [06/Aug/2016:08:37:36 +0800] "CONNECT mx-tw.mail.gm0.yahoodns.net:25 HTTP/1.0" 400 179 "-" "-"
220.132.81.117 - - [06/Aug/2016:08:58:44 +0800] "CONNECT mx-tw.mail.gm0.yahoodns.net:25 HTTP/1.0" 400 179 "-" "-"
23.251.51.125 - - [06/Aug/2016:09:00:05 +0800] "GET http://proxyjudge.us/ HTTP/1.1" 200 612 "-" "Mozilla/5.0 (compatible; MSIE 6.0; Windows NT 5.1; Trident/5.0)"
23.251.51.125 - - [06/Aug/2016:09:00:06 +0800] "CONNECT www.baidu.com:443 HTTP/1.0" 400 179 "-" "-"
182.254.154.72 - - [06/Aug/2016:09:19:58 +0800] "GET http://115.159.79.85/check_proxy.php HTTP/1.1" 404 175 "-" "Java/1.8.0_51"
101.226.65.105 - - [06/Aug/2016:09:37:51 +0800] "GET /manager/html HTTP/1.1" 404 577 "-" "Mozilla/5.0 (Windows NT 5.1) AppleWebKit/537.36 (KHTML, like Gecko) Chrome/45.0.2454.101 Safari/537.36"
220.132.81.117 - - [06/Aug/2016:09:41:33 +0800] "CONNECT mx-tw.mail.gm0.yahoodns.net:25 HTTP/1.0" 400 179 "-" "-"
220.132.81.117 - - [06/Aug/2016:09:41:49 +0800] "CONNECT mx-tw.mail.gm0.yahoodns.net:25 HTTP/1.0" 400 179 "-" "-"
180.153.206.21 - - [06/Aug/2016:09:45:03 +0800] "GET /startup.php HTTP/1.1" 404 577 "-" "Mozilla/5.0 (Windows NT 5.1) AppleWebKit/537.36 (KHTML, like Gecko) Chrome/45.0.2454.101 Safari/537.36"
123.56.233.113 - - [06/Aug/2016:09:55:42 +0800] "GET / HTTP/1.1" 200 612 "-" "-"
111.248.119.169 - - [06/Aug/2016:10:01:24 +0800] "CONNECT 163mx00.mxmail.netease.com:25 HTTP/1.0" 400 179 "-" "-"
220.132.81.117 - - [06/Aug/2016:10:03:09 +0800] "CONNECT mx-tw.mail.gm0.yahoodns.net:25 HTTP/1.0" 400 179 "-" "-"
220.132.81.117 - - [06/Aug/2016:10:03:43 +0800] "CONNECT mx-tw.mail.gm0.yahoodns.net:25 HTTP/1.0" 400 179 "-" "-"
113.105.95.188 - - [06/Aug/2016:10:19:09 +0800] "GET / HTTP/1.0" 200 612 "-" "-"
113.105.95.188 - - [06/Aug/2016:10:19:09 +0800] "OPTIONS / HTTP/1.0" 405 179 "-" "-"
113.105.95.188 - - [06/Aug/2016:10:19:09 +0800] "OPTIONS / RTSP/1.0" 400 179 "-" "-"
113.105.95.188 - - [06/Aug/2016:10:19:09 +0800] "l\x00\x0B\x00\x00\x00\x00\x00\x00\x00\x00\x00" 400 179 "-" "-"
113.105.95.188 - - [06/Aug/2016:10:19:09 +0800] "GET /nice%20ports%2C/Tri%6Eity.txt%2ebak HTTP/1.0" 404 175 "-" "-"
113.105.95.188 - - [06/Aug/2016:10:19:09 +0800] "A\x00\x00\x00:0\x00\x00\xFF\xFF\xFF\xFF\xD4\x07\x00\x00\x00\x00\x00\x00test.$cmd\x00\x00\x00\x00\x00\xFF\xFF\xFF\xFF\x1B\x00\x00\x00\x01serverStatus\x00\x00\x00\x00\x00\x00\x00\xF0?\x00" 400 179 "-" "-"
113.105.95.188 - - [06/Aug/2016:10:19:14 +0800] "" 400 0 "-" "-"
113.105.95.188 - - [06/Aug/2016:10:19:14 +0800] "\x16\x03\x00\x00S\x01\x00\x00O\x03\x00?G\xD7\xF7\xBA,\xEE\xEA\xB2`~\xF3\x00\xFD\x82{\xB9\xD5\x96\xC8w\x9B\xE6\xC4\xDB<=\xDBo\xEF\x10n\x00\x00(\x00\x16\x00\x13\x00" 400 179 "-" "-"
113.105.95.188 - - [06/Aug/2016:10:19:15 +0800] "\x80\x00\x00(\x092E\x15\x00\x00\x00\x00\x00\x00\x00\x02\x00\x01\x86\xA0\x00\x00\x00\x02\x00\x00\x00\x00\x00\x00\x00\x00\x00\x00\x00\x00\x00\x00\x00\x00\x00\x00\x00\x00" 400 179 "-" "-"
220.132.81.117 - - [06/Aug/2016:10:25:04 +0800] "CONNECT mx-tw.mail.gm0.yahoodns.net:25 HTTP/1.0" 400 179 "-" "-"
23.251.51.125 - - [06/Aug/2016:10:44:35 +0800] "GET http://www.sbjudge1.com/azenv.php HTTP/1.1" 404 577 "-" "Mozilla/5.0 (compatible; MSIE 6.0; Windows NT 5.1; Trident/5.0)"
23.251.51.125 - - [06/Aug/2016:10:44:35 +0800] "CONNECT www.baidu.com:443 HTTP/1.0" 400 179 "-" "-"
220.132.81.117 - - [06/Aug/2016:11:07:42 +0800] "CONNECT mx-tw.mail.gm0.yahoodns.net:25 HTTP/1.0" 400 179 "-" "-"
220.132.81.117 - - [06/Aug/2016:11:08:22 +0800] "CONNECT mx-tw.mail.gm0.yahoodns.net:25 HTTP/1.0" 400 179 "-" "-"
5.178.86.76 - - [06/Aug/2016:11:24:32 +0800] "CONNECT check.best-proxies.ru:80 HTTP/1.1" 400 179 "-" "-"
220.132.81.117 - - [06/Aug/2016:11:29:20 +0800] "CONNECT mx-tw.mail.gm0.yahoodns.net:25 HTTP/1.0" 400 179 "-" "-"
220.132.81.117 - - [06/Aug/2016:11:50:28 +0800] "CONNECT mx-tw.mail.gm0.yahoodns.net:25 HTTP/1.0" 400 179 "-" "-"
220.132.81.117 - - [06/Aug/2016:11:51:25 +0800] "CONNECT mx-tw.mail.gm0.yahoodns.net:25 HTTP/1.0" 400 179 "-" "-"
220.132.81.117 - - [06/Aug/2016:11:51:47 +0800] "CONNECT mx-tw.mail.gm0.yahoodns.net:25 HTTP/1.0" 400 179 "-" "-"
60.173.61.17 - - [06/Aug/2016:12:10:45 +0800] "GET /manager/html HTTP/1.1" 404 577 "-" "Mozilla/5.0 (compatible; MSIE 10.0; Windows NT 6.2; WOW64; Trident/6.0)"
60.173.61.17 - - [06/Aug/2016:12:40:28 +0800] "GET /manager/html HTTP/1.1" 404 577 "-" "Mozilla/5.0 (compatible; MSIE 10.0; Windows NT 6.2; WOW64; Trident/6.0)"
23.251.51.125 - - [06/Aug/2016:12:47:23 +0800] "GET http://proxyjudge.us/ HTTP/1.1" 200 612 "-" "Mozilla/5.0 (compatible; MSIE 6.0; Windows NT 5.1; Trident/5.0)"
23.251.51.125 - - [06/Aug/2016:12:47:24 +0800] "CONNECT www.baidu.com:443 HTTP/1.0" 400 179 "-" "-"
220.132.81.117 - - [06/Aug/2016:13:18:10 +0800] "CONNECT mx-tw.mail.gm0.yahoodns.net:25 HTTP/1.0" 400 179 "-" "-"
127.0.0.1 - - [10/Aug/2016:11:39:37 +0800] "GET /test HTTP/1.1" 200 12 "-" "curl/7.29.0"
127.0.0.1 - - [10/Aug/2016:11:39:39 +0800] "GET /t/test_01 HTTP/1.1" 200 264 "-" "curl/7.29.0"
5.178.86.75 - - [10/Aug/2016:12:18:30 +0800] "CONNECT check.best-proxies.ru:80 HTTP/1.1" 400 179 "-" "-"
182.140.168.15 - - [10/Aug/2016:12:27:08 +0800] "GET / HTTP/1.1" 200 37 "-" "python-requests/2.9.1"
23.251.51.125 - - [10/Aug/2016:12:28:15 +0800] "GET http://www.proxy-listen.de/azenv.php HTTP/1.1" 200 37 "-" "Mozilla/5.0 (compatible; MSIE 6.0; Windows NT 5.1; Trident/5.0)"
23.251.51.125 - - [10/Aug/2016:13:50:16 +0800] "GET http://www.sbjudge3.com/azenv.php HTTP/1.1" 200 37 "-" "Mozilla/5.0 (compatible; MSIE 6.0; Windows NT 5.1; Trident/5.0)"
23.251.51.125 - - [10/Aug/2016:13:50:16 +0800] "CONNECT www.alipay.com:443 HTTP/1.0" 400 179 "-" "-"
23.251.51.125 - - [10/Aug/2016:13:50:38 +0800] "GET http://fr.cyberpods.net/ HTTP/1.1" 200 37 "-" "Mozilla/5.0 (compatible; MSIE 6.0; Windows NT 5.1; Trident/5.0)"
23.251.51.125 - - [10/Aug/2016:13:50:38 +0800] "CONNECT www.baidu.com:443 HTTP/1.0" 400 179 "-" "-"
183.62.126.23 - - [10/Aug/2016:14:35:10 +0800] "GET / HTTP/1.0" 200 22 "-" "-"
183.62.126.23 - - [10/Aug/2016:14:35:10 +0800] "OPTIONS / HTTP/1.0" 200 22 "-" "-"
183.62.126.23 - - [10/Aug/2016:14:35:10 +0800] "OPTIONS / RTSP/1.0" 400 179 "-" "-"
183.62.126.23 - - [10/Aug/2016:14:35:10 +0800] "l\x00\x0B\x00\x00\x00\x00\x00\x00\x00\x00\x00" 400 179 "-" "-"
183.62.126.23 - - [10/Aug/2016:14:35:10 +0800] "GET /nice%20ports%2C/Tri%6Eity.txt%2ebak HTTP/1.0" 200 22 "-" "-"
183.62.126.23 - - [10/Aug/2016:14:35:10 +0800] "A\x00\x00\x00:0\x00\x00\xFF\xFF\xFF\xFF\xD4\x07\x00\x00\x00\x00\x00\x00test.$cmd\x00\x00\x00\x00\x00\xFF\xFF\xFF\xFF\x1B\x00\x00\x00\x01serverStatus\x00\x00\x00\x00\x00\x00\x00\xF0?\x00" 400 179 "-" "-"
183.62.126.23 - - [10/Aug/2016:14:35:15 +0800] "" 400 0 "-" "-"
183.62.126.23 - - [10/Aug/2016:14:35:15 +0800] "\x16\x03\x00\x00S\x01\x00\x00O\x03\x00?G\xD7\xF7\xBA,\xEE\xEA\xB2`~\xF3\x00\xFD\x82{\xB9\xD5\x96\xC8w\x9B\xE6\xC4\xDB<=\xDBo\xEF\x10n\x00\x00(\x00\x16\x00\x13\x00" 400 179 "-" "-"
183.62.126.23 - - [10/Aug/2016:14:35:15 +0800] "\x80\x00\x00(1\xDA\x85\xD9\x00\x00\x00\x00\x00\x00\x00\x02\x00\x01\x86\xA0\x00\x00\x00\x02\x00\x00\x00\x00\x00\x00\x00\x00\x00\x00\x00\x00\x00\x00\x00\x00\x00\x00\x00\x00" 400 179 "-" "-"
155.94.254.143 - - [10/Aug/2016:15:12:18 +0800] "GET /server-status HTTP/1.1" 200 37 "-" "Mozilla/5.0 Project 25499 (project25499.com)"
183.62.48.38 - - [10/Aug/2016:15:30:36 +0800] "GET / HTTP/1.1" 200 37 "-" "Mozilla/5.0 (Windows NT 6.1; Win64; x64) AppleWebKit/537.36 (KHTML, like Gecko) Chrome/46.0.2490.86 Safari/537.36"
169.229.3.91 - - [10/Aug/2016:16:50:19 +0800] "\x90\xF9\xFBWo\x06\x04\xA8\xF3\xF7\xAF \xA1\x1A\xD7\xF0\xF7\x109" 400 179 "-" "-"
5.178.86.76 - - [10/Aug/2016:16:57:36 +0800] "CONNECT check.best-proxies.ru:80 HTTP/1.1" 400 179 "-" "-"
23.251.51.125 - - [10/Aug/2016:17:19:18 +0800] "GET http://www.proxy-listen.de/azenv.php HTTP/1.1" 200 37 "-" "Mozilla/5.0 (compatible; MSIE 6.0; Windows NT 5.1; Trident/5.0)"
23.251.51.125 - - [10/Aug/2016:17:19:18 +0800] "CONNECT www.baidu.com:443 HTTP/1.0" 400 179 "-" "-"
182.254.154.72 - - [10/Aug/2016:17:43:09 +0800] "GET http://115.159.79.85/check_proxy.php HTTP/1.1" 200 37 "-" "Java/1.8.0_51"
58.238.143.25 - - [10/Aug/2016:18:00:22 +0800] "HEAD / HTTP/1.1" 200 0 "-" "-"
58.238.143.25 - - [10/Aug/2016:18:00:23 +0800] "GET / HTTP/1.1" 200 37 "-" "-"
23.251.51.125 - - [10/Aug/2016:18:45:04 +0800] "GET http://www.proxy-listen.de/azenv.php HTTP/1.1" 200 37 "-" "Mozilla/5.0 (compatible; MSIE 6.0; Windows NT 5.1; Trident/5.0)"
172.82.166.210 - - [10/Aug/2016:19:07:12 +0800] "GET http://www.baidu.com/cache/global/img/gs.gif HTTP/1.1" 200 37 "-" "Mozilla"
211.151.3.208 - - [10/Aug/2016:19:30:03 +0800] "CONNECT 115.159.231.141:80 HTTP/1.0" 400 179 "-" "-"
91.196.50.33 - - [10/Aug/2016:19:31:44 +0800] "GET http://testp1.piwo.pila.pl/testproxy.php HTTP/1.1" 200 12 "-" "Mozilla/5.0 (Windows NT 5.1; rv:32.0) Gecko/20100101 Firefox/31.0"
80.82.78.38 - - [10/Aug/2016:19:33:47 +0800] "GET http://www.baidu.com/cache/global/img/gs.gif HTTP/1.1" 200 37 "-" "Mozilla"
121.199.70.200 - - [10/Aug/2016:19:36:10 +0800] "GET / HTTP/1.1" 200 37 "-" "-"
122.224.121.146 - - [10/Aug/2016:20:32:41 +0800] "HEAD http://www.so.com/ HTTP/1.1" 200 0 "-" "Java/1.8.0_77"
23.251.51.125 - - [10/Aug/2016:20:56:56 +0800] "GET http://www.sbjudge2.com/azenv.php HTTP/1.1" 200 37 "-" "Mozilla/5.0 (compatible; MSIE 6.0; Windows NT 5.1; Trident/5.0)"
23.251.51.125 - - [10/Aug/2016:20:57:01 +0800] "CONNECT www.baidu.com:443 HTTP/1.0" 400 179 "-" "-"
23.251.51.125 - - [10/Aug/2016:20:57:23 +0800] "GET http://www.sbjudge2.com/azenv.php HTTP/1.1" 200 37 "-" "Mozilla/5.0 (compatible; MSIE 6.0; Windows NT 5.1; Trident/5.0)"
23.251.51.125 - - [10/Aug/2016:20:57:23 +0800] "CONNECT www.baidu.com:443 HTTP/1.0" 400 179 "-" "-"
123.151.43.65 - - [10/Aug/2016:21:24:08 +0800] "\x16\x03\x01\x00\xAC\x01\x00\x00\xA8\x03\x01W\xAB*\xF8D?>_\x80V,\xFF\x22U\xB9\x92\xBF\x9E\xE8\x93\x0F\xB9\x15\xB9\xE2\xB56\xF1\xF6\x19" 400 179 "-" "-"
123.151.43.65 - - [10/Aug/2016:21:24:09 +0800] "\x16\x03\x01\x00\xAC\x01\x00\x00\xA8\x03\x01W\xAB*\xF8\xC4" 400 179 "-" "-"
5.178.86.74 - - [10/Aug/2016:21:27:24 +0800] "CONNECT check.best-proxies.ru:80 HTTP/1.1" 400 179 "-" "-"
202.104.208.247 - - [10/Aug/2016:23:21:30 +0800] "GET /phpmyadmin HTTP/1.1" 200 37 "http://119.29.33.243/phpmyadmin" "Mozilla/4.0 (compatible; MSIE 9.0; Windows NT 6.1)"
61.49.45.41 - - [10/Aug/2016:23:24:17 +0800] "GET / HTTP/1.0" 200 22 "-" "-"
61.49.45.41 - - [10/Aug/2016:23:26:18 +0800] "GET / HTTP/1.1" 200 37 "-" "WhatWeb/0.4.8-dev"
123.151.43.65 - - [11/Aug/2016:00:00:44 +0800] "GET / HTTP/1.1" 200 37 "-" "Scrapy/1.0.4 (+http://scrapy.org)"
106.75.29.120 - - [11/Aug/2016:00:12:26 +0800] "CONNECT 106.75.29.120:44444 HTTP/1.1" 400 179 "-" "-"
91.196.50.33 - - [11/Aug/2016:01:16:56 +0800] "GET http://testp4.pospr.waw.pl/testproxy.php HTTP/1.1" 200 12 "-" "Mozilla/5.0 (Windows NT 5.1; rv:32.0) Gecko/20100101 Firefox/31.0"
61.216.2.15 - - [11/Aug/2016:01:27:42 +0800] "\x01\x01\x01\x01\x01\x01\x01\x01\x01\x01\x01\x01\x01\x01\x01\x01\x01\x01\x01\x01\x01\x01\x01\x01\x01\x01\x01\x01\x01\x01\x01\x01\x01\x01\x01\x01\x01\x01\x01\x01\x01\x01\x01\x01\x01\x01\x01\x01\x01\x01\x01\x01\x01\x01\x01\x01\x01\x01\x01\x01\x01\x01\x01\x01\x01\x01\x01\x01\x01\x01\x01\x01\x01\x01\x01\x01\x01\x01\x01\x01\x01\x01\x01\x01\x01\x01\x01\x01\x01\x01\x01\x01\x01\x01\x01\x01\x01\x01\x01\x01\x01\x01\x01\x01\x01\x01\x01\x01\x01\x01\x01\x01\x01\x01\x01\x01\x01\x01\x01\x01\x01\x01\x01\x01\x01\x01\x01\x01\x01\x01\x01\x01\x01\x01\x01\x01\x01\x01\x01\x01\x01\x01\x01\x01\x01\x01\x01\x01\x01\x01\x01\x01\x01\x01\x01\x01\x01\x01\x01\x01\x01\x01\x01\x01\x01\x01\x01\x01\x01\x01\x01\x01\x01\x01\x01\x01\x01\x01\x01\x01\x01\x01\x01\x01\x01\x01\x01\x01\x01\x01\x01\x01\x01\x01\x01\x01\x01\x01\x01\x01\x01\x01\x01\x01\x01\x01\x01\x01\x01\x01\x01\x01\x01\x01\x01\x01\x01\x01\x01\x01\x01\x01\x01\x01\x01\x01\x01\x01\x01\x01\x01\x01\x01\x01\x01\x01\x01\x01\x01\x01\x01\x01\x01\x01\x01\x01\x01\x01\x01\x01\x01\x01\x01\x01\x01\x01" 400 179 "-" "-"
23.251.51.125 - - [11/Aug/2016:01:54:18 +0800] "GET http://www.proxy-listen.de/azenv.php HTTP/1.1" 200 37 "-" "Mozilla/5.0 (compatible; MSIE 6.0; Windows NT 5.1; Trident/5.0)"
23.251.51.125 - - [11/Aug/2016:01:54:18 +0800] "CONNECT www.alipay.com:443 HTTP/1.0" 400 179 "-" "-"
23.251.51.125 - - [11/Aug/2016:01:54:35 +0800] "CONNECT www.baidu.com:443 HTTP/1.0" 400 179 "-" "-"
5.178.86.74 - - [11/Aug/2016:02:00:22 +0800] "CONNECT check.best-proxies.ru:80 HTTP/1.1" 400 179 "-" "-"
155.94.163.58 - - [11/Aug/2016:02:16:06 +0800] "GET /phpmyadmin HTTP/1.1" 200 37 "http://119.29.33.243/phpmyadmin" "Mozilla/4.0 (compatible; MSIE 9.0; Windows NT 6.1)"
183.60.48.110 - - [11/Aug/2016:02:42:50 +0800] "GET / HTTP/1.1" 200 37 "-" "libwww-perl/6.04"
123.151.43.65 - - [11/Aug/2016:04:48:25 +0800] "\x16\x03\x01\x00\xAC\x01\x00\x00\xA8\x03\x01W\xAB\x93\x198\xF6\x84\xB5\xE4\xFCf\xE6\x1C%\x0C39\x96\xAEQ\x07\xE0:\xEB" 400 179 "-" "-"
123.151.43.65 - - [11/Aug/2016:04:48:25 +0800] "\x16\x03\x01\x00\xAC\x01\x00\x00\xA8\x03\x01W\xAB\x93\x19\x00\xE7M\xD0\xAC\xDC(\xDD\xCF5\x96\x1CM\xF2D0\x8C+Z\xF5\x8D\x08\x18\xDD(4\x1E,\x00\x00L\xC0\x14\xC0" 400 179 "-" "-"
123.151.42.61 - - [11/Aug/2016:04:56:13 +0800] "GET http://www.baidu.com/ HTTP/1.1" 200 37 "-" "-"
182.254.154.72 - - [11/Aug/2016:05:53:06 +0800] "GET http://115.159.79.85/check_proxy.php HTTP/1.1" 200 37 "-" "Java/1.8.0_51"
5.178.86.76 - - [11/Aug/2016:06:18:00 +0800] "CONNECT check.best-proxies.ru:80 HTTP/1.1" 400 179 "-" "-"
119.147.21.64 - - [11/Aug/2016:06:50:44 +0800] "GET / HTTP/1.1" 200 37 "-" "Python-urllib/2.7"
123.151.43.65 - - [11/Aug/2016:07:21:41 +0800] "GET / HTTP/1.1" 200 37 "-" "Scrapy/1.0.4 (+http://scrapy.org)"
23.251.51.125 - - [11/Aug/2016:07:24:33 +0800] "GET http://www.sbjudge1.com/azenv.php HTTP/1.1" 200 37 "-" "Mozilla/5.0 (compatible; MSIE 6.0; Windows NT 5.1; Trident/5.0)"
23.251.51.125 - - [11/Aug/2016:07:24:37 +0800] "CONNECT www.baidu.com:443 HTTP/1.0" 400 179 "-" "-"
168.1.128.77 - - [11/Aug/2016:10:30:56 +0800] "GET / HTTP/1.0" 200 22 "-" "Mozilla/5.0 (Windows NT 6.1; rv:31.0) Gecko/20100101 Firefox/31.0"
95.213.187.186 - - [11/Aug/2016:10:31:10 +0800] "CONNECT check.best-proxies.ru:80 HTTP/1.1" 400 179 "-" "-"
96.228.211.79 - - [11/Aug/2016:12:06:44 +0800] "\x00" 400 179 "-" "-"
96.228.211.79 - - [11/Aug/2016:12:06:46 +0800] "\x00" 400 179 "-" "-"
96.228.211.79 - - [11/Aug/2016:12:07:10 +0800] "GET http://httpheader.net/ HTTP/1.1" 200 37 "-" "Mozilla/5.0 (Windows; U; Windows NT 6.1; en-US; rv:1.9.2.28) Gecko/20120306 Firefox/3.6.28 (.NET CLR 3.5.30729)"
96.228.211.79 - - [11/Aug/2016:12:07:12 +0800] "\x04\x01\x00P\xC0c\xF660\x00" 400 179 "-" "-"
96.228.211.79 - - [11/Aug/2016:12:07:13 +0800] "\x04\x01\x00P\xC0c\xF660\x00" 400 179 "-" "-"
96.228.211.79 - - [11/Aug/2016:12:07:13 +0800] "\x05\x01\x00" 400 179 "-" "-"
96.228.211.79 - - [11/Aug/2016:12:07:17 +0800] "GET http://httpheader.net/ HTTP/1.1" 200 37 "-" "Mozilla/5.0 (Windows; U; Windows NT 6.1; en-US; rv:1.9.2.28) Gecko/20120306 Firefox/3.6.28 (.NET CLR 3.5.30729)"
96.228.211.79 - - [11/Aug/2016:12:07:18 +0800] "\x04\x01\x00P\xC0c\xF660\x00" 400 179 "-" "-"
96.228.211.79 - - [11/Aug/2016:12:07:19 +0800] "\x04\x01\x00P\xC0c\xF660\x00" 400 179 "-" "-"
96.228.211.79 - - [11/Aug/2016:12:07:19 +0800] "\x05\x01\x00" 400 179 "-" "-"
182.254.154.72 - - [11/Aug/2016:13:27:58 +0800] "GET http://115.159.79.85/check_proxy.php HTTP/1.1" 200 37 "-" "Java/1.8.0_51"
5.178.86.75 - - [11/Aug/2016:15:11:09 +0800] "CONNECT check.best-proxies.ru:80 HTTP/1.1" 400 179 "-" "-"
61.157.96.193 - - [11/Aug/2016:15:49:35 +0800] "GET http://123.249.29.201:43210/?rands=_197253721744113081706342336 HTTP/1.1" 200 37 "-" "Mozilla/5.0 (compatible; MSIE 10.0; Windows NT 6.1; WOW64; Trident/6.0)"
61.157.96.193 - - [11/Aug/2016:15:49:35 +0800] "GET http://50.117.86.106/?rands=_126304427923520263175548 HTTP/1.1" 200 37 "-" "Mozilla/5.0 (compatible; MSIE 10.0; Windows NT 6.1; WOW64; Trident/6.0)"
61.157.96.193 - - [11/Aug/2016:15:49:35 +0800] "GET http://50.117.47.67:43530/?rands=_14160107815025838586113856 HTTP/1.1" 200 37 "-" "Mozilla/5.0 (compatible; MSIE 10.0; Windows NT 6.1; WOW64; Trident/6.0)"
127.0.0.1 - - [11/Aug/2016:15:57:36 +0800] "GET /unit_test/upload_agent_log.json HTTP/1.1" 200 37 "-" "curl/7.29.0"
23.251.51.125 - - [11/Aug/2016:16:03:22 +0800] "GET http://fr.cyberpods.net/ HTTP/1.1" 200 37 "-" "Mozilla/5.0 (compatible; MSIE 6.0; Windows NT 5.1; Trident/5.0)"
123.151.42.61 - - [11/Aug/2016:16:56:02 +0800] "GET http://www.baidu.com/ HTTP/1.1" 200 37 "-" "-"
112.126.82.197 - - [11/Aug/2016:17:10:15 +0800] "GET /phpmyadmin HTTP/1.1" 200 37 "http://119.29.33.243/phpmyadmin" "Mozilla/4.0 (compatible; MSIE 9.0; Windows NT 6.1)"
111.248.121.177 - - [11/Aug/2016:17:11:35 +0800] "CONNECT 163mx01.mxmail.netease.com:25 HTTP/1.0" 400 179 "-" "-"
106.186.18.222 - - [11/Aug/2016:17:45:29 +0800] "GET / HTTP/1.0" 200 22 "-" "-"
106.186.18.222 - - [11/Aug/2016:17:46:18 +0800] "GET / HTTP/1.1" 200 37 "-" "Mozilla/5.0 (compatible; MSIE 9.0; Windows NT 6.1; WOW64; Trident/5.0)"
106.186.18.222 - - [11/Aug/2016:17:46:29 +0800] "GET /jenkins HTTP/1.1" 200 37 "-" "Mozilla/4.0 (compatible; MSIE 6.0; Windows NT 5.0; 360-cn-agent)"
106.186.18.222 - - [11/Aug/2016:17:46:29 +0800] "GET /stats HTTP/1.1" 200 37 "-" "Mozilla/5.0 (compatible; Nmap Scripting Engine; https://nmap.org/book/nse.html)"
106.186.18.222 - - [11/Aug/2016:17:46:29 +0800] "\x16\x03\x01\x02\x00\x01\x00\x01\xFC\x03\x03=Mj%n\xEF\xD5\x0F5\x98\x13[\xD0\x01\xDA`\xCEM\xFF\xFD\x5C\xC5\xFB\xD4\xA2\x1EZ\x10\x98'*\xC4\x00\x00\xC6\x00\x05\x00\x04\x00\x02\x00\x08\x00\x14\x00\x03\x00\x01\x00\x15\x00\x06\x00\x16\x00\x17\x003\x009\x00\x19\x00:\x00\x1A\x00\x18\x005\x00\x09\x00" 400 179 "-" "-"
106.186.18.222 - - [11/Aug/2016:17:46:29 +0800] "GET /nmaplowercheck1470940968 HTTP/1.1" 200 37 "-" "Mozilla/5.0 (compatible; Nmap Scripting Engine; https://nmap.org/book/nse.html)"
106.186.18.222 - - [11/Aug/2016:17:46:29 +0800] "\x16\x03\x01\x02\x00\x01\x00\x01\xFC\x03\x03\xC7\xA9\xF1\x11\xB0\xD8\xD8\x82\x0E}\xBF$\xEE\xCE\xF2\xA5\xBD\x96\xBDg\xC6xGc\xB6\xB2\x9B\xFB\x13S\xC9\x5C\x00\x00\xC6\x00\x05\x00\x04\x00\x02\x00\x08\x00\x14\x00\x03\x00\x01\x00\x15\x00\x06\x00\x16\x00\x17\x003\x009\x00\x19\x00:\x00\x1A\x00\x18\x005\x00\x09\x00" 400 179 "-" "-"
106.186.18.222 - - [11/Aug/2016:17:46:29 +0800] "GET /NmapUpperCheck1470940968 HTTP/1.1" 200 37 "-" "Mozilla/5.0 (compatible; Nmap Scripting Engine; https://nmap.org/book/nse.html)"
106.186.18.222 - - [11/Aug/2016:17:46:29 +0800] "GET /Nmap/folder/check1470940968 HTTP/1.1" 200 37 "-" "Mozilla/5.0 (compatible; Nmap Scripting Engine; https://nmap.org/book/nse.html)"
106.186.18.222 - - [11/Aug/2016:17:48:18 +0800] "GET / HTTP/1.0" 200 22 "-" "-"
106.186.18.222 - - [11/Aug/2016:17:49:02 +0800] "GET / HTTP/1.1" 200 37 "-" "Mozilla/5.0 (compatible; MSIE 9.0; Windows NT 6.1; WOW64; Trident/5.0)"
106.186.18.222 - - [11/Aug/2016:17:49:12 +0800] "GET /jenkins HTTP/1.1" 200 37 "-" "Mozilla/4.0 (compatible; MSIE 6.0; Windows NT 5.0; 360-cn-agent)"
106.186.18.222 - - [11/Aug/2016:17:49:12 +0800] "GET /invoker/JMXInvokerServlet HTTP/1.1" 200 37 "-" "Mozilla/4.0 (compatible; MSIE 6.0; Windows NT 5.0; 360-cn-agent)"
106.186.18.222 - - [11/Aug/2016:17:49:12 +0800] "GET /stats HTTP/1.1" 200 37 "-" "Mozilla/5.0 (compatible; Nmap Scripting Engine; https://nmap.org/book/nse.html)"
106.186.18.222 - - [11/Aug/2016:17:49:12 +0800] "GET /nmaplowercheck1470941131 HTTP/1.1" 200 37 "-" "Mozilla/5.0 (compatible; Nmap Scripting Engine; https://nmap.org/book/nse.html)"
106.186.18.222 - - [11/Aug/2016:17:49:12 +0800] "GET /NmapUpperCheck1470941131 HTTP/1.1" 200 37 "-" "Mozilla/5.0 (compatible; Nmap Scripting Engine; https://nmap.org/book/nse.html)"
106.186.18.222 - - [11/Aug/2016:17:49:12 +0800] "GET /Nmap/folder/check1470941131 HTTP/1.1" 200 37 "-" "Mozilla/5.0 (compatible; Nmap Scripting Engine; https://nmap.org/book/nse.html)"
106.186.18.222 - - [11/Aug/2016:18:09:37 +0800] "GET / HTTP/1.0" 200 22 "-" "-"
106.186.18.222 - - [11/Aug/2016:18:10:07 +0800] "GET / HTTP/1.1" 200 37 "-" "Mozilla/5.0 (compatible; MSIE 9.0; Windows NT 6.1; WOW64; Trident/5.0)"
106.186.18.222 - - [11/Aug/2016:18:10:13 +0800] "GET /jenkins HTTP/1.1" 200 37 "-" "Mozilla/4.0 (compatible; MSIE 6.0; Windows NT 5.0; 360-cn-agent)"
106.186.18.222 - - [11/Aug/2016:18:10:14 +0800] "\x16\x03\x01\x02\x00\x01\x00\x01\xFC\x03\x03\x86\xB4T\xFB\xA2\xDE\x22\x95\xA3\xAE\xD7\x9A\xE1\xAE{a" 400 179 "-" "-"
106.186.18.222 - - [11/Aug/2016:18:10:14 +0800] "\x16\x03\x01\x02\x00\x01\x00\x01\xFC\x03\x03\xEFJ\x01[uy^\x81dfy\xDA\xB2m@Z\xC0ECa\xA6\xBC\x9Cj\x08\xC19\xC3\x5C\x10\xE8\x18\x00\x00\xC6\x00\x05\x00\x04\x00\x02\x00\x08\x00\x14\x00\x03\x00\x01\x00\x15\x00\x06\x00\x16\x00\x17\x003\x009\x00\x19\x00:\x00\x1A\x00\x18\x005\x00\x09\x00" 400 179 "-" "-"
106.186.18.222 - - [11/Aug/2016:18:10:45 +0800] "\x16\x03\x01\x02\x00\x01\x00\x01\xFC\x03\x03X+\x7F\xFC\x89\xB4%\xEB\xF527\xE9\xA4\x5C\xB6v\x1B\xBA\xD4\x99\xDA\x94#\x08\xE4\x17HV\x5CE\xC3\xF3\x00\x00\xC6\x00\x05\x00\x04\x00\x02\x00\x08\x00\x14\x00\x03\x00\x01\x00\x15\x00\x06\x00\x16\x00\x17\x003\x009\x00\x19\x00:\x00\x1A\x00\x18\x005\x00\x09\x00" 400 179 "-" "-"
106.186.18.222 - - [11/Aug/2016:18:10:45 +0800] "\x16\x03\x01\x02\x00\x01\x00\x01\xFC\x03\x03<\xB5\x17<\x8A\x03\x95#>(\xB6rz\x01\xC1\xE3&0\x82(\xF4N\x85:\x8E1\x13/H\x86\xEA\xC9\x00\x00\xC6\x00\x05\x00\x04\x00\x02\x00\x08\x00\x14\x00\x03\x00\x01\x00\x15\x00\x06\x00\x16\x00\x17\x003\x009\x00\x19\x00:\x00\x1A\x00\x18\x005\x00\x09\x00" 400 179 "-" "-"
80.82.78.38 - - [11/Aug/2016:18:11:39 +0800] "GET http://www.baidu.com/cache/global/img/gs.gif HTTP/1.1" 200 37 "-" "Mozilla"
95.213.187.188 - - [11/Aug/2016:19:36:59 +0800] "CONNECT check.best-proxies.ru:80 HTTP/1.1" 400 179 "-" "-"
123.151.43.65 - - [11/Aug/2016:20:23:58 +0800] "GET / HTTP/1.1" 200 37 "-" "Scrapy/1.0.4 (+http://scrapy.org)"
23.251.51.125 - - [11/Aug/2016:20:27:10 +0800] "GET http://www.luisaranguren.com/azenv.php HTTP/1.1" 200 37 "-" "Mozilla/5.0 (compatible; MSIE 6.0; Windows NT 5.1; Trident/5.0)"
23.251.51.125 - - [11/Aug/2016:20:27:10 +0800] "CONNECT www.alipay.com:443 HTTP/1.0" 400 179 "-" "-"
218.75.70.3 - - [11/Aug/2016:20:57:01 +0800] "GET / HTTP/1.1" 200 37 "-" "-"
96.228.211.79 - - [11/Aug/2016:21:01:40 +0800] "\x00" 400 179 "-" "-"
96.228.211.79 - - [11/Aug/2016:21:01:56 +0800] "GET http://httpheader.net/ HTTP/1.1" 200 37 "-" "Mozilla/5.0 (Windows; U; Windows NT 6.1; en-US; rv:1.9.2.28) Gecko/20120306 Firefox/3.6.28 (.NET CLR 3.5.30729)"
96.228.211.79 - - [11/Aug/2016:21:02:00 +0800] "\x04\x01\x00P\xC0c\xF660\x00" 400 179 "-" "-"
96.228.211.79 - - [11/Aug/2016:21:02:00 +0800] "\x04\x01\x00P\xC0c\xF660\x00" 400 179 "-" "-"
96.228.211.79 - - [11/Aug/2016:21:02:01 +0800] "\x05\x01\x00" 400 179 "-" "-"
96.228.211.79 - - [11/Aug/2016:21:02:07 +0800] "\x00" 400 179 "-" "-"
96.228.211.79 - - [11/Aug/2016:21:02:22 +0800] "GET http://httpheader.net/ HTTP/1.1" 200 37 "-" "Mozilla/5.0 (Windows; U; Windows NT 6.1; en-US; rv:1.9.2.28) Gecko/20120306 Firefox/3.6.28 (.NET CLR 3.5.30729)"
96.228.211.79 - - [11/Aug/2016:21:02:23 +0800] "\x04\x01\x00P\xC0c\xF660\x00" 400 179 "-" "-"
96.228.211.79 - - [11/Aug/2016:21:02:23 +0800] "\x04\x01\x00P\xC0c\xF660\x00" 400 179 "-" "-"
96.228.211.79 - - [11/Aug/2016:21:02:24 +0800] "\x05\x01\x00" 400 179 "-" "-"
123.151.43.65 - - [11/Aug/2016:21:21:48 +0800] "\x16\x03\x01\x00\xAC\x01\x00\x00\xA8\x03\x01W\xAC{\xEC%\x1D\x8B\x22\x22\x02\x1D\x9A\x96\xE2l\x22\xCD.\xA0\xB0\xE1a\xCF\xA5w\x07N\xE2Q]\x02F\x00\x00L\xC0\x14\xC0" 400 179 "-" "-"
123.151.43.65 - - [11/Aug/2016:21:21:48 +0800] "\x16\x03\x01\x00\xAC\x01\x00\x00\xA8\x03\x01W\xAC{\xEC8\xD6\xEE;\xB1\xD4m\x99\xE4=\xF7\xB8\xFB\xFDg\x89\x8C\xBE\xB3\xE5\xBA\xBA2$\x91\xB3\x22\x0C\x00\x00L\xC0\x14\xC0" 400 179 "-" "-"
114.44.61.125 - - [11/Aug/2016:23:30:18 +0800] "CONNECT vip163mx01.mxmail.netease.com:25 HTTP/1.0" 400 179 "-" "-"
201.172.72.3 - - [11/Aug/2016:23:39:26 +0800] "GET /hndUnblock.cgi HTTP/1.0" 200 22 "-" "Wget(linux)"
201.172.72.3 - - [11/Aug/2016:23:39:26 +0800] "POST /hndUnblock.cgi HTTP/1.0" 200 415 "-" "Wget(linux)"
201.172.72.3 - - [11/Aug/2016:23:39:27 +0800] "GET /stssys.htm HTTP/1.0" 200 22 "-" "Wget(linux)"
201.172.72.3 - - [11/Aug/2016:23:39:28 +0800] "GET / HTTP/1.0" 200 22 "-" "Wget(linux)"
201.172.72.3 - - [11/Aug/2016:23:39:28 +0800] "GET /cgi/common.cgi HTTP/1.0" 200 22 "-" "Wget(linux)"
201.172.72.3 - - [11/Aug/2016:23:39:29 +0800] "POST /command.php HTTP/1.0" 200 227 "-" "Wget(linux)"
137.226.113.4 - - [11/Aug/2016:23:47:06 +0800] "GET / HTTP/1.1" 200 37 "-" "Go-http-client/1.1"
185.49.14.190 - - [11/Aug/2016:23:50:53 +0800] "GET http://testp1.piwo.pila.pl/testproxy.php HTTP/1.1" 200 12 "-" "Mozilla/5.0 (Windows NT 5.1; rv:32.0) Gecko/20100101 Firefox/31.0"
5.178.86.76 - - [11/Aug/2016:23:53:51 +0800] "CONNECT check.best-proxies.ru:80 HTTP/1.1" 400 179 "-" "-"
