172.82.166.210 - - [12/Aug/2016:00:38:23 +0800] "GET http://www.baidu.com/cache/global/img/gs.gif HTTP/1.1" 200 37 "-" "Mozilla"
106.75.29.120 - - [12/Aug/2016:00:59:27 +0800] "CONNECT 106.75.29.120:44444 HTTP/1.1" 400 179 "-" "-"
183.60.48.110 - - [12/Aug/2016:02:57:27 +0800] "GET / HTTP/1.1" 200 37 "-" "libwww-perl/6.04"
185.25.148.240 - - [12/Aug/2016:03:36:39 +0800] "GET http://testp1.piwo.pila.pl/testproxy.php HTTP/1.1" 200 12 "-" "Mozilla/5.0 (Windows NT 5.1; rv:32.0) Gecko/20100101 Firefox/31.0"
23.251.51.125 - - [12/Aug/2016:03:39:15 +0800] "GET http://www.sbjudge3.com/azenv.php HTTP/1.1" 200 37 "-" "Mozilla/5.0 (compatible; MSIE 6.0; Windows NT 5.1; Trident/5.0)"
23.251.51.125 - - [12/Aug/2016:03:39:19 +0800] "CONNECT www.alipay.com:443 HTTP/1.0" 400 179 "-" "-"
23.251.51.125 - - [12/Aug/2016:03:39:34 +0800] "GET http://proxyjudge.us/ HTTP/1.1" 200 37 "-" "Mozilla/5.0 (compatible; MSIE 6.0; Windows NT 5.1; Trident/5.0)"
23.251.51.125 - - [12/Aug/2016:03:39:37 +0800] "CONNECT www.baidu.com:443 HTTP/1.0" 400 179 "-" "-"
123.151.43.65 - - [12/Aug/2016:03:52:40 +0800] "GET / HTTP/1.1" 200 37 "-" "Scrapy/1.0.4 (+http://scrapy.org)"
219.133.49.231 - - [12/Aug/2016:04:01:01 +0800] "GET http://10.133.6.20/proxy.html HTTP/1.1" 200 37 "-" "-"
219.133.49.231 - - [12/Aug/2016:04:01:01 +0800] "\x00" 400 179 "-" "-"
219.133.49.231 - - [12/Aug/2016:04:01:01 +0800] "\x04\x01\x00P\xDC\xB5o\x94\x00\x00" 400 179 "-" "-"
219.133.49.231 - - [12/Aug/2016:04:01:01 +0800] "\x05\x01\x00\x00" 400 179 "-" "-"
123.151.42.61 - - [12/Aug/2016:04:10:05 +0800] "GET http://www.baidu.com/ HTTP/1.1" 200 37 "-" "-"
5.178.86.78 - - [12/Aug/2016:04:21:47 +0800] "CONNECT check.best-proxies.ru:80 HTTP/1.1" 400 179 "-" "-"
123.151.43.65 - - [12/Aug/2016:04:51:18 +0800] "\x16\x03\x01\x00\xAC\x01\x00\x00\xA8\x03\x01W\xAC\xE5F\x7F!W\x9B\xA5\xF6p(\x04\x16Lz\x170\x00ZT\x10\xAB\xC2^\x1D5&q\xA0\xD88\x00\x00L\xC0\x14\xC0" 400 179 "-" "-"
123.151.43.65 - - [12/Aug/2016:04:51:18 +0800] "\x16\x03\x01\x00\xAC\x01\x00\x00\xA8\x03\x01W\xAC\xE5F\xECJ\x9F$\xCEFK\x8C\xE9\xF3}\xBB\x91\x003\xA7\x16\xCB\xED:#\x1AP\x7F_&r[\x00\x00L\xC0\x14\xC0" 400 179 "-" "-"
23.251.51.125 - - [12/Aug/2016:08:00:32 +0800] "GET http://domkrim.com/av.php HTTP/1.1" 200 37 "-" "Mozilla/5.0 (compatible; MSIE 6.0; Windows NT 5.1; Trident/5.0)"
23.251.51.125 - - [12/Aug/2016:08:00:35 +0800] "CONNECT www.alipay.com:443 HTTP/1.0" 400 179 "-" "-"
96.228.211.79 - - [12/Aug/2016:08:22:47 +0800] "\x00" 400 179 "-" "-"
96.228.211.79 - - [12/Aug/2016:08:24:02 +0800] "GET http://httpheader.net/ HTTP/1.1" 200 37 "-" "Mozilla/5.0 (Windows; U; Windows NT 6.1; en-US; rv:1.9.2.28) Gecko/20120306 Firefox/3.6.28 (.NET CLR 3.5.30729)"
96.228.211.79 - - [12/Aug/2016:08:24:04 +0800] "\x04\x01\x00P\xC0c\xF660\x00" 400 179 "-" "-"
96.228.211.79 - - [12/Aug/2016:08:24:04 +0800] "\x04\x01\x00P\xC0c\xF660\x00" 400 179 "-" "-"
96.228.211.79 - - [12/Aug/2016:08:24:04 +0800] "\x05\x01\x00" 400 179 "-" "-"
95.213.187.186 - - [12/Aug/2016:08:40:34 +0800] "CONNECT check.best-proxies.ru:80 HTTP/1.1" 400 179 "-" "-"
23.251.51.125 - - [12/Aug/2016:11:38:06 +0800] "GET http://www.luisaranguren.com/azenv.php HTTP/1.1" 200 37 "-" "Mozilla/5.0 (compatible; MSIE 6.0; Windows NT 5.1; Trident/5.0)"
23.251.51.125 - - [12/Aug/2016:11:38:06 +0800] "CONNECT www.baidu.com:443 HTTP/1.0" 400 179 "-" "-"
182.254.154.72 - - [12/Aug/2016:12:09:29 +0800] "GET http://115.159.79.85/check_proxy.php HTTP/1.1" 200 37 "-" "Java/1.8.0_51"
180.97.106.37 - - [12/Aug/2016:12:18:18 +0800] "GET http://180.163.113.82/check_proxy HTTP/1.1" 200 37 "-" "-"
23.251.40.103 - - [12/Aug/2016:12:34:37 +0800] "GET http://www.sbjudge3.com/azenv.php HTTP/1.1" 200 37 "-" "Mozilla/5.0 (compatible; MSIE 6.0; Windows NT 5.1; Trident/5.0)"
23.251.40.103 - - [12/Aug/2016:12:34:38 +0800] "CONNECT www.baidu.com:443 HTTP/1.0" 400 179 "-" "-"
180.153.214.180 - - [12/Aug/2016:12:34:58 +0800] "GET /NmapUpperCheck1470941131 HTTP/1.1" 200 37 "-" "Mozilla/5.0 (Windows NT 5.1) AppleWebKit/537.36 (KHTML, like Gecko) Chrome/45.0.2454.101 Safari/537.36"
95.213.187.187 - - [12/Aug/2016:13:04:15 +0800] "CONNECT check.best-proxies.ru:80 HTTP/1.1" 400 179 "-" "-"
183.60.15.114 - - [12/Aug/2016:13:36:18 +0800] "GET / HTTP/1.0" 200 22 "-" "-"
183.60.15.114 - - [12/Aug/2016:13:36:18 +0800] "OPTIONS / HTTP/1.0" 200 22 "-" "-"
183.60.15.114 - - [12/Aug/2016:13:36:18 +0800] "OPTIONS / RTSP/1.0" 400 179 "-" "-"
183.60.15.114 - - [12/Aug/2016:13:36:18 +0800] "l\x00\x0B\x00\x00\x00\x00\x00\x00\x00\x00\x00" 400 179 "-" "-"
183.60.15.114 - - [12/Aug/2016:13:36:19 +0800] "GET /nice%20ports%2C/Tri%6Eity.txt%2ebak HTTP/1.0" 200 22 "-" "-"
183.60.15.114 - - [12/Aug/2016:13:36:19 +0800] "A\x00\x00\x00:0\x00\x00\xFF\xFF\xFF\xFF\xD4\x07\x00\x00\x00\x00\x00\x00test.$cmd\x00\x00\x00\x00\x00\xFF\xFF\xFF\xFF\x1B\x00\x00\x00\x01serverStatus\x00\x00\x00\x00\x00\x00\x00\xF0?\x00" 400 179 "-" "-"
183.60.15.114 - - [12/Aug/2016:13:36:24 +0800] "" 400 0 "-" "-"
183.60.15.114 - - [12/Aug/2016:13:36:24 +0800] "\x16\x03\x00\x00S\x01\x00\x00O\x03\x00?G\xD7\xF7\xBA,\xEE\xEA\xB2`~\xF3\x00\xFD\x82{\xB9\xD5\x96\xC8w\x9B\xE6\xC4\xDB<=\xDBo\xEF\x10n\x00\x00(\x00\x16\x00\x13\x00" 400 179 "-" "-"
183.60.15.114 - - [12/Aug/2016:13:36:24 +0800] "\x80\x00\x00()\xDE\x1FD\x00\x00\x00\x00\x00\x00\x00\x02\x00\x01\x86\xA0\x00\x00\x00\x02\x00\x00\x00\x00\x00\x00\x00\x00\x00\x00\x00\x00\x00\x00\x00\x00\x00\x00\x00\x00" 400 179 "-" "-"
101.226.51.229 - - [12/Aug/2016:13:55:09 +0800] "GET /invoker/JMXInvokerServlet HTTP/1.1" 200 37 "-" "Mozilla/5.0 (Windows NT 5.1) AppleWebKit/537.36 (KHTML, like Gecko) Chrome/45.0.2454.101 Safari/537.36"
23.251.51.125 - - [12/Aug/2016:14:30:05 +0800] "GET http://www.luisaranguren.com/azenv.php HTTP/1.1" 200 37 "-" "Mozilla/5.0 (compatible; MSIE 6.0; Windows NT 5.1; Trident/5.0)"
23.251.51.125 - - [12/Aug/2016:14:30:07 +0800] "CONNECT www.baidu.com:443 HTTP/1.0" 400 179 "-" "-"
204.44.93.51 - - [12/Aug/2016:14:54:54 +0800] "GET / HTTP/1.1" 200 37 "http://119.29.33.243" "Mozilla/4.0 (compatible; MSIE 9.0; Windows NT 6.1)"
23.251.51.125 - - [12/Aug/2016:15:57:00 +0800] "GET http://www.proxy-listen.de/azenv.php HTTP/1.1" 200 37 "-" "Mozilla/5.0 (compatible; MSIE 6.0; Windows NT 5.1; Trident/5.0)"
23.251.51.125 - - [12/Aug/2016:15:57:01 +0800] "CONNECT www.baidu.com:443 HTTP/1.0" 400 179 "-" "-"
123.151.42.61 - - [12/Aug/2016:16:10:01 +0800] "GET http://www.baidu.com/ HTTP/1.1" 200 37 "-" "-"
80.82.78.38 - - [12/Aug/2016:16:51:13 +0800] "GET http://www.baidu.com/cache/global/img/gs.gif HTTP/1.1" 200 37 "-" "Mozilla"
23.251.51.125 - - [12/Aug/2016:17:17:32 +0800] "GET http://www.luisaranguren.com/azenv.php HTTP/1.1" 200 37 "-" "Mozilla/5.0 (compatible; MSIE 6.0; Windows NT 5.1; Trident/5.0)"
23.251.51.125 - - [12/Aug/2016:17:17:32 +0800] "CONNECT www.baidu.com:443 HTTP/1.0" 400 179 "-" "-"
5.178.86.78 - - [12/Aug/2016:17:24:20 +0800] "CONNECT check.best-proxies.ru:80 HTTP/1.1" 400 179 "-" "-"
101.226.102.97 - - [12/Aug/2016:17:30:52 +0800] "GET /cgi/common.cgi HTTP/1.1" 200 37 "-" "Mozilla/5.0 (Windows NT 5.1) AppleWebKit/537.36 (KHTML, like Gecko) Chrome/45.0.2454.101 Safari/537.36"
185.25.148.240 - - [12/Aug/2016:19:07:26 +0800] "GET http://testp1.piwo.pila.pl/testproxy.php HTTP/1.1" 200 12 "-" "Mozilla/5.0 (Windows NT 5.1; rv:32.0) Gecko/20100101 Firefox/31.0"
193.109.69.2 - - [12/Aug/2016:20:11:07 +0800] "GET / HTTP/1.1" 200 37 "-" "Mozilla/5.0 (Linux; U; Android 4.2.2; en-us; A1-810 Build/JDQ39) AppleWebKit/534.30 (KHTML, like Gecko) Version/4.0 Safari/534.30"
123.151.43.65 - - [12/Aug/2016:20:24:50 +0800] "GET / HTTP/1.1" 200 37 "-" "Scrapy/1.0.4 (+http://scrapy.org)"
180.97.106.161 - - [12/Aug/2016:20:35:09 +0800] "\x04\x01\x00P\xB4\xA3qR\x00" 400 179 "-" "-"
182.254.154.72 - - [12/Aug/2016:20:50:52 +0800] "GET http://115.159.79.85/check_proxy.php HTTP/1.1" 200 37 "-" "Java/1.8.0_51"
119.29.197.86 - - [12/Aug/2016:20:59:09 +0800] "OPTIONS / HTTP/1.1" 200 37 "-" "Mozilla/5.0 (Windows NT 6.2; WOW64) AppleWebKit/537.36 (KHTML, like Gecko) Chrome/29.0.1547.0 Safari/537.36"
123.151.43.65 - - [12/Aug/2016:21:39:33 +0800] "\x16\x03\x01\x00\xAC\x01\x00\x00\xA8\x03\x01W\xAD\xD1\x95\xE1\xF8\xBA\x12%\x87\xDF\x971\x05\xB4\xBFS\xB4\xE7\xA9[\xA3\x92\x99\xE45>\xD1w\xB9\x07T\x00\x00L\xC0\x14\xC0" 400 179 "-" "-"
123.151.43.65 - - [12/Aug/2016:21:39:34 +0800] "\x16\x03\x01\x00\xAC\x01\x00\x00\xA8\x03\x01W\xAD\xD1\x96t @\xB1\xA6sk\xE1J\xAEq\xC8&\xB1\xFDW\xC0\xEE_\xD4\x0E_2\xE0\x06\xAB\xBA\x9E\x00\x00L\xC0\x14\xC0" 400 179 "-" "-"
118.251.42.25 - - [12/Aug/2016:21:49:07 +0800] "GET /script HTTP/1.1" 200 37 "-" "python-requests/2.7.0 CPython/2.7.9 Windows/7"
5.178.86.76 - - [12/Aug/2016:21:59:02 +0800] "CONNECT check.best-proxies.ru:80 HTTP/1.1" 400 179 "-" "-"
180.153.206.16 - - [12/Aug/2016:22:51:53 +0800] "GET / HTTP/1.1" 200 37 "-" "Mozilla/5.0 (Windows NT 5.1) AppleWebKit/537.36 (KHTML, like Gecko) Chrome/45.0.2454.101 Safari/537.36"
114.44.59.174 - - [12/Aug/2016:22:54:05 +0800] "CONNECT vip163mx00.mxmail.netease.com:25 HTTP/1.0" 400 179 "-" "-"
115.238.246.243 - - [12/Aug/2016:22:54:52 +0800] "GET /phpmyadmin/index.php HTTP/1.1" 200 37 "http://119.29.33.243/phpmyadmin/index.php" "Mozilla/4.0 (compatible; MSIE 9.0; Windows NT 6.1)"
183.60.163.144 - - [12/Aug/2016:22:57:57 +0800] "GET / HTTP/1.0" 200 22 "-" "-"
183.60.163.144 - - [12/Aug/2016:22:57:57 +0800] "OPTIONS / HTTP/1.0" 200 22 "-" "-"
183.60.163.144 - - [12/Aug/2016:22:57:57 +0800] "OPTIONS / RTSP/1.0" 400 179 "-" "-"
183.60.163.144 - - [12/Aug/2016:22:57:57 +0800] "l\x00\x0B\x00\x00\x00\x00\x00\x00\x00\x00\x00" 400 179 "-" "-"
183.60.163.144 - - [12/Aug/2016:22:57:57 +0800] "GET /nice%20ports%2C/Tri%6Eity.txt%2ebak HTTP/1.0" 200 22 "-" "-"
183.60.163.144 - - [12/Aug/2016:22:57:57 +0800] "A\x00\x00\x00:0\x00\x00\xFF\xFF\xFF\xFF\xD4\x07\x00\x00\x00\x00\x00\x00test.$cmd\x00\x00\x00\x00\x00\xFF\xFF\xFF\xFF\x1B\x00\x00\x00\x01serverStatus\x00\x00\x00\x00\x00\x00\x00\xF0?\x00" 400 179 "-" "-"
183.60.163.144 - - [12/Aug/2016:22:58:02 +0800] "" 400 0 "-" "-"
183.60.163.144 - - [12/Aug/2016:22:58:02 +0800] "\x16\x03\x00\x00S\x01\x00\x00O\x03\x00?G\xD7\xF7\xBA,\xEE\xEA\xB2`~\xF3\x00\xFD\x82{\xB9\xD5\x96\xC8w\x9B\xE6\xC4\xDB<=\xDBo\xEF\x10n\x00\x00(\x00\x16\x00\x13\x00" 400 179 "-" "-"
183.60.163.144 - - [12/Aug/2016:22:58:03 +0800] "\x80\x00\x00(GKe|\x00\x00\x00\x00\x00\x00\x00\x02\x00\x01\x86\xA0\x00\x00\x00\x02\x00\x00\x00\x00\x00\x00\x00\x00\x00\x00\x00\x00\x00\x00\x00\x00\x00\x00\x00\x00" 400 179 "-" "-"
23.251.51.125 - - [12/Aug/2016:23:00:53 +0800] "GET http://www.proxyjudge.info/azenv.php HTTP/1.1" 200 37 "-" "Mozilla/5.0 (compatible; MSIE 6.0; Windows NT 5.1; Trident/5.0)"
23.251.51.125 - - [12/Aug/2016:23:00:54 +0800] "CONNECT www.alipay.com:443 HTTP/1.0" 400 179 "-" "-"
185.35.63.8 - - [13/Aug/2016:00:00:48 +0800] "GET / HTTP/1.1" 200 37 "-" "ku"
23.251.51.125 - - [13/Aug/2016:02:05:53 +0800] "GET http://www.proxy-listen.de/azenv.php HTTP/1.1" 200 37 "-" "Mozilla/5.0 (compatible; MSIE 6.0; Windows NT 5.1; Trident/5.0)"
23.251.51.125 - - [13/Aug/2016:02:05:53 +0800] "CONNECT www.baidu.com:443 HTTP/1.0" 400 179 "-" "-"
183.60.48.110 - - [13/Aug/2016:02:06:30 +0800] "GET / HTTP/1.1" 200 37 "-" "libwww-perl/6.04"
106.75.29.120 - - [13/Aug/2016:02:13:41 +0800] "CONNECT 106.75.29.120:44444 HTTP/1.1" 400 179 "-" "-"
95.213.187.187 - - [13/Aug/2016:02:16:35 +0800] "CONNECT check.best-proxies.ru:80 HTTP/1.1" 400 179 "-" "-"
185.25.148.240 - - [13/Aug/2016:03:00:17 +0800] "GET http://testp1.piwo.pila.pl/testproxy.php HTTP/1.1" 200 12 "-" "Mozilla/5.0 (Windows NT 5.1; rv:32.0) Gecko/20100101 Firefox/31.0"
23.251.51.125 - - [13/Aug/2016:03:34:39 +0800] "GET http://fr.cyberpods.net/ HTTP/1.1" 200 37 "-" "Mozilla/5.0 (compatible; MSIE 6.0; Windows NT 5.1; Trident/5.0)"
23.251.51.125 - - [13/Aug/2016:03:34:39 +0800] "CONNECT www.alipay.com:443 HTTP/1.0" 400 179 "-" "-"
123.151.43.65 - - [13/Aug/2016:03:52:35 +0800] "GET / HTTP/1.1" 200 37 "-" "Scrapy/1.0.4 (+http://scrapy.org)"
80.82.65.212 - - [13/Aug/2016:04:23:26 +0800] "GET / HTTP/1.1" 200 37 "-" "libwww-perl/6.15"
123.151.43.65 - - [13/Aug/2016:04:49:21 +0800] "\x16\x03\x01\x00\xAC\x01\x00\x00\xA8\x03\x01W\xAE6QC\x11K\x8A\x03\x22*\xE6T\xB2u\x8A\xD9\xCD\xC6\x9D?\xE8-\xAD\x99\x94\xF9\x1E\xBD+[\xB0\x00\x00L\xC0\x14\xC0" 400 179 "-" "-"
123.151.43.65 - - [13/Aug/2016:04:49:21 +0800] "\x16\x03\x01\x00\xAC\x01\x00\x00\xA8\x03\x01W\xAE6Q\x9Ek\xBA&\x9C=\xFC>19\x08b\xE0O,\xAD\x1Et\xAC\xD2\xB7\xB3\x1D\xFE\xE4\x1A\xB58\x00\x00L\xC0\x14\xC0" 400 179 "-" "-"
103.24.0.48 - - [13/Aug/2016:05:33:20 +0800] "GET /http-req HTTP/1.1" 200 37 "-" "Mozilla/5.0 zgrab/0.x"
91.196.50.33 - - [13/Aug/2016:05:43:38 +0800] "GET http://testp3.pospr.waw.pl/testproxy.php HTTP/1.1" 200 12 "-" "Mozilla/5.0 (Windows NT 5.1; rv:32.0) Gecko/20100101 Firefox/31.0"
95.213.187.189 - - [13/Aug/2016:06:25:52 +0800] "CONNECT check.best-proxies.ru:80 HTTP/1.1" 400 179 "-" "-"
119.147.146.189 - - [13/Aug/2016:06:34:10 +0800] "GET /hello HTTP/1.1" 200 21 "-" "Mozilla/5.0 (Windows NT 6.1; WOW64) AppleWebKit/537.36 (KHTML, like Gecko) Chrome/39.0.2171.95  Safari/537.36"
180.153.206.23 - - [13/Aug/2016:06:34:46 +0800] "GET /hello HTTP/1.1" 200 21 "-" "Mozilla/5.0 (Windows NT 5.1) AppleWebKit/537.36 (KHTML, like Gecko) Chrome/45.0.2454.101 Safari/537.36"
119.147.21.64 - - [13/Aug/2016:06:50:44 +0800] "GET / HTTP/1.1" 200 37 "-" "Python-urllib/2.7"
163.172.134.70 - - [13/Aug/2016:07:12:01 +0800] "GET http://www.baidu.com/cache/global/img/gs.gif HTTP/1.1" 200 37 "-" "Mozilla"
111.248.57.76 - - [13/Aug/2016:07:37:07 +0800] "CONNECT vip163mx01.mxmail.netease.com:25 HTTP/1.0" 400 179 "-" "-"
123.56.233.103 - - [13/Aug/2016:09:31:15 +0800] "GET / HTTP/1.1" 200 37 "-" "-"
119.147.122.181 - - [13/Aug/2016:09:56:43 +0800] "GET / HTTP/1.0" 200 22 "-" "-"
119.147.122.181 - - [13/Aug/2016:09:56:43 +0800] "OPTIONS / HTTP/1.0" 200 22 "-" "-"
119.147.122.181 - - [13/Aug/2016:09:56:43 +0800] "OPTIONS / RTSP/1.0" 400 179 "-" "-"
119.147.122.181 - - [13/Aug/2016:09:56:43 +0800] "l\x00\x0B\x00\x00\x00\x00\x00\x00\x00\x00\x00" 400 179 "-" "-"
119.147.122.181 - - [13/Aug/2016:09:56:43 +0800] "GET /nice%20ports%2C/Tri%6Eity.txt%2ebak HTTP/1.0" 200 22 "-" "-"
119.147.122.181 - - [13/Aug/2016:09:56:43 +0800] "A\x00\x00\x00:0\x00\x00\xFF\xFF\xFF\xFF\xD4\x07\x00\x00\x00\x00\x00\x00test.$cmd\x00\x00\x00\x00\x00\xFF\xFF\xFF\xFF\x1B\x00\x00\x00\x01serverStatus\x00\x00\x00\x00\x00\x00\x00\xF0?\x00" 400 179 "-" "-"
119.147.122.181 - - [13/Aug/2016:09:56:48 +0800] "" 400 0 "-" "-"
119.147.122.181 - - [13/Aug/2016:09:56:48 +0800] "\x16\x03\x00\x00S\x01\x00\x00O\x03\x00?G\xD7\xF7\xBA,\xEE\xEA\xB2`~\xF3\x00\xFD\x82{\xB9\xD5\x96\xC8w\x9B\xE6\xC4\xDB<=\xDBo\xEF\x10n\x00\x00(\x00\x16\x00\x13\x00" 400 179 "-" "-"
119.147.122.181 - - [13/Aug/2016:09:56:48 +0800] "\x80\x00\x00(4\xF0m=\x00\x00\x00\x00\x00\x00\x00\x02\x00\x01\x86\xA0\x00\x00\x00\x02\x00\x00\x00\x00\x00\x00\x00\x00\x00\x00\x00\x00\x00\x00\x00\x00\x00\x00\x00\x00" 400 179 "-" "-"
5.178.86.75 - - [13/Aug/2016:10:36:53 +0800] "CONNECT check.best-proxies.ru:80 HTTP/1.1" 400 179 "-" "-"
112.90.82.196 - - [13/Aug/2016:10:51:11 +0800] "GET /script HTTP/1.1" 200 37 "-" "Mozilla/5.0 (iPhone; U; CPU iPhone OS 4_0 like Mac OS X; en-us) AppleWebKit/532.9 (KHTML, like Gecko) Version/4.0.5 Mobile/8A293 Safari/6531.22.7"
180.163.2.116 - - [13/Aug/2016:10:54:11 +0800] "GET /script HTTP/1.1" 200 37 "-" "Mozilla/5.0 (Windows NT 5.1) AppleWebKit/537.36 (KHTML, like Gecko) Chrome/45.0.2454.101 Safari/537.36"
122.224.153.106 - - [13/Aug/2016:11:04:29 +0800] "GET / HTTP/1.0" 200 22 "-" "-"
23.251.51.125 - - [13/Aug/2016:11:09:51 +0800] "CONNECT www.alipay.com:443 HTTP/1.0" 400 179 "-" "-"
23.251.51.125 - - [13/Aug/2016:11:09:52 +0800] "GET http://www.luisaranguren.com/azenv.php HTTP/1.1" 200 37 "-" "Mozilla/5.0 (compatible; MSIE 6.0; Windows NT 5.1; Trident/5.0)"
23.251.51.125 - - [13/Aug/2016:11:09:52 +0800] "CONNECT www.baidu.com:443 HTTP/1.0" 400 179 "-" "-"
120.132.50.135 - - [13/Aug/2016:11:16:37 +0800] "GET http://www.ctrip.com/ HTTP/1.1" 200 37 "-" "Mozilla/5.0 (Windows NT 6.1; WOW64; rv:29.0) Gecko/20100101 Firefox/29.0"
101.200.75.138 - - [13/Aug/2016:11:27:16 +0800] "GET http://www.izhongsai.com/ HTTP/1.1" 200 37 "-" "Mozilla/5.0 (compatible; MSIE 9.0; AOL 9.0; Windows NT 6.0; Trident/5.0)"
218.75.70.3 - - [13/Aug/2016:11:42:27 +0800] "GET / HTTP/1.1" 200 37 "-" "-"
91.196.50.33 - - [13/Aug/2016:12:18:50 +0800] "GET http://testp4.pospr.waw.pl/testproxy.php HTTP/1.1" 200 12 "-" "Mozilla/5.0 (Windows NT 5.1; rv:32.0) Gecko/20100101 Firefox/31.0"
58.221.46.206 - - [13/Aug/2016:12:33:20 +0800] "GET /phpMyAdmin HTTP/1.1" 200 37 "http://119.29.33.243/phpMyAdmin" "Mozilla/4.0 (compatible; MSIE 9.0; Windows NT 6.1)"
23.251.51.125 - - [13/Aug/2016:12:46:33 +0800] "GET http://www.proxyjudge.info/azenv.php HTTP/1.1" 200 37 "-" "Mozilla/5.0 (compatible; MSIE 6.0; Windows NT 5.1; Trident/5.0)"
23.251.51.125 - - [13/Aug/2016:12:46:34 +0800] "CONNECT www.alipay.com:443 HTTP/1.0" 400 179 "-" "-"
182.254.154.72 - - [13/Aug/2016:12:52:46 +0800] "GET http://115.159.79.85/check_proxy.php HTTP/1.1" 200 37 "-" "Java/1.8.0_51"
137.226.113.4 - - [13/Aug/2016:12:57:25 +0800] "GET / HTTP/1.1" 200 37 "-" "Go-http-client/1.1"
59.56.74.209 - - [13/Aug/2016:13:49:03 +0800] "HEAD / HTTP/1.0" 200 0 "-" "-"
23.251.51.125 - - [13/Aug/2016:14:36:52 +0800] "GET http://www.luisaranguren.com/azenv.php HTTP/1.1" 200 37 "-" "Mozilla/5.0 (compatible; MSIE 6.0; Windows NT 5.1; Trident/5.0)"
23.251.51.125 - - [13/Aug/2016:14:36:53 +0800] "CONNECT www.baidu.com:443 HTTP/1.0" 400 179 "-" "-"
95.213.187.189 - - [13/Aug/2016:14:54:32 +0800] "CONNECT check.best-proxies.ru:80 HTTP/1.1" 400 179 "-" "-"
80.82.78.38 - - [13/Aug/2016:15:28:03 +0800] "GET http://www.baidu.com/cache/global/img/gs.gif HTTP/1.1" 200 37 "-" "Mozilla"
23.251.51.125 - - [13/Aug/2016:15:36:25 +0800] "GET http://www.sbjudge3.com/azenv.php HTTP/1.1" 200 37 "-" "Mozilla/5.0 (compatible; MSIE 6.0; Windows NT 5.1; Trident/5.0)"
23.251.51.125 - - [13/Aug/2016:15:36:25 +0800] "CONNECT www.baidu.com:443 HTTP/1.0" 400 179 "-" "-"
23.251.51.125 - - [13/Aug/2016:16:58:22 +0800] "GET http://www.sbjudge1.com/azenv.php HTTP/1.1" 200 37 "-" "Mozilla/5.0 (compatible; MSIE 6.0; Windows NT 5.1; Trident/5.0)"
23.251.51.125 - - [13/Aug/2016:16:58:24 +0800] "CONNECT www.alipay.com:443 HTTP/1.0" 400 179 "-" "-"
169.229.3.91 - - [13/Aug/2016:18:38:04 +0800] "%\xB1c>9Z\xE6\xFC\x88d\xA5\x9E\xDAN\x9C\xC1N3\xB8\xA5q\xC9\x8B\xCE\x8D3x\xF8\x7F\xD6\xB1hb\xC7|JpL\xD72\x8E\x19\xDB\x8F\xA14\xDAJ\x8By\x08\xFE\x18\x0C\x17\x1DuM\xE6x'Mb\xC2" 400 179 "-" "-"
58.221.60.24 - - [13/Aug/2016:18:46:08 +0800] "GET /phpMyAdmin HTTP/1.1" 200 37 "http://119.29.33.243/phpMyAdmin" "Mozilla/4.0 (compatible; MSIE 9.0; Windows NT 6.1)"
95.213.187.187 - - [13/Aug/2016:19:09:51 +0800] "CONNECT check.best-proxies.ru:80 HTTP/1.1" 400 179 "-" "-"
112.90.82.196 - - [13/Aug/2016:19:12:11 +0800] "GET /phpmyadmin/index.php HTTP/1.1" 200 37 "-" "Mozilla/5.0 (iPhone; U; CPU iPhone OS 4_0 like Mac OS X; en-us) AppleWebKit/532.9 (KHTML, like Gecko) Version/4.0.5 Mobile/8A293 Safari/6531.22.7"
180.153.206.18 - - [13/Aug/2016:19:15:11 +0800] "GET /phpmyadmin/index.php HTTP/1.1" 200 37 "-" "Mozilla/5.0 (Windows NT 5.1) AppleWebKit/537.36 (KHTML, like Gecko) Chrome/45.0.2454.101 Safari/537.36"
23.251.51.125 - - [13/Aug/2016:19:55:51 +0800] "GET http://www.sbjudge2.com/azenv.php HTTP/1.1" 200 37 "-" "Mozilla/5.0 (compatible; MSIE 6.0; Windows NT 5.1; Trident/5.0)"
23.251.51.125 - - [13/Aug/2016:19:55:52 +0800] "CONNECT www.alipay.com:443 HTTP/1.0" 400 179 "-" "-"
183.62.126.24 - - [13/Aug/2016:20:17:45 +0800] "GET / HTTP/1.0" 200 22 "-" "-"
183.62.126.24 - - [13/Aug/2016:20:17:45 +0800] "OPTIONS / HTTP/1.0" 200 22 "-" "-"
183.62.126.24 - - [13/Aug/2016:20:17:45 +0800] "OPTIONS / RTSP/1.0" 400 179 "-" "-"
183.62.126.24 - - [13/Aug/2016:20:17:45 +0800] "l\x00\x0B\x00\x00\x00\x00\x00\x00\x00\x00\x00" 400 179 "-" "-"
183.62.126.24 - - [13/Aug/2016:20:17:45 +0800] "GET /nice%20ports%2C/Tri%6Eity.txt%2ebak HTTP/1.0" 200 22 "-" "-"
183.62.126.24 - - [13/Aug/2016:20:17:45 +0800] "A\x00\x00\x00:0\x00\x00\xFF\xFF\xFF\xFF\xD4\x07\x00\x00\x00\x00\x00\x00test.$cmd\x00\x00\x00\x00\x00\xFF\xFF\xFF\xFF\x1B\x00\x00\x00\x01serverStatus\x00\x00\x00\x00\x00\x00\x00\xF0?\x00" 400 179 "-" "-"
183.62.126.24 - - [13/Aug/2016:20:17:50 +0800] "" 400 0 "-" "-"
183.62.126.24 - - [13/Aug/2016:20:17:50 +0800] "\x16\x03\x00\x00S\x01\x00\x00O\x03\x00?G\xD7\xF7\xBA,\xEE\xEA\xB2`~\xF3\x00\xFD\x82{\xB9\xD5\x96\xC8w\x9B\xE6\xC4\xDB<=\xDBo\xEF\x10n\x00\x00(\x00\x16\x00\x13\x00" 400 179 "-" "-"
183.62.126.24 - - [13/Aug/2016:20:17:50 +0800] "\x80\x00\x00(\x1B\xC9/\xA0\x00\x00\x00\x00\x00\x00\x00\x02\x00\x01\x86\xA0\x00\x00\x00\x02\x00\x00\x00\x00\x00\x00\x00\x00\x00\x00\x00\x00\x00\x00\x00\x00\x00\x00\x00\x00" 400 179 "-" "-"
123.151.43.65 - - [13/Aug/2016:20:23:45 +0800] "GET / HTTP/1.1" 200 37 "-" "Scrapy/1.0.4 (+http://scrapy.org)"
155.94.163.58 - - [13/Aug/2016:20:46:28 +0800] "GET /phpmyadmin HTTP/1.1" 200 37 "http://119.29.33.243/phpmyadmin" "Mozilla/4.0 (compatible; MSIE 9.0; Windows NT 6.1)"
106.75.29.120 - - [13/Aug/2016:20:49:26 +0800] "CONNECT 106.75.29.120:44444 HTTP/1.1" 400 179 "-" "-"
114.44.61.118 - - [13/Aug/2016:20:55:29 +0800] "CONNECT vip163mx01.mxmail.netease.com:25 HTTP/1.0" 400 179 "-" "-"
114.44.60.79 - - [13/Aug/2016:21:15:53 +0800] "CONNECT 163mx03.mxmail.netease.com:25 HTTP/1.0" 400 179 "-" "-"
123.151.43.65 - - [13/Aug/2016:21:21:38 +0800] "\x16\x03\x01\x00\xAC\x01\x00\x00\xA8\x03\x01W\xAF\x1E\xE2\x08\xD2u\x22\x13[\xB1\xC75\x98I\xD8\xED\xE9\x89\xCF\xC3g\x94G\x11\xFD\xD9\xC4\xAA\xF2*\x18\x00\x00L\xC0\x14\xC0" 400 179 "-" "-"
123.151.43.65 - - [13/Aug/2016:21:21:39 +0800] "\x16\x03\x01\x00\xAC\x01\x00\x00\xA8\x03\x01W\xAF\x1E\xE2(\x8C\xA6Rc\xD0" 400 179 "-" "-"
112.65.193.15 - - [13/Aug/2016:21:28:15 +0800] "GET / HTTP/1.1" 200 37 "-" "Mozilla/5.0 (Windows NT 5.1) AppleWebKit/537.36 (KHTML, like Gecko) Chrome/45.0.2454.101 Safari/537.36"
23.251.51.125 - - [13/Aug/2016:21:30:07 +0800] "GET http://www.sbjudge2.com/azenv.php HTTP/1.1" 200 37 "-" "Mozilla/5.0 (compatible; MSIE 6.0; Windows NT 5.1; Trident/5.0)"
23.251.51.125 - - [13/Aug/2016:21:30:08 +0800] "CONNECT www.baidu.com:443 HTTP/1.0" 400 179 "-" "-"
23.251.51.125 - - [13/Aug/2016:21:31:07 +0800] "GET http://fr.cyberpods.net/ HTTP/1.1" 200 37 "-" "Mozilla/5.0 (compatible; MSIE 6.0; Windows NT 5.1; Trident/5.0)"
23.251.51.125 - - [13/Aug/2016:21:31:07 +0800] "CONNECT www.baidu.com:443 HTTP/1.0" 400 179 "-" "-"
91.196.50.33 - - [13/Aug/2016:22:03:13 +0800] "GET http://testp3.pospr.waw.pl/testproxy.php HTTP/1.1" 200 12 "-" "Mozilla/5.0 (Windows NT 5.1; rv:32.0) Gecko/20100101 Firefox/31.0"
220.202.123.178 - - [13/Aug/2016:23:02:30 +0800] "GET HTTP/1.1 HTTP/1.1" 400 179 "-" "-"
220.202.123.178 - - [13/Aug/2016:23:02:30 +0800] "GET /cgi-bin/test-cgi HTTP/1.1" 200 37 "-" "Mozilla/4.0 (compatible; MSIE 6.0; Windows 98)"
5.178.86.78 - - [13/Aug/2016:23:30:52 +0800] "CONNECT check.best-proxies.ru:80 HTTP/1.1" 400 179 "-" "-"
183.60.48.110 - - [14/Aug/2016:01:52:16 +0800] "GET / HTTP/1.1" 200 37 "-" "libwww-perl/6.04"
221.199.215.231 - - [14/Aug/2016:02:46:45 +0800] "GET / HTTP/1.1" 200 37 "-" "Go http package"
221.199.215.231 - - [14/Aug/2016:02:46:45 +0800] "GET / HTTP/1.1" 200 37 "-" "Go http package"
221.199.215.231 - - [14/Aug/2016:02:46:45 +0800] "GET / HTTP/1.1" 200 37 "-" "Go http package"
221.199.215.231 - - [14/Aug/2016:02:46:53 +0800] "GET / HTTP/1.1" 200 37 "-" "Go http package"
123.151.43.65 - - [14/Aug/2016:03:52:30 +0800] "GET / HTTP/1.1" 200 37 "-" "Scrapy/1.0.4 (+http://scrapy.org)"
5.178.86.74 - - [14/Aug/2016:04:12:35 +0800] "CONNECT check.best-proxies.ru:80 HTTP/1.1" 400 179 "-" "-"
219.133.49.231 - - [14/Aug/2016:04:14:31 +0800] "GET http://10.133.6.20/proxy.html HTTP/1.1" 200 37 "-" "-"
219.133.49.231 - - [14/Aug/2016:04:14:31 +0800] "\x00" 400 179 "-" "-"
219.133.49.231 - - [14/Aug/2016:04:14:31 +0800] "\x04\x01\x00P\xDC\xB5o\x94\x00\x00" 400 179 "-" "-"
219.133.49.231 - - [14/Aug/2016:04:14:31 +0800] "\x05\x01\x00\x00" 400 179 "-" "-"
182.254.154.72 - - [14/Aug/2016:04:24:50 +0800] "GET http://115.159.79.85/check_proxy.php HTTP/1.1" 200 37 "-" "Java/1.8.0_51"
23.251.51.125 - - [14/Aug/2016:04:34:34 +0800] "GET http://proxyjudge.us/ HTTP/1.1" 200 37 "-" "Mozilla/5.0 (compatible; MSIE 6.0; Windows NT 5.1; Trident/5.0)"
23.251.51.125 - - [14/Aug/2016:04:34:36 +0800] "CONNECT www.alipay.com:443 HTTP/1.0" 400 179 "-" "-"
123.151.43.65 - - [14/Aug/2016:04:48:26 +0800] "\x16\x03\x01\x00\xAC\x01\x00\x00\xA8\x03\x01W\xAF\x87\x99.\xC5\x96\x9F\x1B\xF8\x19W\x93t}\xF5\xBF\x84\xC43U\xABX\xCA\x00\xA2\x0C6\xE6\xBB\xFAp\x00\x00L\xC0\x14\xC0" 400 179 "-" "-"
123.151.43.65 - - [14/Aug/2016:04:48:26 +0800] "\x16\x03\x01\x00\xAC\x01\x00\x00\xA8\x03\x01W\xAF\x87\x9A%W?\x96C\xA0\x1ACt\xCFm\x8B$\xDB\x1A\xCA\xF3]\x94\x04\xE0\xD8\xD0(&Tq\xAA\x00\x00L\xC0\x14\xC0" 400 179 "-" "-"
113.105.95.188 - - [14/Aug/2016:05:00:11 +0800] "GET / HTTP/1.0" 200 22 "-" "-"
113.105.95.188 - - [14/Aug/2016:05:00:11 +0800] "OPTIONS / HTTP/1.0" 200 22 "-" "-"
113.105.95.188 - - [14/Aug/2016:05:00:11 +0800] "OPTIONS / RTSP/1.0" 400 179 "-" "-"
113.105.95.188 - - [14/Aug/2016:05:00:11 +0800] "l\x00\x0B\x00\x00\x00\x00\x00\x00\x00\x00\x00" 400 179 "-" "-"
113.105.95.188 - - [14/Aug/2016:05:00:11 +0800] "GET /nice%20ports%2C/Tri%6Eity.txt%2ebak HTTP/1.0" 200 22 "-" "-"
113.105.95.188 - - [14/Aug/2016:05:00:11 +0800] "A\x00\x00\x00:0\x00\x00\xFF\xFF\xFF\xFF\xD4\x07\x00\x00\x00\x00\x00\x00test.$cmd\x00\x00\x00\x00\x00\xFF\xFF\xFF\xFF\x1B\x00\x00\x00\x01serverStatus\x00\x00\x00\x00\x00\x00\x00\xF0?\x00" 400 179 "-" "-"
113.105.95.188 - - [14/Aug/2016:05:00:16 +0800] "" 400 0 "-" "-"
113.105.95.188 - - [14/Aug/2016:05:00:16 +0800] "\x16\x03\x00\x00S\x01\x00\x00O\x03\x00?G\xD7\xF7\xBA,\xEE\xEA\xB2`~\xF3\x00\xFD\x82{\xB9\xD5\x96\xC8w\x9B\xE6\xC4\xDB<=\xDBo\xEF\x10n\x00\x00(\x00\x16\x00\x13\x00" 400 179 "-" "-"
113.105.95.188 - - [14/Aug/2016:05:00:16 +0800] "\x80\x00\x00(\x05\x82\xF1m\x00\x00\x00\x00\x00\x00\x00\x02\x00\x01\x86\xA0\x00\x00\x00\x02\x00\x00\x00\x00\x00\x00\x00\x00\x00\x00\x00\x00\x00\x00\x00\x00\x00\x00\x00\x00" 400 179 "-" "-"
91.196.50.33 - - [14/Aug/2016:05:23:31 +0800] "GET http://testp1.piwo.pila.pl/testproxy.php HTTP/1.1" 200 12 "-" "Mozilla/5.0 (Windows NT 5.1; rv:32.0) Gecko/20100101 Firefox/31.0"
128.232.110.28 - - [14/Aug/2016:05:41:01 +0800] "HEAD / HTTP/1.1" 200 0 "-" "Mozilla/5.0 zgrab/0.x"
23.251.51.125 - - [14/Aug/2016:05:57:59 +0800] "GET http://www.sbjudge1.com/azenv.php HTTP/1.1" 200 37 "-" "Mozilla/5.0 (compatible; MSIE 6.0; Windows NT 5.1; Trident/5.0)"
23.251.51.125 - - [14/Aug/2016:05:58:00 +0800] "CONNECT www.baidu.com:443 HTTP/1.0" 400 179 "-" "-"
123.151.42.61 - - [14/Aug/2016:06:25:36 +0800] "GET http://www.baidu.com/ HTTP/1.1" 200 37 "-" "-"
211.138.233.52 - - [14/Aug/2016:06:38:41 +0800] "GET /phpmyadmin HTTP/1.1" 200 37 "http://119.29.33.243/phpmyadmin" "Mozilla/4.0 (compatible; MSIE 9.0; Windows NT 6.1)"
183.62.126.24 - - [14/Aug/2016:06:42:46 +0800] "GET / HTTP/1.0" 200 22 "-" "-"
183.62.126.24 - - [14/Aug/2016:06:42:46 +0800] "OPTIONS / HTTP/1.0" 200 22 "-" "-"
183.62.126.24 - - [14/Aug/2016:06:42:46 +0800] "OPTIONS / RTSP/1.0" 400 179 "-" "-"
183.62.126.24 - - [14/Aug/2016:06:42:46 +0800] "l\x00\x0B\x00\x00\x00\x00\x00\x00\x00\x00\x00" 400 179 "-" "-"
183.62.126.24 - - [14/Aug/2016:06:42:46 +0800] "GET /nice%20ports%2C/Tri%6Eity.txt%2ebak HTTP/1.0" 200 22 "-" "-"
183.62.126.24 - - [14/Aug/2016:06:42:46 +0800] "A\x00\x00\x00:0\x00\x00\xFF\xFF\xFF\xFF\xD4\x07\x00\x00\x00\x00\x00\x00test.$cmd\x00\x00\x00\x00\x00\xFF\xFF\xFF\xFF\x1B\x00\x00\x00\x01serverStatus\x00\x00\x00\x00\x00\x00\x00\xF0?\x00" 400 179 "-" "-"
183.62.126.24 - - [14/Aug/2016:06:42:51 +0800] "" 400 0 "-" "-"
183.62.126.24 - - [14/Aug/2016:06:42:51 +0800] "\x16\x03\x00\x00S\x01\x00\x00O\x03\x00?G\xD7\xF7\xBA,\xEE\xEA\xB2`~\xF3\x00\xFD\x82{\xB9\xD5\x96\xC8w\x9B\xE6\xC4\xDB<=\xDBo\xEF\x10n\x00\x00(\x00\x16\x00\x13\x00" 400 179 "-" "-"
183.62.126.24 - - [14/Aug/2016:06:42:51 +0800] "\x80\x00\x00(!\xD9{\xEC\x00\x00\x00\x00\x00\x00\x00\x02\x00\x01\x86\xA0\x00\x00\x00\x02\x00\x00\x00\x00\x00\x00\x00\x00\x00\x00\x00\x00\x00\x00\x00\x00\x00\x00\x00\x00" 400 179 "-" "-"
185.25.148.240 - - [14/Aug/2016:07:08:15 +0800] "GET http://testp1.piwo.pila.pl/testproxy.php HTTP/1.1" 200 12 "-" "Mozilla/5.0 (Windows NT 5.1; rv:32.0) Gecko/20100101 Firefox/31.0"
23.251.51.125 - - [14/Aug/2016:07:25:52 +0800] "GET http://domkrim.com/av.php HTTP/1.1" 200 37 "-" "Mozilla/5.0 (compatible; MSIE 6.0; Windows NT 5.1; Trident/5.0)"
23.251.51.125 - - [14/Aug/2016:07:25:53 +0800] "CONNECT www.alipay.com:443 HTTP/1.0" 400 179 "-" "-"
95.213.187.189 - - [14/Aug/2016:08:34:05 +0800] "CONNECT check.best-proxies.ru:80 HTTP/1.1" 400 179 "-" "-"
141.212.122.96 - - [14/Aug/2016:08:50:03 +0800] "GET / HTTP/1.1" 200 37 "-" "Mozilla/5.0 zgrab/0.x"
23.251.51.125 - - [14/Aug/2016:08:59:13 +0800] "GET http://www.proxyjudge.info/azenv.php HTTP/1.1" 200 37 "-" "Mozilla/5.0 (compatible; MSIE 6.0; Windows NT 5.1; Trident/5.0)"
23.251.51.125 - - [14/Aug/2016:08:59:13 +0800] "CONNECT www.baidu.com:443 HTTP/1.0" 400 179 "-" "-"
182.254.154.72 - - [14/Aug/2016:10:42:47 +0800] "GET http://115.159.79.85/check_proxy.php HTTP/1.1" 200 37 "-" "Java/1.8.0_51"
112.74.206.117 - - [14/Aug/2016:11:41:28 +0800] "GET / HTTP/1.1" 200 37 "-" "-"
23.251.51.125 - - [14/Aug/2016:12:15:12 +0800] "GET http://www.proxy-listen.de/azenv.php HTTP/1.1" 200 37 "-" "Mozilla/5.0 (compatible; MSIE 6.0; Windows NT 5.1; Trident/5.0)"
175.197.116.140 - - [14/Aug/2016:12:51:20 +0800] "GET /phpmyadmin/index.php HTTP/1.1" 200 37 "http://119.29.33.243/phpmyadmin/index.php" "Mozilla/4.0 (compatible; MSIE 9.0; Windows NT 6.1)"
95.213.187.188 - - [14/Aug/2016:12:55:27 +0800] "CONNECT check.best-proxies.ru:80 HTTP/1.1" 400 179 "-" "-"
163.172.173.181 - - [14/Aug/2016:12:56:37 +0800] "GET http://www.baidu.com/cache/global/img/gs.gif HTTP/1.1" 200 37 "-" "Mozilla"
222.186.34.69 - - [14/Aug/2016:13:10:48 +0800] "GET /phpMyAdmin HTTP/1.1" 200 37 "http://119.29.33.243/phpMyAdmin" "Mozilla/4.0 (compatible; MSIE 9.0; Windows NT 6.1)"
23.251.51.125 - - [14/Aug/2016:13:32:55 +0800] "GET http://www.sbjudge1.com/azenv.php HTTP/1.1" 200 37 "-" "Mozilla/5.0 (compatible; MSIE 6.0; Windows NT 5.1; Trident/5.0)"
23.251.51.125 - - [14/Aug/2016:13:32:55 +0800] "CONNECT www.baidu.com:443 HTTP/1.0" 400 179 "-" "-"
80.82.78.38 - - [14/Aug/2016:14:11:07 +0800] "GET http://www.baidu.com/cache/global/img/gs.gif HTTP/1.1" 200 37 "-" "Mozilla"
116.211.121.35 - - [14/Aug/2016:14:30:09 +0800] "GET /phpmyadmin/index.php HTTP/1.1" 200 37 "http://119.29.33.243/phpmyadmin/index.php" "Mozilla/4.0 (compatible; MSIE 9.0; Windows NT 6.1)"
23.251.51.125 - - [14/Aug/2016:14:54:51 +0800] "GET http://www.proxy-listen.de/azenv.php HTTP/1.1" 200 37 "-" "Mozilla/5.0 (compatible; MSIE 6.0; Windows NT 5.1; Trident/5.0)"
23.251.51.125 - - [14/Aug/2016:14:54:52 +0800] "CONNECT www.baidu.com:443 HTTP/1.0" 400 179 "-" "-"
23.251.51.125 - - [14/Aug/2016:14:54:57 +0800] "GET http://domkrim.com/av.php HTTP/1.1" 200 37 "-" "Mozilla/5.0 (compatible; MSIE 6.0; Windows NT 5.1; Trident/5.0)"
23.251.51.125 - - [14/Aug/2016:14:54:58 +0800] "CONNECT www.baidu.com:443 HTTP/1.0" 400 179 "-" "-"
222.186.34.69 - - [14/Aug/2016:15:37:08 +0800] "GET /phpMyAdmin HTTP/1.1" 200 37 "http://119.29.33.243/phpMyAdmin" "Mozilla/4.0 (compatible; MSIE 9.0; Windows NT 6.1)"
23.251.51.125 - - [14/Aug/2016:16:26:31 +0800] "GET http://www.proxyjudge.info/azenv.php HTTP/1.1" 200 37 "-" "Mozilla/5.0 (compatible; MSIE 6.0; Windows NT 5.1; Trident/5.0)"
23.251.51.125 - - [14/Aug/2016:16:26:32 +0800] "CONNECT www.alipay.com:443 HTTP/1.0" 400 179 "-" "-"
91.196.50.33 - - [14/Aug/2016:16:28:07 +0800] "GET http://testp4.pospr.waw.pl/testproxy.php HTTP/1.1" 200 12 "-" "Mozilla/5.0 (Windows NT 5.1; rv:32.0) Gecko/20100101 Firefox/31.0"
137.226.113.4 - - [14/Aug/2016:16:31:44 +0800] "\x16\x03\x01\x00|\x01\x00\x00x\x03\x03\xD5/\xF0\x9A\xD0-\xA4\xC2\x8A\x0C\xA1\x08m];\xA2\xE9\xA9\xC5\xD8-:\xC5hbZ\xB2\x9E\xED\x0E#D\x00\x00\x1A\xC0/\xC0+\xC0\x11\xC0\x07\xC0\x13\xC0\x09\xC0\x14\xC0" 400 179 "-" "-"
112.126.82.197 - - [14/Aug/2016:16:40:29 +0800] "GET /phpmyadmin HTTP/1.1" 200 37 "http://119.29.33.243/phpmyadmin" "Mozilla/4.0 (compatible; MSIE 9.0; Windows NT 6.1)"
95.213.187.188 - - [14/Aug/2016:17:20:45 +0800] "CONNECT check.best-proxies.ru:80 HTTP/1.1" 400 179 "-" "-"
169.229.3.91 - - [14/Aug/2016:17:22:52 +0800] "\xD9/\x8B\x8A&\xD0tu_\x16\x15\xB3-\xF3\x0C3\x7FQ\xB5\xFFr\xD3\x08\x06\x09\xD6w\xA0\xCCf8;\x04c5V\xF2\xF2\xB6\x9C\xAA:wU\x9C\xB0\xD1\x17\x9Bp\xD6\x18a\x13\xEA:\x8F\xF1Nw\x1AT >" 400 179 "-" "-"
222.186.34.69 - - [14/Aug/2016:17:51:21 +0800] "GET /phpMyAdmin HTTP/1.1" 200 37 "http://119.29.33.243/phpMyAdmin" "Mozilla/4.0 (compatible; MSIE 9.0; Windows NT 6.1)"
123.151.42.61 - - [14/Aug/2016:18:25:32 +0800] "GET http://www.baidu.com/ HTTP/1.1" 200 37 "-" "-"
106.75.29.120 - - [14/Aug/2016:19:33:17 +0800] "CONNECT 106.75.29.120:44444 HTTP/1.1" 400 179 "-" "-"
141.212.122.128 - - [14/Aug/2016:19:53:49 +0800] "GET /x HTTP/1.1" 400 179 "-" "Telesphoreo"
123.151.43.65 - - [14/Aug/2016:20:24:14 +0800] "GET / HTTP/1.1" 200 37 "-" "Scrapy/1.0.4 (+http://scrapy.org)"
202.91.246.180 - - [14/Aug/2016:20:33:50 +0800] "GET /phpMyAdmin HTTP/1.1" 200 37 "http://119.29.33.243/phpMyAdmin" "Mozilla/4.0 (compatible; MSIE 9.0; Windows NT 6.1)"
23.251.51.125 - - [14/Aug/2016:20:52:38 +0800] "GET http://proxyjudge.us/ HTTP/1.1" 200 37 "-" "Mozilla/5.0 (compatible; MSIE 6.0; Windows NT 5.1; Trident/5.0)"
23.251.51.125 - - [14/Aug/2016:20:54:55 +0800] "CONNECT www.baidu.com:443 HTTP/1.0" 400 179 "-" "-"
123.151.43.65 - - [14/Aug/2016:21:22:25 +0800] "\x16\x03\x01\x00\xAC\x01\x00\x00\xA8\x03\x01W\xB0p\x90\xB2\xE5\xD0\xD5Ve\xFCw*\xFF\xE3\xC2\xEF\x8B\xD4S\xCBw\x5C%\xC1@\xB1\x88\x07\x18\xECw\x00\x00L\xC0\x14\xC0" 400 179 "-" "-"
123.151.43.65 - - [14/Aug/2016:21:22:25 +0800] "\x16\x03\x01\x00\xAC\x01\x00\x00\xA8\x03\x01W\xB0p\x91\x0C\xD2\xDDj\xEF\x80\x94\xC7\xED\x9D\xDE?\xCF\x0F\xEC4\xF8@\xC1+Y5\x16\x8A#\x8C\xE4\x02\x00\x00L\xC0\x14\xC0" 400 179 "-" "-"
95.213.187.188 - - [14/Aug/2016:21:44:13 +0800] "CONNECT check.best-proxies.ru:80 HTTP/1.1" 400 179 "-" "-"
121.199.70.200 - - [14/Aug/2016:22:06:19 +0800] "GET / HTTP/1.1" 200 37 "-" "-"
23.251.51.125 - - [14/Aug/2016:22:09:28 +0800] "GET http://fr.cyberpods.net/ HTTP/1.1" 200 37 "-" "Mozilla/5.0 (compatible; MSIE 6.0; Windows NT 5.1; Trident/5.0)"
23.251.51.125 - - [14/Aug/2016:22:09:30 +0800] "CONNECT www.baidu.com:443 HTTP/1.0" 400 179 "-" "-"
59.56.74.209 - - [14/Aug/2016:22:12:33 +0800] "HEAD / HTTP/1.0" 200 0 "-" "-"
182.140.135.52 - - [14/Aug/2016:23:58:01 +0800] "GET / HTTP/1.0" 200 22 "-" "-"
182.140.135.52 - - [14/Aug/2016:23:58:01 +0800] "OPTIONS / HTTP/1.0" 200 22 "-" "-"
182.140.135.52 - - [14/Aug/2016:23:58:02 +0800] "OPTIONS / RTSP/1.0" 400 179 "-" "-"
182.140.135.52 - - [14/Aug/2016:23:58:02 +0800] "l\x00\x0B\x00\x00\x00\x00\x00\x00\x00\x00\x00" 400 179 "-" "-"
182.140.135.52 - - [14/Aug/2016:23:58:02 +0800] "GET /nice%20ports%2C/Tri%6Eity.txt%2ebak HTTP/1.0" 200 22 "-" "-"
182.140.135.52 - - [14/Aug/2016:23:58:02 +0800] "A\x00\x00\x00:0\x00\x00\xFF\xFF\xFF\xFF\xD4\x07\x00\x00\x00\x00\x00\x00test.$cmd\x00\x00\x00\x00\x00\xFF\xFF\xFF\xFF\x1B\x00\x00\x00\x01serverStatus\x00\x00\x00\x00\x00\x00\x00\xF0?\x00" 400 179 "-" "-"
182.140.135.52 - - [14/Aug/2016:23:58:07 +0800] "" 400 0 "-" "-"
182.140.135.52 - - [14/Aug/2016:23:58:07 +0800] "\x16\x03\x00\x00S\x01\x00\x00O\x03\x00?G\xD7\xF7\xBA,\xEE\xEA\xB2`~\xF3\x00\xFD\x82{\xB9\xD5\x96\xC8w\x9B\xE6\xC4\xDB<=\xDBo\xEF\x10n\x00\x00(\x00\x16\x00\x13\x00" 400 179 "-" "-"
182.140.135.52 - - [14/Aug/2016:23:58:07 +0800] "\x80\x00\x00(" 400 179 "-" "-"
182.254.154.72 - - [15/Aug/2016:00:03:23 +0800] "GET http://115.159.79.85/check_proxy.php HTTP/1.1" 200 37 "-" "Java/1.8.0_51"
23.251.51.125 - - [15/Aug/2016:00:31:53 +0800] "GET http://www.sbjudge2.com/azenv.php HTTP/1.1" 200 37 "-" "Mozilla/5.0 (compatible; MSIE 6.0; Windows NT 5.1; Trident/5.0)"
23.251.51.125 - - [15/Aug/2016:00:31:54 +0800] "CONNECT www.baidu.com:443 HTTP/1.0" 400 179 "-" "-"
114.112.154.162 - - [15/Aug/2016:01:10:42 +0800] "GET /phpmyadmin HTTP/1.1" 200 37 "http://119.29.33.243/phpmyadmin" "Mozilla/4.0 (compatible; MSIE 9.0; Windows NT 6.1)"
183.60.48.110 - - [15/Aug/2016:01:36:09 +0800] "GET / HTTP/1.1" 200 37 "-" "libwww-perl/6.04"
91.196.50.33 - - [15/Aug/2016:01:36:24 +0800] "GET http://testp1.piwo.pila.pl/testproxy.php HTTP/1.1" 200 12 "-" "Mozilla/5.0 (Windows NT 5.1; rv:32.0) Gecko/20100101 Firefox/31.0"
202.91.246.180 - - [15/Aug/2016:01:57:43 +0800] "GET /phpMyAdmin HTTP/1.1" 200 37 "http://119.29.33.243/phpMyAdmin" "Mozilla/4.0 (compatible; MSIE 9.0; Windows NT 6.1)"
23.251.51.125 - - [15/Aug/2016:02:02:39 +0800] "GET http://www.sbjudge2.com/azenv.php HTTP/1.1" 200 37 "-" "Mozilla/5.0 (compatible; MSIE 6.0; Windows NT 5.1; Trident/5.0)"
23.251.51.125 - - [15/Aug/2016:02:02:39 +0800] "CONNECT www.baidu.com:443 HTTP/1.0" 400 179 "-" "-"
23.251.51.125 - - [15/Aug/2016:02:03:04 +0800] "GET http://www.proxyjudge.info/azenv.php HTTP/1.1" 200 37 "-" "Mozilla/5.0 (compatible; MSIE 6.0; Windows NT 5.1; Trident/5.0)"
23.251.51.125 - - [15/Aug/2016:02:03:04 +0800] "CONNECT www.alipay.com:443 HTTP/1.0" 400 179 "-" "-"
5.178.86.76 - - [15/Aug/2016:02:11:22 +0800] "CONNECT check.best-proxies.ru:80 HTTP/1.1" 400 179 "-" "-"
123.151.42.61 - - [15/Aug/2016:03:25:57 +0800] "GET http://www.baidu.com/ HTTP/1.1" 200 37 "-" "-"
222.186.58.140 - - [15/Aug/2016:03:46:03 +0800] "GET / HTTP/1.1" 200 37 "http://119.29.33.243:80/" "Mozilla/4.0 (compatible; MSIE 9.0; Windows NT 6.1)"
123.151.43.65 - - [15/Aug/2016:03:52:31 +0800] "GET / HTTP/1.1" 200 37 "-" "Scrapy/1.0.4 (+http://scrapy.org)"
182.254.154.72 - - [15/Aug/2016:03:59:33 +0800] "GET http://115.159.79.85/check_proxy.php HTTP/1.1" 200 37 "-" "Java/1.8.0_51"
123.151.43.65 - - [15/Aug/2016:04:48:19 +0800] "\x16\x03\x01\x00\xAC\x01\x00\x00\xA8\x03\x01W\xB0\xD9\x13\x13\x15\xB7%\xD3\xC9\x08h\xF9\xB6\xFD_\x8C\xE1\xD3*\x84E\xAE\xFD$\xEE\xB3>\x02\xC0\xF0\xB7\x00\x00L\xC0\x14\xC0" 400 179 "-" "-"
123.151.43.65 - - [15/Aug/2016:04:48:19 +0800] "\x16\x03\x01\x00\xAC\x01\x00\x00\xA8\x03\x01W\xB0\xD9\x13\x90\xF6\xCE*\xF1\x82I9\x0F\xFC\x94\xF6m\xFD\xCB\xF3\x9Dq\xBE\xC6E\xCF\x92\xDB\xBBeS\xB1\x00\x00L\xC0\x14\xC0" 400 179 "-" "-"
123.56.233.113 - - [15/Aug/2016:05:45:22 +0800] "GET / HTTP/1.1" 200 37 "-" "-"
95.213.187.186 - - [15/Aug/2016:06:42:35 +0800] "CONNECT check.best-proxies.ru:80 HTTP/1.1" 400 179 "-" "-"
119.147.21.64 - - [15/Aug/2016:06:50:43 +0800] "GET / HTTP/1.1" 200 37 "-" "Python-urllib/2.7"
91.196.50.33 - - [15/Aug/2016:07:27:25 +0800] "GET http://testp4.pospr.waw.pl/testproxy.php HTTP/1.1" 200 12 "-" "Mozilla/5.0 (Windows NT 5.1; rv:32.0) Gecko/20100101 Firefox/31.0"
23.251.51.125 - - [15/Aug/2016:10:05:14 +0800] "GET http://www.sbjudge3.com/azenv.php HTTP/1.1" 200 37 "-" "Mozilla/5.0 (compatible; MSIE 6.0; Windows NT 5.1; Trident/5.0)"
23.251.51.125 - - [15/Aug/2016:10:05:15 +0800] "CONNECT www.baidu.com:443 HTTP/1.0" 400 179 "-" "-"
182.140.168.15 - - [15/Aug/2016:10:11:28 +0800] "GET / HTTP/1.1" 200 37 "-" "python-requests/2.9.1"
185.49.14.190 - - [15/Aug/2016:10:50:50 +0800] "GET http://testp4.pospr.waw.pl/testproxy.php HTTP/1.1" 200 12 "-" "Mozilla/5.0 (Windows NT 5.1; rv:32.0) Gecko/20100101 Firefox/31.0"
5.178.86.78 - - [15/Aug/2016:11:10:27 +0800] "CONNECT check.best-proxies.ru:80 HTTP/1.1" 400 179 "-" "-"
23.251.51.125 - - [15/Aug/2016:11:15:09 +0800] "GET http://www.proxyjudge.info/azenv.php HTTP/1.1" 200 37 "-" "Mozilla/5.0 (compatible; MSIE 6.0; Windows NT 5.1; Trident/5.0)"
23.251.51.125 - - [15/Aug/2016:11:15:10 +0800] "CONNECT www.alipay.com:443 HTTP/1.0" 400 179 "-" "-"
80.82.78.38 - - [15/Aug/2016:12:50:21 +0800] "GET http://www.baidu.com/cache/global/img/gs.gif HTTP/1.1" 200 37 "-" "Mozilla"
119.147.32.253 - - [15/Aug/2016:14:36:41 +0800] "GET / HTTP/1.0" 200 22 "-" "-"
119.147.32.253 - - [15/Aug/2016:14:36:41 +0800] "OPTIONS / HTTP/1.0" 200 22 "-" "-"
119.147.32.253 - - [15/Aug/2016:14:36:41 +0800] "OPTIONS / RTSP/1.0" 400 179 "-" "-"
119.147.32.253 - - [15/Aug/2016:14:36:41 +0800] "l\x00\x0B\x00\x00\x00\x00\x00\x00\x00\x00\x00" 400 179 "-" "-"
119.147.32.253 - - [15/Aug/2016:14:36:41 +0800] "GET /nice%20ports%2C/Tri%6Eity.txt%2ebak HTTP/1.0" 200 22 "-" "-"
119.147.32.253 - - [15/Aug/2016:14:36:41 +0800] "A\x00\x00\x00:0\x00\x00\xFF\xFF\xFF\xFF\xD4\x07\x00\x00\x00\x00\x00\x00test.$cmd\x00\x00\x00\x00\x00\xFF\xFF\xFF\xFF\x1B\x00\x00\x00\x01serverStatus\x00\x00\x00\x00\x00\x00\x00\xF0?\x00" 400 179 "-" "-"
119.147.32.253 - - [15/Aug/2016:14:36:46 +0800] "" 400 0 "-" "-"
119.147.32.253 - - [15/Aug/2016:14:36:46 +0800] "\x16\x03\x00\x00S\x01\x00\x00O\x03\x00?G\xD7\xF7\xBA,\xEE\xEA\xB2`~\xF3\x00\xFD\x82{\xB9\xD5\x96\xC8w\x9B\xE6\xC4\xDB<=\xDBo\xEF\x10n\x00\x00(\x00\x16\x00\x13\x00" 400 179 "-" "-"
119.147.32.253 - - [15/Aug/2016:14:36:46 +0800] "\x80\x00\x00(*\xD3'\xBC\x00\x00\x00\x00\x00\x00\x00\x02\x00\x01\x86\xA0\x00\x00\x00\x02\x00\x00\x00\x00\x00\x00\x00\x00\x00\x00\x00\x00\x00\x00\x00\x00\x00\x00\x00\x00" 400 179 "-" "-"
123.151.42.61 - - [15/Aug/2016:15:25:54 +0800] "GET http://www.baidu.com/ HTTP/1.1" 200 37 "-" "-"
182.254.154.72 - - [15/Aug/2016:15:26:09 +0800] "GET http://115.159.79.85/check_proxy.php HTTP/1.1" 200 37 "-" "Java/1.8.0_51"
5.178.86.75 - - [15/Aug/2016:15:35:32 +0800] "CONNECT check.best-proxies.ru:80 HTTP/1.1" 400 179 "-" "-"
218.75.70.3 - - [15/Aug/2016:16:25:43 +0800] "GET / HTTP/1.1" 200 37 "-" "-"
183.131.19.110 - - [15/Aug/2016:17:30:36 +0800] "\x04\x01\x00PpTi4\x00" 400 179 "-" "-"
183.131.19.110 - - [15/Aug/2016:17:30:36 +0800] "\x05\x01\x00" 400 179 "-" "-"
183.131.19.110 - - [15/Aug/2016:17:30:36 +0800] "GET http://www.qq.com/404/search_children.js HTTP/1.1" 200 37 "-" "Mozilla/5.0 (X11; Linux x86_64) AppleWebKit/537.36 (KHTML, like Gecko) Chrome/35.0.1916.114 Safari/537.36"
172.82.166.210 - - [15/Aug/2016:18:01:54 +0800] "GET http://www.baidu.com/cache/global/img/gs.gif HTTP/1.1" 200 37 "-" "Mozilla"
222.186.34.69 - - [15/Aug/2016:18:09:17 +0800] "GET /phpmyadmin HTTP/1.1" 200 37 "http://119.29.33.243/phpmyadmin" "Mozilla/4.0 (compatible; MSIE 9.0; Windows NT 6.1)"
120.25.103.140 - - [15/Aug/2016:19:51:59 +0800] "GET / HTTP/1.1" 200 37 "-" "-"
5.178.86.78 - - [15/Aug/2016:20:02:23 +0800] "CONNECT check.best-proxies.ru:80 HTTP/1.1" 400 179 "-" "-"
123.151.43.65 - - [15/Aug/2016:21:21:00 +0800] "\x16\x03\x01\x00\xAC\x01\x00\x00\xA8\x03\x01W\xB1\xC1\xBC\xFCDv\xA7\xF0\xE2\xC0\x9E[\x89u\x1FF\xE6]\x09u\xC5 ~R0\x22KLem\xF2\x00\x00L\xC0\x14\xC0" 400 179 "-" "-"
123.151.43.65 - - [15/Aug/2016:21:21:01 +0800] "\x16\x03\x01\x00\xAC\x01\x00\x00\xA8\x03\x01W\xB1\xC1\xBCH\xF8\x0E\x03" 400 179 "-" "-"
106.75.29.120 - - [15/Aug/2016:21:25:39 +0800] "CONNECT 106.75.29.120:44444 HTTP/1.1" 400 179 "-" "-"
23.251.51.125 - - [15/Aug/2016:22:16:59 +0800] "GET http://proxyjudge.us/ HTTP/1.1" 200 37 "-" "Mozilla/5.0 (compatible; MSIE 6.0; Windows NT 5.1; Trident/5.0)"
23.251.51.125 - - [15/Aug/2016:22:16:59 +0800] "CONNECT www.baidu.com:443 HTTP/1.0" 400 179 "-" "-"
23.251.51.125 - - [15/Aug/2016:22:17:19 +0800] "GET http://www.sbjudge1.com/azenv.php HTTP/1.1" 200 37 "-" "Mozilla/5.0 (compatible; MSIE 6.0; Windows NT 5.1; Trident/5.0)"
23.251.51.125 - - [15/Aug/2016:22:17:20 +0800] "CONNECT www.baidu.com:443 HTTP/1.0" 400 179 "-" "-"
114.44.61.103 - - [15/Aug/2016:22:35:42 +0800] "CONNECT 163mx03.mxmail.netease.com:25 HTTP/1.0" 400 179 "-" "-"
23.251.51.125 - - [15/Aug/2016:23:40:47 +0800] "GET http://proxyjudge.us/ HTTP/1.1" 200 37 "-" "Mozilla/5.0 (compatible; MSIE 6.0; Windows NT 5.1; Trident/5.0)"
23.251.51.125 - - [15/Aug/2016:23:40:47 +0800] "CONNECT www.alipay.com:443 HTTP/1.0" 400 179 "-" "-"
23.251.51.125 - - [15/Aug/2016:23:41:03 +0800] "GET http://www.luisaranguren.com/azenv.php HTTP/1.1" 200 37 "-" "Mozilla/5.0 (compatible; MSIE 6.0; Windows NT 5.1; Trident/5.0)"
23.251.51.125 - - [15/Aug/2016:23:41:03 +0800] "CONNECT www.baidu.com:443 HTTP/1.0" 400 179 "-" "-"
52.49.12.192 - - [15/Aug/2016:23:42:18 +0800] "GET / HTTP/1.1" 200 37 "-" "Mozilla/5.0 (Windows NT 6.1; WOW64) AppleWebKit/537.11 (KHTML, like Gecko) Chrome/23.0.1271.64 Safari/537.11"
123.151.43.65 - - [15/Aug/2016:23:54:47 +0800] "GET / HTTP/1.1" 200 37 "-" "Scrapy/1.0.4 (+http://scrapy.org)"
183.60.15.115 - - [16/Aug/2016:00:15:12 +0800] "GET / HTTP/1.0" 200 22 "-" "-"
183.60.15.115 - - [16/Aug/2016:00:15:12 +0800] "OPTIONS / HTTP/1.0" 200 22 "-" "-"
183.60.15.115 - - [16/Aug/2016:00:15:12 +0800] "OPTIONS / RTSP/1.0" 400 179 "-" "-"
183.60.15.115 - - [16/Aug/2016:00:15:12 +0800] "l\x00\x0B\x00\x00\x00\x00\x00\x00\x00\x00\x00" 400 179 "-" "-"
183.60.15.115 - - [16/Aug/2016:00:15:12 +0800] "GET /nice%20ports%2C/Tri%6Eity.txt%2ebak HTTP/1.0" 200 22 "-" "-"
183.60.15.115 - - [16/Aug/2016:00:15:12 +0800] "A\x00\x00\x00:0\x00\x00\xFF\xFF\xFF\xFF\xD4\x07\x00\x00\x00\x00\x00\x00test.$cmd\x00\x00\x00\x00\x00\xFF\xFF\xFF\xFF\x1B\x00\x00\x00\x01serverStatus\x00\x00\x00\x00\x00\x00\x00\xF0?\x00" 400 179 "-" "-"
183.60.15.115 - - [16/Aug/2016:00:15:17 +0800] "" 400 0 "-" "-"
183.60.15.115 - - [16/Aug/2016:00:15:17 +0800] "\x16\x03\x00\x00S\x01\x00\x00O\x03\x00?G\xD7\xF7\xBA,\xEE\xEA\xB2`~\xF3\x00\xFD\x82{\xB9\xD5\x96\xC8w\x9B\xE6\xC4\xDB<=\xDBo\xEF\x10n\x00\x00(\x00\x16\x00\x13\x00" 400 179 "-" "-"
183.60.15.115 - - [16/Aug/2016:00:15:17 +0800] "\x80\x00\x00(AL\xF6\x80\x00\x00\x00\x00\x00\x00\x00\x02\x00\x01\x86\xA0\x00\x00\x00\x02\x00\x00\x00\x00\x00\x00\x00\x00\x00\x00\x00\x00\x00\x00\x00\x00\x00\x00\x00\x00" 400 179 "-" "-"
23.251.51.125 - - [16/Aug/2016:00:31:29 +0800] "GET http://fr.cyberpods.net/ HTTP/1.1" 200 37 "-" "Mozilla/5.0 (compatible; MSIE 6.0; Windows NT 5.1; Trident/5.0)"
23.251.51.125 - - [16/Aug/2016:00:31:30 +0800] "CONNECT www.baidu.com:443 HTTP/1.0" 400 179 "-" "-"
23.251.51.125 - - [16/Aug/2016:00:31:46 +0800] "GET http://www.proxyjudge.info/azenv.php HTTP/1.1" 200 37 "-" "Mozilla/5.0 (compatible; MSIE 6.0; Windows NT 5.1; Trident/5.0)"
23.251.51.125 - - [16/Aug/2016:00:31:47 +0800] "CONNECT www.alipay.com:443 HTTP/1.0" 400 179 "-" "-"
5.178.86.74 - - [16/Aug/2016:00:53:54 +0800] "CONNECT check.best-proxies.ru:80 HTTP/1.1" 400 179 "-" "-"
182.254.154.72 - - [16/Aug/2016:01:58:01 +0800] "GET http://115.159.79.85/check_proxy.php HTTP/1.1" 200 37 "-" "Java/1.8.0_51"
101.226.68.215 - - [16/Aug/2016:02:12:18 +0800] "GET / HTTP/1.1" 200 37 "-" "Mozilla/5.0 (iPhone; U; CPU iPhone OS 4_0 like Mac OS X; en-us) AppleWebKit/532.9 (KHTML, like Gecko) Version/4.0.5 Mobile/8A293 Safari/6531.22.7"
61.157.96.193 - - [16/Aug/2016:02:13:12 +0800] "GET http://50.117.47.67:43530/?rands=_127711623168825765443440 HTTP/1.1" 200 37 "-" "Mozilla/5.0 (compatible; MSIE 10.0; Windows NT 6.1; WOW64; Trident/6.0)"
61.157.96.193 - - [16/Aug/2016:02:13:12 +0800] "GET http://50.117.86.106/?rands=_13212136606214902654349760 HTTP/1.1" 200 37 "-" "Mozilla/5.0 (compatible; MSIE 10.0; Windows NT 6.1; WOW64; Trident/6.0)"
61.157.96.193 - - [16/Aug/2016:02:13:12 +0800] "GET http://123.249.29.201:43210/?rands=_162204656961767361268704 HTTP/1.1" 200 37 "-" "Mozilla/5.0 (compatible; MSIE 10.0; Windows NT 6.1; WOW64; Trident/6.0)"
61.157.96.193 - - [16/Aug/2016:02:13:38 +0800] "GET http://50.117.47.67:43530/?rands=_4518929601157974236768 HTTP/1.1" 200 37 "-" "Mozilla/5.0 (compatible; MSIE 10.0; Windows NT 6.1; WOW64; Trident/6.0)"
61.157.96.193 - - [16/Aug/2016:02:13:38 +0800] "GET http://50.117.86.106/?rands=_9590130215615954121105520 HTTP/1.1" 200 37 "-" "Mozilla/5.0 (compatible; MSIE 10.0; Windows NT 6.1; WOW64; Trident/6.0)"
61.157.96.193 - - [16/Aug/2016:02:13:38 +0800] "GET http://123.249.29.201:43210/?rands=_127711288987722544899096 HTTP/1.1" 200 37 "-" "Mozilla/5.0 (compatible; MSIE 10.0; Windows NT 6.1; WOW64; Trident/6.0)"
61.157.96.193 - - [16/Aug/2016:02:13:59 +0800] "GET http://50.117.47.67:43530/?rands=_24360723996995700250488 HTTP/1.1" 200 37 "-" "Mozilla/5.0 (compatible; MSIE 10.0; Windows NT 6.1; WOW64; Trident/6.0)"
61.157.96.193 - - [16/Aug/2016:02:13:59 +0800] "GET http://50.117.86.106/?rands=_310182384450298580555685780 HTTP/1.1" 200 37 "-" "Mozilla/5.0 (compatible; MSIE 10.0; Windows NT 6.1; WOW64; Trident/6.0)"
61.157.96.193 - - [16/Aug/2016:02:13:59 +0800] "GET http://123.249.29.201:43210/?rands=_312235797225774655009488 HTTP/1.1" 200 37 "-" "Mozilla/5.0 (compatible; MSIE 10.0; Windows NT 6.1; WOW64; Trident/6.0)"
119.147.146.189 - - [16/Aug/2016:02:14:03 +0800] "GET / HTTP/1.1" 200 37 "-" "Mozilla/5.0 (Windows NT 6.1; WOW64) AppleWebKit/537.36 (KHTML, like Gecko) Chrome/39.0.2171.95  Safari/537.36"
101.226.61.207 - - [16/Aug/2016:02:15:18 +0800] "GET / HTTP/1.1" 200 37 "-" "Mozilla/5.0 (Windows NT 5.1) AppleWebKit/537.36 (KHTML, like Gecko) Chrome/45.0.2454.101 Safari/537.36"
183.60.48.110 - - [16/Aug/2016:02:22:57 +0800] "GET / HTTP/1.1" 200 37 "-" "libwww-perl/6.04"
23.251.51.125 - - [16/Aug/2016:02:29:26 +0800] "GET http://www.sbjudge3.com/azenv.php HTTP/1.1" 200 37 "-" "Mozilla/5.0 (compatible; MSIE 6.0; Windows NT 5.1; Trident/5.0)"
23.251.51.125 - - [16/Aug/2016:02:29:28 +0800] "CONNECT www.alipay.com:443 HTTP/1.0" 400 179 "-" "-"
123.151.43.65 - - [16/Aug/2016:04:49:13 +0800] "\x16\x03\x01\x00\xAC\x01\x00\x00\xA8\x03\x01W\xB2*\xC9i\x18[-\x9B\xFC_\x93\xF1U\xA1\xDC\x1D\xC9{\x0F\x99\xB96#\x0C\xB1\xD8\x1C\xC6\xFF\x9Fi\x00\x00L\xC0\x14\xC0" 400 179 "-" "-"
123.151.43.65 - - [16/Aug/2016:04:49:13 +0800] "\x16\x03\x01\x00\xAC\x01\x00\x00\xA8\x03\x01W\xB2*\xC98\xE6\xEDK\xC1xL\x19\x22\x14\x1C\xAE\xD0p\x09\xBA\xD7\xBA\xC0\xFC\xDE\xAD\x1F\xD2\xF2\x84\x04\xD0\x00\x00L\xC0\x14\xC0" 400 179 "-" "-"
219.133.49.231 - - [16/Aug/2016:04:55:28 +0800] "GET http://10.133.6.20/proxy.html HTTP/1.1" 200 37 "-" "-"
219.133.49.231 - - [16/Aug/2016:04:55:28 +0800] "\x00" 400 179 "-" "-"
219.133.49.231 - - [16/Aug/2016:04:55:28 +0800] "\x04\x01\x00P\xDC\xB5o\x94\x00\x00" 400 179 "-" "-"
