219.133.49.231 - - [16/Aug/2016:04:55:29 +0800] "\x05\x01\x00\x00" 400 179 "-" "-"
5.178.86.76 - - [16/Aug/2016:05:26:04 +0800] "CONNECT check.best-proxies.ru:80 HTTP/1.1" 400 179 "-" "-"
91.196.50.33 - - [16/Aug/2016:05:33:44 +0800] "GET http://testp1.piwo.pila.pl/testproxy.php HTTP/1.1" 200 12 "-" "Mozilla/5.0 (Windows NT 5.1; rv:32.0) Gecko/20100101 Firefox/31.0"
23.251.51.125 - - [16/Aug/2016:05:44:38 +0800] "GET http://www.proxyjudge.info/azenv.php HTTP/1.1" 200 37 "-" "Mozilla/5.0 (compatible; MSIE 6.0; Windows NT 5.1; Trident/5.0)"
23.251.51.125 - - [16/Aug/2016:05:44:39 +0800] "CONNECT www.alipay.com:443 HTTP/1.0" 400 179 "-" "-"
23.251.51.125 - - [16/Aug/2016:05:45:07 +0800] "GET http://www.sbjudge2.com/azenv.php HTTP/1.1" 200 37 "-" "Mozilla/5.0 (compatible; MSIE 6.0; Windows NT 5.1; Trident/5.0)"
23.251.51.125 - - [16/Aug/2016:05:45:08 +0800] "CONNECT www.alipay.com:443 HTTP/1.0" 400 179 "-" "-"
123.151.42.61 - - [16/Aug/2016:05:56:11 +0800] "GET http://www.baidu.com/ HTTP/1.1" 200 37 "-" "-"
123.57.249.182 - - [16/Aug/2016:06:07:15 +0800] "OPTIONS / HTTP/1.1" 200 37 "-" "Mozilla/5.0 (Windows NT 6.2; WOW64) AppleWebKit/537.36 (KHTML, like Gecko) Chrome/29.0.1547.0 Safari/537.36"
123.151.43.65 - - [16/Aug/2016:07:21:42 +0800] "GET / HTTP/1.1" 200 37 "-" "Scrapy/1.0.4 (+http://scrapy.org)"
185.49.14.190 - - [16/Aug/2016:08:11:28 +0800] "GET http://testp3.pospr.waw.pl/testproxy.php HTTP/1.1" 200 12 "-" "Mozilla/5.0 (Windows NT 5.1; rv:32.0) Gecko/20100101 Firefox/31.0"
183.60.15.115 - - [16/Aug/2016:08:48:13 +0800] "GET / HTTP/1.0" 200 22 "-" "-"
183.60.15.115 - - [16/Aug/2016:08:48:13 +0800] "OPTIONS / HTTP/1.0" 200 22 "-" "-"
183.60.15.115 - - [16/Aug/2016:08:48:13 +0800] "OPTIONS / RTSP/1.0" 400 179 "-" "-"
183.60.15.115 - - [16/Aug/2016:08:48:13 +0800] "l\x00\x0B\x00\x00\x00\x00\x00\x00\x00\x00\x00" 400 179 "-" "-"
183.60.15.115 - - [16/Aug/2016:08:48:13 +0800] "GET /nice%20ports%2C/Tri%6Eity.txt%2ebak HTTP/1.0" 200 22 "-" "-"
183.60.15.115 - - [16/Aug/2016:08:48:13 +0800] "A\x00\x00\x00:0\x00\x00\xFF\xFF\xFF\xFF\xD4\x07\x00\x00\x00\x00\x00\x00test.$cmd\x00\x00\x00\x00\x00\xFF\xFF\xFF\xFF\x1B\x00\x00\x00\x01serverStatus\x00\x00\x00\x00\x00\x00\x00\xF0?\x00" 400 179 "-" "-"
183.60.15.115 - - [16/Aug/2016:08:48:18 +0800] "" 400 0 "-" "-"
183.60.15.115 - - [16/Aug/2016:08:48:18 +0800] "\x16\x03\x00\x00S\x01\x00\x00O\x03\x00?G\xD7\xF7\xBA,\xEE\xEA\xB2`~\xF3\x00\xFD\x82{\xB9\xD5\x96\xC8w\x9B\xE6\xC4\xDB<=\xDBo\xEF\x10n\x00\x00(\x00\x16\x00\x13\x00" 400 179 "-" "-"
183.60.15.115 - - [16/Aug/2016:08:48:18 +0800] "\x80\x00\x00(&Y\x04\x1F\x00\x00\x00\x00\x00\x00\x00\x02\x00\x01\x86\xA0\x00\x00\x00\x02\x00\x00\x00\x00\x00\x00\x00\x00\x00\x00\x00\x00\x00\x00\x00\x00\x00\x00\x00\x00" 400 179 "-" "-"
23.251.51.125 - - [16/Aug/2016:09:14:58 +0800] "GET http://www.sbjudge2.com/azenv.php HTTP/1.1" 200 37 "-" "Mozilla/5.0 (compatible; MSIE 6.0; Windows NT 5.1; Trident/5.0)"
23.251.51.125 - - [16/Aug/2016:09:14:58 +0800] "CONNECT www.baidu.com:443 HTTP/1.0" 400 179 "-" "-"
5.178.86.75 - - [16/Aug/2016:09:54:50 +0800] "CONNECT check.best-proxies.ru:80 HTTP/1.1" 400 179 "-" "-"
80.82.78.38 - - [16/Aug/2016:11:27:01 +0800] "GET http://www.baidu.com/cache/global/img/gs.gif HTTP/1.1" 200 37 "-" "Mozilla"
180.153.214.178 - - [16/Aug/2016:11:38:43 +0800] "GET /phpmyadmin HTTP/1.1" 200 37 "-" "Mozilla/5.0 (Windows NT 5.1) AppleWebKit/537.36 (KHTML, like Gecko) Chrome/45.0.2454.101 Safari/537.36"
183.61.37.98 - - [16/Aug/2016:12:45:11 +0800] "GET / HTTP/1.0" 200 22 "-" "-"
183.61.37.98 - - [16/Aug/2016:12:45:11 +0800] "OPTIONS / HTTP/1.0" 200 22 "-" "-"
183.61.37.98 - - [16/Aug/2016:12:45:11 +0800] "OPTIONS / RTSP/1.0" 400 179 "-" "-"
183.61.37.98 - - [16/Aug/2016:12:45:11 +0800] "l\x00\x0B\x00\x00\x00\x00\x00\x00\x00\x00\x00" 400 179 "-" "-"
183.61.37.98 - - [16/Aug/2016:12:45:11 +0800] "GET /nice%20ports%2C/Tri%6Eity.txt%2ebak HTTP/1.0" 200 22 "-" "-"
183.61.37.98 - - [16/Aug/2016:12:45:11 +0800] "A\x00\x00\x00:0\x00\x00\xFF\xFF\xFF\xFF\xD4\x07\x00\x00\x00\x00\x00\x00test.$cmd\x00\x00\x00\x00\x00\xFF\xFF\xFF\xFF\x1B\x00\x00\x00\x01serverStatus\x00\x00\x00\x00\x00\x00\x00\xF0?\x00" 400 179 "-" "-"
183.61.37.98 - - [16/Aug/2016:12:45:16 +0800] "" 400 0 "-" "-"
183.61.37.98 - - [16/Aug/2016:12:45:16 +0800] "\x16\x03\x00\x00S\x01\x00\x00O\x03\x00?G\xD7\xF7\xBA,\xEE\xEA\xB2`~\xF3\x00\xFD\x82{\xB9\xD5\x96\xC8w\x9B\xE6\xC4\xDB<=\xDBo\xEF\x10n\x00\x00(\x00\x16\x00\x13\x00" 400 179 "-" "-"
183.61.37.98 - - [16/Aug/2016:12:45:16 +0800] "\x80\x00\x00(\x1A\xB5\x5C\x9C\x00\x00\x00\x00\x00\x00\x00\x02\x00\x01\x86\xA0\x00\x00\x00\x02\x00\x00\x00\x00\x00\x00\x00\x00\x00\x00\x00\x00\x00\x00\x00\x00\x00\x00\x00\x00" 400 179 "-" "-"
182.254.154.72 - - [16/Aug/2016:12:47:54 +0800] "GET http://115.159.79.85/check_proxy.php HTTP/1.1" 200 37 "-" "Java/1.8.0_51"
211.151.3.208 - - [16/Aug/2016:14:33:57 +0800] "CONNECT 115.159.231.141:80 HTTP/1.0" 400 179 "-" "-"
95.213.187.189 - - [16/Aug/2016:14:36:08 +0800] "CONNECT check.best-proxies.ru:80 HTTP/1.1" 400 179 "-" "-"
185.25.148.240 - - [16/Aug/2016:14:38:47 +0800] "GET http://testp3.pospr.waw.pl/testproxy.php HTTP/1.1" 200 12 "-" "Mozilla/5.0 (Windows NT 5.1; rv:32.0) Gecko/20100101 Firefox/31.0"
23.251.51.125 - - [16/Aug/2016:15:36:41 +0800] "GET http://www.sbjudge1.com/azenv.php HTTP/1.1" 200 37 "-" "Mozilla/5.0 (compatible; MSIE 6.0; Windows NT 5.1; Trident/5.0)"
23.251.51.125 - - [16/Aug/2016:15:36:43 +0800] "CONNECT www.baidu.com:443 HTTP/1.0" 400 179 "-" "-"
123.59.59.52 - - [16/Aug/2016:17:31:45 +0800] "GET http://www.mafengwo.cn/ HTTP/1.1" 200 37 "-" "Mozilla/5.0 (Windows NT 6.1; WOW64; rv:29.0) Gecko/20100101 Firefox/29.0"
139.162.13.205 - - [16/Aug/2016:17:57:57 +0800] "GET / HTTP/1.1" 200 37 "-" "Mozilla/5.0 (Windows NT 10.0; WOW64) AppleWebKit/537.36 (KHTML, like Gecko) Chrome/45.0.2454.101 Safari/537.36"
95.213.187.188 - - [16/Aug/2016:19:10:45 +0800] "CONNECT check.best-proxies.ru:80 HTTP/1.1" 400 179 "-" "-"
187.108.222.164 - - [16/Aug/2016:19:25:48 +0800] "GET /manager/html HTTP/1.1" 200 37 "-" "Mozilla/5.0 (Windows NT 5.1; rv:5.0) Gecko/20100101 Firefox/5.0"
121.199.70.200 - - [16/Aug/2016:19:47:07 +0800] "GET / HTTP/1.1" 200 37 "-" "-"
114.44.56.31 - - [16/Aug/2016:20:05:27 +0800] "CONNECT 163mx01.mxmail.netease.com:25 HTTP/1.0" 400 179 "-" "-"
182.254.154.72 - - [16/Aug/2016:20:09:21 +0800] "GET http://115.159.79.85/check_proxy.php HTTP/1.1" 200 37 "-" "Java/1.8.0_51"
23.251.51.125 - - [16/Aug/2016:20:17:18 +0800] "GET http://www.luisaranguren.com/azenv.php HTTP/1.1" 200 37 "-" "Mozilla/5.0 (compatible; MSIE 6.0; Windows NT 5.1; Trident/5.0)"
23.251.51.125 - - [16/Aug/2016:20:17:19 +0800] "CONNECT www.baidu.com:443 HTTP/1.0" 400 179 "-" "-"
54.183.144.63 - - [16/Aug/2016:20:25:49 +0800] "GET / HTTP/1.1" 200 37 "-" "Mozilla/5.0 (Macintosh; Intel Mac OS X 10_11_5) AppleWebKit/537.36 (KHTML, like Gecko) Chrome/50.0.2661.102 Safari/537.36"
123.151.43.65 - - [16/Aug/2016:21:20:59 +0800] "\x16\x03\x01\x00\xAC\x01\x00\x00\xA8\x03\x01W\xB3\x13;_\x90VL\xB5\x04P\x88\xC0\xBAw\x022I=\x07^\x84*\xD5q\x93\xB4\xAA\xDA\x9C\xE9f\x00\x00L\xC0\x14\xC0" 400 179 "-" "-"
123.151.43.65 - - [16/Aug/2016:21:21:00 +0800] "\x16\x03\x01\x00\xAC\x01\x00\x00\xA8\x03\x01W\xB3\x13;\xE0\xB5\xAB\x0E\x8D-\x1D~y\xF5\x9D\x7F\xC7\xCD\xF2\x0Ek\x15L\xC6E\xFFS\xF6\xB5&V-\x00\x00L\xC0\x14\xC0" 400 179 "-" "-"
52.210.52.46 - - [16/Aug/2016:21:38:39 +0800] "GET / HTTP/1.1" 200 37 "-" "Mozilla/5.0 (Windows NT 6.1; WOW64) AppleWebKit/537.11 (KHTML, like Gecko) Chrome/23.0.1271.64 Safari/537.11"
120.27.138.144 - - [16/Aug/2016:22:07:55 +0800] "GET /manager/html HTTP/1.1" 200 37 "-" "Mozilla/5.0 (compatible; MSIE 10.0; Windows NT 6.2; WOW64; Trident/6.0)"
61.157.96.193 - - [16/Aug/2016:23:28:59 +0800] "GET http://50.117.47.67:43530/?rands=_33663742229126404484736 HTTP/1.1" 200 37 "-" "Mozilla/5.0 (compatible; MSIE 10.0; Windows NT 6.1; WOW64; Trident/6.0)"
61.157.96.193 - - [16/Aug/2016:23:28:59 +0800] "GET http://123.249.29.201:43210/?rands=_681013441441704964766132 HTTP/1.1" 200 37 "-" "Mozilla/5.0 (compatible; MSIE 10.0; Windows NT 6.1; WOW64; Trident/6.0)"
61.157.96.193 - - [16/Aug/2016:23:28:59 +0800] "GET http://50.117.86.106/?rands=_884033890432490901818660 HTTP/1.1" 200 37 "-" "Mozilla/5.0 (compatible; MSIE 10.0; Windows NT 6.1; WOW64; Trident/6.0)"
172.82.166.210 - - [16/Aug/2016:23:31:35 +0800] "GET http://www.baidu.com/cache/global/img/gs.gif HTTP/1.1" 200 37 "-" "Mozilla"
95.213.187.187 - - [16/Aug/2016:23:38:43 +0800] "CONNECT check.best-proxies.ru:80 HTTP/1.1" 400 179 "-" "-"
123.151.43.65 - - [16/Aug/2016:23:53:57 +0800] "GET / HTTP/1.1" 200 37 "-" "Scrapy/1.0.4 (+http://scrapy.org)"
23.251.51.125 - - [17/Aug/2016:01:09:26 +0800] "GET http://www.proxyjudge.info/azenv.php HTTP/1.1" 200 37 "-" "Mozilla/5.0 (compatible; MSIE 6.0; Windows NT 5.1; Trident/5.0)"
23.251.51.125 - - [17/Aug/2016:01:09:26 +0800] "CONNECT www.baidu.com:443 HTTP/1.0" 400 179 "-" "-"
103.37.45.229 - - [17/Aug/2016:01:12:15 +0800] "GET / HTTP/1.1" 200 37 "http://119.29.33.243:80/" "Mozilla/4.0 (compatible; MSIE 9.0; Windows NT 6.1)"
23.251.51.125 - - [17/Aug/2016:02:17:38 +0800] "GET http://www.proxyjudge.info/azenv.php HTTP/1.1" 200 37 "-" "Mozilla/5.0 (compatible; MSIE 6.0; Windows NT 5.1; Trident/5.0)"
23.251.51.125 - - [17/Aug/2016:02:17:38 +0800] "CONNECT www.alipay.com:443 HTTP/1.0" 400 179 "-" "-"
23.251.51.125 - - [17/Aug/2016:02:17:52 +0800] "GET http://www.sbjudge2.com/azenv.php HTTP/1.1" 200 37 "-" "Mozilla/5.0 (compatible; MSIE 6.0; Windows NT 5.1; Trident/5.0)"
23.251.51.125 - - [17/Aug/2016:02:17:54 +0800] "CONNECT www.alipay.com:443 HTTP/1.0" 400 179 "-" "-"
101.200.75.138 - - [17/Aug/2016:03:19:03 +0800] "GET http://www.izhongsai.com/ HTTP/1.1" 200 37 "-" "Mozilla/5.0 (compatible; MSIE 9.0; AOL 9.0; Windows NT 6.0; Trident/5.0)"
183.60.48.110 - - [17/Aug/2016:03:22:20 +0800] "GET / HTTP/1.1" 200 37 "-" "libwww-perl/6.04"
95.213.187.188 - - [17/Aug/2016:04:01:28 +0800] "CONNECT check.best-proxies.ru:80 HTTP/1.1" 400 179 "-" "-"
123.151.43.65 - - [17/Aug/2016:04:48:09 +0800] "\x16\x03\x01\x00\xAC\x01\x00\x00\xA8\x03\x01W\xB3|\x09\x9F\x9Eu\xCF\xF0\x92Qxr\xF7\x1BoCj\xD2\xD9}\xA9\xEC\x9A8" 400 179 "-" "-"
123.151.43.65 - - [17/Aug/2016:04:48:09 +0800] "\x16\x03\x01\x00\xAC\x01\x00\x00\xA8\x03\x01W\xB3|\x09\xF6\x8D\xA3\xE9|\xD29\x0B\x06]\x18e%H\x16}\x8D\x04\x16ms\xF1\xD3\x0E\xAE\x8F\xA0\x99\x00\x00L\xC0\x14\xC0" 400 179 "-" "-"
103.37.45.229 - - [17/Aug/2016:04:55:59 +0800] "GET / HTTP/1.1" 200 37 "http://119.29.33.243:80/" "Mozilla/4.0 (compatible; MSIE 9.0; Windows NT 6.1)"
23.251.51.125 - - [17/Aug/2016:05:20:54 +0800] "GET http://www.proxyjudge.info/azenv.php HTTP/1.1" 200 37 "-" "Mozilla/5.0 (compatible; MSIE 6.0; Windows NT 5.1; Trident/5.0)"
23.251.51.125 - - [17/Aug/2016:05:20:54 +0800] "CONNECT www.alipay.com:443 HTTP/1.0" 400 179 "-" "-"
23.251.51.125 - - [17/Aug/2016:06:44:51 +0800] "GET http://domkrim.com/av.php HTTP/1.1" 200 37 "-" "Mozilla/5.0 (compatible; MSIE 6.0; Windows NT 5.1; Trident/5.0)"
23.251.51.125 - - [17/Aug/2016:06:44:52 +0800] "CONNECT www.baidu.com:443 HTTP/1.0" 400 179 "-" "-"
176.58.92.217 - - [17/Aug/2016:06:47:56 +0800] "GET /admin/config.php HTTP/1.1" 200 37 "-" "python-requests/2.11.0"
176.58.92.217 - - [17/Aug/2016:06:48:07 +0800] "GET /admin/config.php HTTP/1.1" 200 37 "-" "python-requests/2.11.0"
119.147.21.64 - - [17/Aug/2016:06:50:45 +0800] "GET / HTTP/1.1" 200 37 "-" "Python-urllib/2.7"
123.151.43.65 - - [17/Aug/2016:07:18:51 +0800] "GET / HTTP/1.1" 200 37 "-" "Scrapy/1.0.4 (+http://scrapy.org)"
218.75.70.3 - - [17/Aug/2016:08:05:42 +0800] "GET / HTTP/1.1" 200 37 "-" "-"
95.213.187.186 - - [17/Aug/2016:08:34:33 +0800] "CONNECT check.best-proxies.ru:80 HTTP/1.1" 400 179 "-" "-"
23.251.51.125 - - [17/Aug/2016:08:39:02 +0800] "GET http://www.sbjudge3.com/azenv.php HTTP/1.1" 200 37 "-" "Mozilla/5.0 (compatible; MSIE 6.0; Windows NT 5.1; Trident/5.0)"
23.251.51.125 - - [17/Aug/2016:08:39:03 +0800] "CONNECT www.alipay.com:443 HTTP/1.0" 400 179 "-" "-"
189.218.63.113 - - [17/Aug/2016:08:52:58 +0800] "GET /hndUnblock.cgi HTTP/1.0" 200 22 "-" "Wget(linux)"
189.218.63.113 - - [17/Aug/2016:08:52:58 +0800] "POST /hndUnblock.cgi HTTP/1.0" 200 415 "-" "Wget(linux)"
189.218.63.113 - - [17/Aug/2016:08:52:59 +0800] "GET /cgi/common.cgi HTTP/1.0" 200 22 "-" "Wget(linux)"
189.218.63.113 - - [17/Aug/2016:08:53:03 +0800] "POST /command.php HTTP/1.0" 200 227 "-" "Wget(linux)"
185.25.148.240 - - [17/Aug/2016:09:40:35 +0800] "GET http://testp3.pospr.waw.pl/testproxy.php HTTP/1.1" 200 12 "-" "Mozilla/5.0 (Windows NT 5.1; rv:32.0) Gecko/20100101 Firefox/31.0"
80.82.78.38 - - [17/Aug/2016:10:14:27 +0800] "GET http://www.baidu.com/cache/global/img/gs.gif HTTP/1.1" 200 37 "-" "Mozilla"
185.25.151.159 - - [17/Aug/2016:10:24:52 +0800] "GET http://testp4.pospr.waw.pl/testproxy.php HTTP/1.1" 200 12 "-" "Mozilla/5.0 (Windows NT 5.1; rv:32.0) Gecko/20100101 Firefox/31.0"
141.212.122.144 - - [17/Aug/2016:10:50:40 +0800] "GET / HTTP/1.1" 200 37 "-" "Mozilla/5.0 zgrab/0.x"
23.251.51.125 - - [17/Aug/2016:11:03:35 +0800] "GET http://www.sbjudge3.com/azenv.php HTTP/1.1" 200 37 "-" "Mozilla/5.0 (compatible; MSIE 6.0; Windows NT 5.1; Trident/5.0)"
23.251.51.125 - - [17/Aug/2016:11:03:35 +0800] "CONNECT www.baidu.com:443 HTTP/1.0" 400 179 "-" "-"
182.254.154.72 - - [17/Aug/2016:11:28:09 +0800] "GET http://115.159.79.85/check_proxy.php HTTP/1.1" 200 37 "-" "Java/1.8.0_51"
23.251.51.125 - - [17/Aug/2016:12:15:23 +0800] "GET http://www.proxyjudge.info/azenv.php HTTP/1.1" 200 37 "-" "Mozilla/5.0 (compatible; MSIE 6.0; Windows NT 5.1; Trident/5.0)"
23.251.51.125 - - [17/Aug/2016:12:15:24 +0800] "CONNECT www.alipay.com:443 HTTP/1.0" 400 179 "-" "-"
106.75.29.120 - - [17/Aug/2016:12:17:10 +0800] "CONNECT 106.75.29.120:44444 HTTP/1.1" 400 179 "-" "-"
186.137.26.123 - - [17/Aug/2016:12:26:38 +0800] "GET / HTTP/1.0" 200 22 "-" "Mozilla/5.0 (compatible; MSIE 9.0; Windows NT 6.1; WOW64; Trident/5.0)"
95.213.187.190 - - [17/Aug/2016:13:03:01 +0800] "CONNECT check.best-proxies.ru:80 HTTP/1.1" 400 179 "-" "-"
180.153.160.15 - - [17/Aug/2016:13:06:42 +0800] "GET / HTTP/1.0" 200 22 "-" "-"
180.153.160.15 - - [17/Aug/2016:13:06:42 +0800] "OPTIONS / HTTP/1.0" 200 22 "-" "-"
180.153.160.15 - - [17/Aug/2016:13:06:42 +0800] "OPTIONS / RTSP/1.0" 400 179 "-" "-"
180.153.160.15 - - [17/Aug/2016:13:06:42 +0800] "l\x00\x0B\x00\x00\x00\x00\x00\x00\x00\x00\x00" 400 179 "-" "-"
180.153.160.15 - - [17/Aug/2016:13:06:42 +0800] "GET /nice%20ports%2C/Tri%6Eity.txt%2ebak HTTP/1.0" 200 22 "-" "-"
180.153.160.15 - - [17/Aug/2016:13:06:42 +0800] "A\x00\x00\x00:0\x00\x00\xFF\xFF\xFF\xFF\xD4\x07\x00\x00\x00\x00\x00\x00test.$cmd\x00\x00\x00\x00\x00\xFF\xFF\xFF\xFF\x1B\x00\x00\x00\x01serverStatus\x00\x00\x00\x00\x00\x00\x00\xF0?\x00" 400 179 "-" "-"
180.153.160.15 - - [17/Aug/2016:13:06:47 +0800] "" 400 0 "-" "-"
180.153.160.15 - - [17/Aug/2016:13:06:48 +0800] "\x16\x03\x00\x00S\x01\x00\x00O\x03\x00?G\xD7\xF7\xBA,\xEE\xEA\xB2`~\xF3\x00\xFD\x82{\xB9\xD5\x96\xC8w\x9B\xE6\xC4\xDB<=\xDBo\xEF\x10n\x00\x00(\x00\x16\x00\x13\x00" 400 179 "-" "-"
180.153.160.15 - - [17/Aug/2016:13:06:48 +0800] "\x80\x00\x00(\x04\x1D2n\x00\x00\x00\x00\x00\x00\x00\x02\x00\x01\x86\xA0\x00\x00\x00\x02\x00\x00\x00\x00\x00\x00\x00\x00\x00\x00\x00\x00\x00\x00\x00\x00\x00\x00\x00\x00" 400 179 "-" "-"
23.251.51.125 - - [17/Aug/2016:14:19:06 +0800] "GET http://www.luisaranguren.com/azenv.php HTTP/1.1" 200 37 "-" "Mozilla/5.0 (compatible; MSIE 6.0; Windows NT 5.1; Trident/5.0)"
23.251.51.125 - - [17/Aug/2016:14:19:07 +0800] "CONNECT www.baidu.com:443 HTTP/1.0" 400 179 "-" "-"
120.132.50.135 - - [17/Aug/2016:14:44:22 +0800] "GET http://www.qyer.com/ HTTP/1.1" 200 37 "-" "Mozilla/5.0 (Windows NT 6.1; WOW64; rv:29.0) Gecko/20100101 Firefox/29.0"
113.142.38.33 - - [17/Aug/2016:15:33:50 +0800] "GET http://10.192.129.142/1.txt HTTP/1.1" 200 37 "-" "Python-urllib/2.7"
23.251.51.125 - - [17/Aug/2016:15:50:23 +0800] "GET http://www.proxy-listen.de/azenv.php HTTP/1.1" 200 37 "-" "Mozilla/5.0 (compatible; MSIE 6.0; Windows NT 5.1; Trident/5.0)"
23.251.51.125 - - [17/Aug/2016:15:50:40 +0800] "CONNECT www.baidu.com:443 HTTP/1.0" 400 179 "-" "-"
199.30.228.136 - - [17/Aug/2016:16:56:53 +0800] "GET / HTTP/1.1" 200 37 "-" "Mozilla/5.0 (Macintosh; U; Intel Mac OS X 10.5; en-US; rv:1.9.2.13) Gecko/20101203 Firefox/3.6.13 GTB7.1"
95.213.187.186 - - [17/Aug/2016:17:27:30 +0800] "CONNECT check.best-proxies.ru:80 HTTP/1.1" 400 179 "-" "-"
185.25.151.159 - - [17/Aug/2016:17:56:27 +0800] "GET http://testp1.piwo.pila.pl/testproxy.php HTTP/1.1" 200 12 "-" "Mozilla/5.0 (Windows NT 5.1; rv:32.0) Gecko/20100101 Firefox/31.0"
23.251.51.125 - - [17/Aug/2016:18:45:08 +0800] "GET http://fr.cyberpods.net/ HTTP/1.1" 200 37 "-" "Mozilla/5.0 (compatible; MSIE 6.0; Windows NT 5.1; Trident/5.0)"
23.251.51.125 - - [17/Aug/2016:18:45:09 +0800] "CONNECT www.alipay.com:443 HTTP/1.0" 400 179 "-" "-"
23.251.51.125 - - [17/Aug/2016:18:45:25 +0800] "GET http://domkrim.com/av.php HTTP/1.1" 200 37 "-" "Mozilla/5.0 (compatible; MSIE 6.0; Windows NT 5.1; Trident/5.0)"
23.251.51.125 - - [17/Aug/2016:18:45:25 +0800] "CONNECT www.baidu.com:443 HTTP/1.0" 400 179 "-" "-"
114.215.239.201 - - [17/Aug/2016:19:41:21 +0800] "GET / HTTP/1.1" 200 37 "-" "-"
122.114.140.218 - - [17/Aug/2016:19:51:06 +0800] "GET / HTTP/1.1" 200 37 "-" "Mozilla/4.0 (compatible; MSIE 6.0; Windows NT 5.0)"
169.229.3.91 - - [17/Aug/2016:20:36:17 +0800] "\xDA\x05\x15uz\xEC\x97,\x1D\xA3\x9E\x9F%\xFA\xEA\x8A\x10\x17\xF5Sp\xA7N:|\xCE\xE7YQ\xE7\xF8G\x0B*\xEA\xB4N\xDF\xDB~\xB9\xE0\xCF\x1D\x80S\x98o\x89\x8A\xF7\x1E \xF0\x87\xD8X\xC8\xB9Oq\xA5\xA2\xFC" 400 179 "-" "-"
23.251.51.125 - - [17/Aug/2016:21:03:17 +0800] "GET http://www.proxy-listen.de/azenv.php HTTP/1.1" 200 37 "-" "Mozilla/5.0 (compatible; MSIE 6.0; Windows NT 5.1; Trident/5.0)"
23.251.51.125 - - [17/Aug/2016:21:03:18 +0800] "CONNECT www.alipay.com:443 HTTP/1.0" 400 179 "-" "-"
111.73.46.115 - - [17/Aug/2016:21:15:21 +0800] "GET / HTTP/1.1" 200 37 "-" "Mozilla/4.0 (compatible; MSIE 6.0; Windows NT 5.0)"
123.151.43.65 - - [17/Aug/2016:21:21:33 +0800] "\x16\x03\x01\x00\xAC\x01\x00\x00\xA8\x03\x01W\xB4d\xDD\xFA\x18\x14+/'T*o\x93\xE9^\xE8\xCA\x9F}\xB9\x1B\xB1\xF1rO\x09\x05\x9F\x9E%U\x00\x00L\xC0\x14\xC0" 400 179 "-" "-"
123.151.43.65 - - [17/Aug/2016:21:21:33 +0800] "\x16\x03\x01\x00\xAC\x01\x00\x00\xA8\x03\x01W\xB4d\xDD\x90\xF6l\xDA\x10\xFE\xEA\x02\x92g\x1AA$\xF8\xA8\x07~`(\xC1j" 400 179 "-" "-"
95.213.187.188 - - [17/Aug/2016:21:55:40 +0800] "CONNECT check.best-proxies.ru:80 HTTP/1.1" 400 179 "-" "-"
52.30.182.39 - - [17/Aug/2016:22:48:36 +0800] "GET / HTTP/1.1" 200 37 "-" "Mozilla/5.0 (Windows NT 6.1; WOW64) AppleWebKit/537.11 (KHTML, like Gecko) Chrome/23.0.1271.64 Safari/537.11"
125.65.113.210 - - [17/Aug/2016:23:44:19 +0800] "GET /phpmyadmin HTTP/1.1" 200 37 "http://119.29.33.243/phpmyadmin" "Mozilla/4.0 (compatible; MSIE 9.0; Windows NT 6.1)"
123.151.43.65 - - [17/Aug/2016:23:55:03 +0800] "GET / HTTP/1.1" 200 37 "-" "Scrapy/1.0.4 (+http://scrapy.org)"
202.91.246.180 - - [18/Aug/2016:00:21:15 +0800] "GET /phpMyAdmin HTTP/1.1" 200 37 "http://119.29.33.243/phpMyAdmin" "Mozilla/4.0 (compatible; MSIE 9.0; Windows NT 6.1)"
202.91.246.180 - - [18/Aug/2016:00:22:42 +0800] "GET /phpMyAdmin HTTP/1.1" 200 37 "http://119.29.33.243/phpMyAdmin" "Mozilla/4.0 (compatible; MSIE 9.0; Windows NT 6.1)"
202.91.246.180 - - [18/Aug/2016:00:52:38 +0800] "GET /phpMyAdmin HTTP/1.1" 200 37 "http://119.29.33.243/phpMyAdmin" "Mozilla/4.0 (compatible; MSIE 9.0; Windows NT 6.1)"
183.60.48.110 - - [18/Aug/2016:01:53:17 +0800] "GET / HTTP/1.1" 200 37 "-" "libwww-perl/6.04"
52.208.0.19 - - [18/Aug/2016:02:14:01 +0800] "GET / HTTP/1.1" 200 37 "-" "Mozilla/5.0 (Windows NT 6.1; WOW64) AppleWebKit/537.11 (KHTML, like Gecko) Chrome/23.0.1271.64 Safari/537.11"
5.178.86.76 - - [18/Aug/2016:02:27:05 +0800] "CONNECT check.best-proxies.ru:80 HTTP/1.1" 400 179 "-" "-"
185.25.151.159 - - [18/Aug/2016:02:56:43 +0800] "GET http://testp1.piwo.pila.pl/testproxy.php HTTP/1.1" 200 12 "-" "Mozilla/5.0 (Windows NT 5.1; rv:32.0) Gecko/20100101 Firefox/31.0"
23.251.51.125 - - [18/Aug/2016:03:19:54 +0800] "GET http://www.proxyjudge.info/azenv.php HTTP/1.1" 200 37 "-" "Mozilla/5.0 (compatible; MSIE 6.0; Windows NT 5.1; Trident/5.0)"
23.251.51.125 - - [18/Aug/2016:03:19:55 +0800] "CONNECT www.baidu.com:443 HTTP/1.0" 400 179 "-" "-"
123.151.42.61 - - [18/Aug/2016:03:33:15 +0800] "GET http://www.baidu.com/ HTTP/1.1" 200 37 "-" "-"
1.171.249.229 - - [18/Aug/2016:03:57:48 +0800] "CONNECT vip163mx01.mxmail.netease.com:25 HTTP/1.0" 400 179 "-" "-"
101.226.68.215 - - [18/Aug/2016:03:58:11 +0800] "GET / HTTP/1.1" 200 37 "-" "Mozilla/5.0 (iPhone; U; CPU iPhone OS 4_0 like Mac OS X; en-us) AppleWebKit/532.9 (KHTML, like Gecko) Version/4.0.5 Mobile/8A293 Safari/6531.22.7"
101.226.66.192 - - [18/Aug/2016:04:01:11 +0800] "GET / HTTP/1.1" 200 37 "-" "Mozilla/5.0 (Windows NT 5.1) AppleWebKit/537.36 (KHTML, like Gecko) Chrome/45.0.2454.101 Safari/537.36"
219.133.49.231 - - [18/Aug/2016:04:17:08 +0800] "GET http://10.133.6.20/proxy.html HTTP/1.1" 200 37 "-" "-"
219.133.49.231 - - [18/Aug/2016:04:17:08 +0800] "\x00" 400 179 "-" "-"
219.133.49.231 - - [18/Aug/2016:04:17:08 +0800] "\x04\x01\x00P\xDC\xB5o\x94\x00\x00" 400 179 "-" "-"
219.133.49.231 - - [18/Aug/2016:04:17:08 +0800] "\x05\x01\x00\x00" 400 179 "-" "-"
123.151.43.65 - - [18/Aug/2016:04:48:45 +0800] "\x16\x03\x01\x00\xAC\x01\x00\x00\xA8\x03\x01W\xB4\xCD\xADN\xE1\x17y\xC7\xCC\xEC" 400 179 "-" "-"
123.151.43.65 - - [18/Aug/2016:04:48:45 +0800] "\x16\x03\x01\x00\xAC\x01\x00\x00\xA8\x03\x01W\xB4\xCD\xAD\x8E\xCB\xC4|\x9DFH\xFF\xC6\xF7T\xB4\xAF>\xEF'\x98\x84\xB3\xA8\x1F\xE2\xFBw\x03R\x87\xC0\x00\x00L\xC0\x14\xC0" 400 179 "-" "-"
172.82.166.210 - - [18/Aug/2016:05:01:53 +0800] "GET http://www.baidu.com/cache/global/img/gs.gif HTTP/1.1" 200 37 "-" "Mozilla"
23.251.51.125 - - [18/Aug/2016:05:11:13 +0800] "GET http://fr.cyberpods.net/ HTTP/1.1" 200 37 "-" "Mozilla/5.0 (compatible; MSIE 6.0; Windows NT 5.1; Trident/5.0)"
23.251.51.125 - - [18/Aug/2016:05:11:13 +0800] "CONNECT www.alipay.com:443 HTTP/1.0" 400 179 "-" "-"
115.213.247.231 - - [18/Aug/2016:05:33:05 +0800] "GET / HTTP/1.1" 200 37 "-" "Mozilla/5.0 (Windows NT 6.1) AppleWebKit/537.36 (KHTML, like Gecko) Chrome/27.0.1453.116 Safari/537.36"
106.75.29.120 - - [18/Aug/2016:06:05:51 +0800] "CONNECT 106.75.29.120:44444 HTTP/1.1" 400 179 "-" "-"
212.83.179.44 - - [18/Aug/2016:06:31:47 +0800] "GET / HTTP/1.1" 200 37 "-" "Mozilla/5.0 (Windows NT 5.1; rv:9.0.1) Gecko/20100101 Firefox/9.0.1"
212.83.179.44 - - [18/Aug/2016:06:31:48 +0800] "GET /HNAP1/ HTTP/1.1" 200 37 "http://119.29.33.243/" "Mozilla/5.0 (Windows NT 5.1; rv:9.0.1) Gecko/20100101 Firefox/9.0.1"
211.99.132.172 - - [18/Aug/2016:06:36:19 +0800] "GET / HTTP/1.1" 200 37 "-" "Jakarta Commons-HttpClient/3.1"
211.99.132.172 - - [18/Aug/2016:06:36:19 +0800] "GET / HTTP/1.1" 200 37 "-" "Java/1.7.0_45"
119.147.21.64 - - [18/Aug/2016:06:51:18 +0800] "GET / HTTP/1.1" 200 37 "-" "Python-urllib/2.7"
5.178.86.74 - - [18/Aug/2016:06:53:12 +0800] "CONNECT check.best-proxies.ru:80 HTTP/1.1" 400 179 "-" "-"
185.77.91.109 - - [18/Aug/2016:07:10:49 +0800] "GET /admin/config.php HTTP/1.1" 200 37 "-" "python-requests/2.10.0"
123.151.43.65 - - [18/Aug/2016:07:21:41 +0800] "GET / HTTP/1.1" 200 37 "-" "Scrapy/1.0.4 (+http://scrapy.org)"
27.151.13.112 - - [18/Aug/2016:07:40:52 +0800] "POST /login.action HTTP/1.1" 200 456 "-" "Mozilla/5.0"
27.151.13.112 - - [18/Aug/2016:07:40:52 +0800] "POST /login.action HTTP/1.1" 200 558 "-" "Mozilla/5.0"
27.151.13.112 - - [18/Aug/2016:07:40:52 +0800] "POST /login.action HTTP/1.1" 200 560 "-" "Mozilla/5.0"
27.151.13.112 - - [18/Aug/2016:07:40:52 +0800] "POST /login.action HTTP/1.1" 200 547 "-" "Mozilla/5.0"
27.151.13.112 - - [18/Aug/2016:07:40:52 +0800] "POST /login.action HTTP/1.1" 200 549 "-" "Mozilla/5.0"
27.151.13.112 - - [18/Aug/2016:07:40:52 +0800] "POST /login.action HTTP/1.1" 200 609 "-" "Mozilla/5.0"
27.151.13.112 - - [18/Aug/2016:07:40:52 +0800] "POST /login.action HTTP/1.1" 200 605 "-" "Mozilla/5.0"
27.151.13.112 - - [18/Aug/2016:07:40:52 +0800] "POST /login.action HTTP/1.1" 200 562 "-" "Mozilla/5.0"
27.151.13.112 - - [18/Aug/2016:07:40:52 +0800] "POST /login.action HTTP/1.1" 200 634 "-" "Mozilla/5.0"
27.151.13.112 - - [18/Aug/2016:07:40:52 +0800] "POST /login.action HTTP/1.1" 200 552 "-" "Mozilla/5.0"
27.151.13.112 - - [18/Aug/2016:07:40:53 +0800] "POST /login.action HTTP/1.1" 200 530 "-" "Mozilla/5.0"
27.151.13.112 - - [18/Aug/2016:07:40:53 +0800] "POST /login.action HTTP/1.1" 200 560 "-" "Mozilla/5.0"
27.151.13.112 - - [18/Aug/2016:07:40:53 +0800] "POST /login.action HTTP/1.1" 200 656 "-" "Mozilla/5.0"
27.151.13.112 - - [18/Aug/2016:07:40:53 +0800] "POST /login.action HTTP/1.1" 200 551 "-" "Mozilla/5.0"
27.151.13.112 - - [18/Aug/2016:07:40:53 +0800] "POST /login.action HTTP/1.1" 200 552 "-" "Mozilla/5.0"
27.151.13.112 - - [18/Aug/2016:07:40:54 +0800] "POST /login.action HTTP/1.1" 200 546 "-" "Mozilla/5.0"
27.151.13.112 - - [18/Aug/2016:07:40:54 +0800] "POST /login.action HTTP/1.1" 200 552 "-" "Mozilla/5.0"
27.151.13.112 - - [18/Aug/2016:07:40:54 +0800] "POST /login.action HTTP/1.1" 200 546 "-" "Mozilla/5.0"
27.151.13.112 - - [18/Aug/2016:07:40:55 +0800] "POST /login.action HTTP/1.1" 200 538 "-" "Mozilla/5.0"
27.151.13.112 - - [18/Aug/2016:07:40:55 +0800] "POST /login.action HTTP/1.1" 200 616 "-" "Mozilla/5.0"
27.151.13.112 - - [18/Aug/2016:07:40:55 +0800] "POST /login.action HTTP/1.1" 200 603 "-" "Mozilla/5.0"
27.151.13.112 - - [18/Aug/2016:07:40:56 +0800] "POST /login.action HTTP/1.1" 200 605 "-" "Mozilla/5.0"
27.151.13.112 - - [18/Aug/2016:07:40:56 +0800] "POST /login.action HTTP/1.1" 200 626 "-" "Mozilla/5.0"
27.151.13.112 - - [18/Aug/2016:07:40:56 +0800] "POST /login.action HTTP/1.1" 200 552 "-" "Mozilla/5.0"
27.151.13.112 - - [18/Aug/2016:07:40:57 +0800] "POST /login.action HTTP/1.1" 200 563 "-" "Mozilla/5.0"
27.151.13.112 - - [18/Aug/2016:07:40:57 +0800] "POST /login.action HTTP/1.1" 200 891 "-" "Mozilla/5.0"
129.56.2.38 - - [18/Aug/2016:08:01:51 +0800] "GET /admin/config.php HTTP/1.1" 200 37 "-" "python-requests/2.11.0"
80.82.78.38 - - [18/Aug/2016:09:10:17 +0800] "GET http://www.baidu.com/cache/global/img/gs.gif HTTP/1.1" 200 37 "-" "Mozilla"
112.65.193.13 - - [18/Aug/2016:09:11:57 +0800] "GET /hndUnblock.cgi HTTP/1.1" 200 37 "-" "Mozilla/5.0 (Windows NT 5.1) AppleWebKit/537.36 (KHTML, like Gecko) Chrome/45.0.2454.101 Safari/537.36"
27.151.13.112 - - [18/Aug/2016:09:29:41 +0800] "POST /login.action HTTP/1.1" 200 456 "-" "Mozilla/5.0"
27.151.13.112 - - [18/Aug/2016:09:29:41 +0800] "POST /login.action HTTP/1.1" 200 558 "-" "Mozilla/5.0"
27.151.13.112 - - [18/Aug/2016:09:29:41 +0800] "POST /login.action HTTP/1.1" 200 560 "-" "Mozilla/5.0"
27.151.13.112 - - [18/Aug/2016:09:29:42 +0800] "POST /login.action HTTP/1.1" 200 547 "-" "Mozilla/5.0"
27.151.13.112 - - [18/Aug/2016:09:29:42 +0800] "POST /login.action HTTP/1.1" 200 549 "-" "Mozilla/5.0"
27.151.13.112 - - [18/Aug/2016:09:29:42 +0800] "POST /login.action HTTP/1.1" 200 609 "-" "Mozilla/5.0"
27.151.13.112 - - [18/Aug/2016:09:29:42 +0800] "POST /login.action HTTP/1.1" 200 605 "-" "Mozilla/5.0"
27.151.13.112 - - [18/Aug/2016:09:29:42 +0800] "POST /login.action HTTP/1.1" 200 562 "-" "Mozilla/5.0"
27.151.13.112 - - [18/Aug/2016:09:29:42 +0800] "POST /login.action HTTP/1.1" 200 634 "-" "Mozilla/5.0"
27.151.13.112 - - [18/Aug/2016:09:29:42 +0800] "POST /login.action HTTP/1.1" 200 552 "-" "Mozilla/5.0"
27.151.13.112 - - [18/Aug/2016:09:29:42 +0800] "POST /login.action HTTP/1.1" 200 530 "-" "Mozilla/5.0"
27.151.13.112 - - [18/Aug/2016:09:29:42 +0800] "POST /login.action HTTP/1.1" 200 560 "-" "Mozilla/5.0"
27.151.13.112 - - [18/Aug/2016:09:29:42 +0800] "POST /login.action HTTP/1.1" 200 656 "-" "Mozilla/5.0"
27.151.13.112 - - [18/Aug/2016:09:29:42 +0800] "POST /login.action HTTP/1.1" 200 551 "-" "Mozilla/5.0"
27.151.13.112 - - [18/Aug/2016:09:29:43 +0800] "POST /login.action HTTP/1.1" 200 552 "-" "Mozilla/5.0"
27.151.13.112 - - [18/Aug/2016:09:29:43 +0800] "POST /login.action HTTP/1.1" 200 546 "-" "Mozilla/5.0"
27.151.13.112 - - [18/Aug/2016:09:29:43 +0800] "POST /login.action HTTP/1.1" 200 552 "-" "Mozilla/5.0"
27.151.13.112 - - [18/Aug/2016:09:29:43 +0800] "POST /login.action HTTP/1.1" 200 546 "-" "Mozilla/5.0"
27.151.13.112 - - [18/Aug/2016:09:29:43 +0800] "POST /login.action HTTP/1.1" 200 538 "-" "Mozilla/5.0"
27.151.13.112 - - [18/Aug/2016:09:29:44 +0800] "POST /login.action HTTP/1.1" 200 616 "-" "Mozilla/5.0"
27.151.13.112 - - [18/Aug/2016:09:29:44 +0800] "POST /login.action HTTP/1.1" 200 603 "-" "Mozilla/5.0"
27.151.13.112 - - [18/Aug/2016:09:29:44 +0800] "POST /login.action HTTP/1.1" 200 605 "-" "Mozilla/5.0"
27.151.13.112 - - [18/Aug/2016:09:29:44 +0800] "POST /login.action HTTP/1.1" 200 626 "-" "Mozilla/5.0"
27.151.13.112 - - [18/Aug/2016:09:29:44 +0800] "POST /login.action HTTP/1.1" 200 552 "-" "Mozilla/5.0"
27.151.13.112 - - [18/Aug/2016:09:29:44 +0800] "POST /login.action HTTP/1.1" 200 563 "-" "Mozilla/5.0"
27.151.13.112 - - [18/Aug/2016:09:29:44 +0800] "POST /login.action HTTP/1.1" 200 891 "-" "Mozilla/5.0"
23.251.51.125 - - [18/Aug/2016:10:00:34 +0800] "GET http://www.sbjudge2.com/azenv.php HTTP/1.1" 200 37 "-" "Mozilla/5.0 (compatible; MSIE 6.0; Windows NT 5.1; Trident/5.0)"
23.251.51.125 - - [18/Aug/2016:10:00:34 +0800] "CONNECT www.baidu.com:443 HTTP/1.0" 400 179 "-" "-"
23.251.51.125 - - [18/Aug/2016:10:01:12 +0800] "GET http://www.luisaranguren.com/azenv.php HTTP/1.1" 200 37 "-" "Mozilla/5.0 (compatible; MSIE 6.0; Windows NT 5.1; Trident/5.0)"
23.251.51.125 - - [18/Aug/2016:10:01:12 +0800] "CONNECT www.baidu.com:443 HTTP/1.0" 400 179 "-" "-"
202.108.14.240 - - [18/Aug/2016:10:22:33 +0800] "GET /A_NOT_EXISTED_URL_TO_CHECK_404_STATUS_EXISTENCE HTTP/1.1" 200 37 "-" "Mozilla/5.0 (Windows NT 6.1; WOW64) AppleWebKit/537.36 (KHTML, like Gecko) Chrome/38.0.2125.111 Safari/537.36 BBScan/1.0"
202.108.14.240 - - [18/Aug/2016:10:22:33 +0800] "GET / HTTP/1.1" 200 37 "-" "Mozilla/5.0 (Windows NT 6.1; WOW64) AppleWebKit/537.36 (KHTML, like Gecko) Chrome/38.0.2125.111 Safari/537.36 BBScan/1.0"
202.108.14.240 - - [18/Aug/2016:10:22:33 +0800] "GET /zabbix/jsrpc.php?sid=0bcd4ade648214dc&type=9&method=screen.get&timestamp=1471403798083&mode=2&screenid=&groupid=&hostid=0&pageFile=history.php&profileIdx=web.item.graph&profileIdx2=2%273297&updateProfile=true&screenitemid=&period=3600&stime=20160817050632&resourcetype=17&itemids%5B23297%5D=23297&action=showlatest&filter=&filter_task=&mark_color=1 HTTP/1.1" 200 37 "-" "Mozilla/5.0 (Windows NT 6.1; WOW64) AppleWebKit/537.36 (KHTML, like Gecko) Chrome/38.0.2125.111 Safari/537.36 BBScan/1.0"
124.193.229.203 - - [18/Aug/2016:10:30:01 +0800] "GET /A_NOT_EXISTED_URL_TO_CHECK_404_STATUS_EXISTENCE HTTP/1.1" 200 37 "-" "Mozilla/5.0 (Windows NT 6.1; WOW64) AppleWebKit/537.36 (KHTML, like Gecko) Chrome/38.0.2125.111 Safari/537.36 BBScan/1.0"
124.193.229.203 - - [18/Aug/2016:10:30:02 +0800] "GET / HTTP/1.1" 200 37 "-" "Mozilla/5.0 (Windows NT 6.1; WOW64) AppleWebKit/537.36 (KHTML, like Gecko) Chrome/38.0.2125.111 Safari/537.36 BBScan/1.0"
124.193.229.203 - - [18/Aug/2016:10:30:02 +0800] "GET /zabbix/jsrpc.php?sid=0bcd4ade648214dc&type=9&method=screen.get&timestamp=1471403798083&mode=2&screenid=&groupid=&hostid=0&pageFile=history.php&profileIdx=web.item.graph&profileIdx2=2%273297&updateProfile=true&screenitemid=&period=3600&stime=20160817050632&resourcetype=17&itemids%5B23297%5D=23297&action=showlatest&filter=&filter_task=&mark_color=1 HTTP/1.1" 200 37 "-" "Mozilla/5.0 (Windows NT 6.1; WOW64) AppleWebKit/537.36 (KHTML, like Gecko) Chrome/38.0.2125.111 Safari/537.36 BBScan/1.0"
185.25.148.240 - - [18/Aug/2016:11:24:28 +0800] "GET http://testp4.pospr.waw.pl/testproxy.php HTTP/1.1" 200 12 "-" "Mozilla/5.0 (Windows NT 5.1; rv:32.0) Gecko/20100101 Firefox/31.0"
95.213.187.186 - - [18/Aug/2016:11:36:22 +0800] "CONNECT check.best-proxies.ru:80 HTTP/1.1" 400 179 "-" "-"
23.251.51.125 - - [18/Aug/2016:11:52:15 +0800] "GET http://fr.cyberpods.net/ HTTP/1.1" 200 37 "-" "Mozilla/5.0 (compatible; MSIE 6.0; Windows NT 5.1; Trident/5.0)"
23.251.51.125 - - [18/Aug/2016:11:52:15 +0800] "CONNECT www.baidu.com:443 HTTP/1.0" 400 179 "-" "-"
187.109.80.57 - - [18/Aug/2016:12:01:07 +0800] "GET / HTTP/1.0" 200 22 "-" "-"
180.97.106.162 - - [18/Aug/2016:12:06:17 +0800] "GET http://180.163.113.82/check_proxy HTTP/1.1" 200 37 "-" "-"
187.109.80.57 - openresty/1.9.15.1 [18/Aug/2016:12:10:17 +0800] "GET /password.cgi HTTP/1.1" 200 37 "-" "curl/7.26.0"
187.109.80.57 - openresty/1.9.15.1 [18/Aug/2016:12:10:18 +0800] "POST /dnscfg.cgi HTTP/1.1" 200 111 "-" "curl/7.26.0"
104.128.144.131 - - [18/Aug/2016:12:29:34 +0800] "GET / HTTP/1.0" 200 22 "-" "www.probethenet.com scanner"
104.128.144.131 - - [18/Aug/2016:12:29:35 +0800] "HEAD /redirect.php HTTP/1.0" 200 0 "-" "www.probethenet.com scanner"
60.191.52.254 - - [18/Aug/2016:12:37:52 +0800] "HEAD http://www.so.com/ HTTP/1.1" 200 0 "-" "Java/1.8.0_77"
23.251.51.125 - - [18/Aug/2016:13:22:32 +0800] "GET http://www.luisaranguren.com/azenv.php HTTP/1.1" 200 37 "-" "Mozilla/5.0 (compatible; MSIE 6.0; Windows NT 5.1; Trident/5.0)"
23.251.51.125 - - [18/Aug/2016:13:22:32 +0800] "CONNECT www.baidu.com:443 HTTP/1.0" 400 179 "-" "-"
185.49.14.190 - - [18/Aug/2016:13:33:04 +0800] "GET http://testp3.pospr.waw.pl/testproxy.php HTTP/1.1" 200 12 "-" "Mozilla/5.0 (Windows NT 5.1; rv:32.0) Gecko/20100101 Firefox/31.0"
180.163.1.46 - - [18/Aug/2016:14:29:34 +0800] "GET /admin/config.php HTTP/1.1" 200 37 "-" "Mozilla/5.0 (Windows NT 5.1) AppleWebKit/537.36 (KHTML, like Gecko) Chrome/45.0.2454.101 Safari/537.36"
119.29.151.195 - - [18/Aug/2016:14:36:06 +0800] "POST /login.action HTTP/1.1" 200 456 "-" "Mozilla/5.0"
23.251.51.125 - - [18/Aug/2016:14:56:28 +0800] "GET http://proxyjudge.us/ HTTP/1.1" 200 37 "-" "Mozilla/5.0 (compatible; MSIE 6.0; Windows NT 5.1; Trident/5.0)"
23.251.51.125 - - [18/Aug/2016:14:56:29 +0800] "CONNECT www.baidu.com:443 HTTP/1.0" 400 179 "-" "-"
118.168.175.61 - - [18/Aug/2016:14:58:18 +0800] "CONNECT 163mx02.mxmail.netease.com:25 HTTP/1.0" 400 179 "-" "-"
118.168.175.61 - - [18/Aug/2016:14:58:41 +0800] "CONNECT 163mx03.mxmail.netease.com:25 HTTP/1.0" 400 179 "-" "-"
118.168.175.61 - - [18/Aug/2016:15:21:00 +0800] "CONNECT 163mx00.mxmail.netease.com:25 HTTP/1.0" 400 179 "-" "-"
118.168.175.61 - - [18/Aug/2016:15:21:23 +0800] "CONNECT 163mx03.mxmail.netease.com:25 HTTP/1.0" 400 179 "-" "-"
123.151.42.61 - - [18/Aug/2016:15:33:30 +0800] "GET http://www.baidu.com/ HTTP/1.1" 200 37 "-" "-"
5.178.86.74 - - [18/Aug/2016:16:01:04 +0800] "CONNECT check.best-proxies.ru:80 HTTP/1.1" 400 179 "-" "-"
118.168.175.61 - - [18/Aug/2016:16:06:48 +0800] "CONNECT 163mx00.mxmail.netease.com:25 HTTP/1.0" 400 179 "-" "-"
118.168.175.61 - - [18/Aug/2016:16:07:17 +0800] "CONNECT 163mx01.mxmail.netease.com:25 HTTP/1.0" 400 179 "-" "-"
118.168.175.61 - - [18/Aug/2016:16:07:44 +0800] "CONNECT 163mx00.mxmail.netease.com:25 HTTP/1.0" 400 179 "-" "-"
118.168.175.61 - - [18/Aug/2016:16:30:38 +0800] "CONNECT 163mx00.mxmail.netease.com:25 HTTP/1.0" 400 179 "-" "-"
118.168.175.61 - - [18/Aug/2016:16:52:31 +0800] "CONNECT 163mx01.mxmail.netease.com:25 HTTP/1.0" 400 179 "-" "-"
118.168.175.61 - - [18/Aug/2016:16:52:59 +0800] "CONNECT 163mx03.mxmail.netease.com:25 HTTP/1.0" 400 179 "-" "-"
23.251.51.125 - - [18/Aug/2016:17:05:20 +0800] "GET http://www.proxyjudge.info/azenv.php HTTP/1.1" 200 37 "-" "Mozilla/5.0 (compatible; MSIE 6.0; Windows NT 5.1; Trident/5.0)"
23.251.51.125 - - [18/Aug/2016:17:05:20 +0800] "CONNECT www.alipay.com:443 HTTP/1.0" 400 179 "-" "-"
118.168.175.61 - - [18/Aug/2016:17:16:03 +0800] "CONNECT 163mx03.mxmail.netease.com:25 HTTP/1.0" 400 179 "-" "-"
115.236.128.14 - - [18/Aug/2016:17:32:14 +0800] "GET / HTTP/1.0" 200 22 "-" "-"
115.236.128.14 - - [18/Aug/2016:17:32:14 +0800] "OPTIONS / HTTP/1.0" 200 22 "-" "-"
115.236.128.14 - - [18/Aug/2016:17:32:14 +0800] "OPTIONS / RTSP/1.0" 400 179 "-" "-"
115.236.128.14 - - [18/Aug/2016:17:32:14 +0800] "l\x00\x0B\x00\x00\x00\x00\x00\x00\x00\x00\x00" 400 179 "-" "-"
115.236.128.14 - - [18/Aug/2016:17:32:14 +0800] "GET /nice%20ports%2C/Tri%6Eity.txt%2ebak HTTP/1.0" 200 22 "-" "-"
115.236.128.14 - - [18/Aug/2016:17:32:14 +0800] "A\x00\x00\x00:0\x00\x00\xFF\xFF\xFF\xFF\xD4\x07\x00\x00\x00\x00\x00\x00test.$cmd\x00\x00\x00\x00\x00\xFF\xFF\xFF\xFF\x1B\x00\x00\x00\x01serverStatus\x00\x00\x00\x00\x00\x00\x00\xF0?\x00" 400 179 "-" "-"
115.236.128.14 - - [18/Aug/2016:17:32:20 +0800] "" 400 0 "-" "-"
115.236.128.14 - - [18/Aug/2016:17:32:20 +0800] "\x16\x03\x00\x00S\x01\x00\x00O\x03\x00?G\xD7\xF7\xBA,\xEE\xEA\xB2`~\xF3\x00\xFD\x82{\xB9\xD5\x96\xC8w\x9B\xE6\xC4\xDB<=\xDBo\xEF\x10n\x00\x00(\x00\x16\x00\x13\x00" 400 179 "-" "-"
115.236.128.14 - - [18/Aug/2016:17:32:20 +0800] "\x80\x00\x00(-\xF9\x9A\xB8\x00\x00\x00\x00\x00\x00\x00\x02\x00\x01\x86\xA0\x00\x00\x00\x02\x00\x00\x00\x00\x00\x00\x00\x00\x00\x00\x00\x00\x00\x00\x00\x00\x00\x00\x00\x00" 400 179 "-" "-"
118.168.175.61 - - [18/Aug/2016:17:39:00 +0800] "CONNECT 163mx01.mxmail.netease.com:25 HTTP/1.0" 400 179 "-" "-"
169.229.3.91 - - [18/Aug/2016:17:50:43 +0800] "\xA9+\x17\xA0V\xD4\xE8_W.@S\xC9\xE6\xDED\x7F\x06lm\xEB\xCE\xFC5\x83\xFC\xB43\xD4Y(\xFC\x98r\xF5\xC1\xA0\xD4\x0Fe\xFE\x89\x1CIy\x0B\xF5\xBE\xB0\x16\xA3.m\xBB\xDE\x9DL\x032\x98D\x817T" 400 179 "-" "-"
118.168.175.61 - - [18/Aug/2016:18:01:23 +0800] "CONNECT 163mx03.mxmail.netease.com:25 HTTP/1.0" 400 179 "-" "-"
118.168.175.61 - - [18/Aug/2016:18:01:54 +0800] "CONNECT 163mx00.mxmail.netease.com:25 HTTP/1.0" 400 179 "-" "-"
118.168.175.61 - - [18/Aug/2016:18:03:04 +0800] "CONNECT 163mx01.mxmail.netease.com:25 HTTP/1.0" 400 179 "-" "-"
119.29.151.195 - - [18/Aug/2016:18:06:14 +0800] "OPTIONS / HTTP/1.1" 200 37 "-" "Mozilla/5.0 (Windows NT 6.2; WOW64) AppleWebKit/537.36 (KHTML, like Gecko) Chrome/29.0.1547.0 Safari/537.36"
118.168.175.61 - - [18/Aug/2016:18:24:53 +0800] "CONNECT 163mx00.mxmail.netease.com:25 HTTP/1.0" 400 179 "-" "-"
118.168.175.61 - - [18/Aug/2016:18:47:30 +0800] "CONNECT 163mx03.mxmail.netease.com:25 HTTP/1.0" 400 179 "-" "-"
118.168.175.61 - - [18/Aug/2016:19:10:17 +0800] "CONNECT 163mx01.mxmail.netease.com:25 HTTP/1.0" 400 179 "-" "-"
118.168.175.61 - - [18/Aug/2016:19:33:22 +0800] "CONNECT 163mx03.mxmail.netease.com:25 HTTP/1.0" 400 179 "-" "-"
118.168.175.61 - - [18/Aug/2016:19:33:58 +0800] "CONNECT 163mx00.mxmail.netease.com:25 HTTP/1.0" 400 179 "-" "-"
180.97.106.37 - - [18/Aug/2016:19:56:07 +0800] "\x04\x01\x00P\xB4\xA3qR\x00" 400 179 "-" "-"
118.168.175.61 - - [18/Aug/2016:19:56:25 +0800] "CONNECT 163mx02.mxmail.netease.com:25 HTTP/1.0" 400 179 "-" "-"
118.168.175.61 - - [18/Aug/2016:19:57:01 +0800] "CONNECT 163mx00.mxmail.netease.com:25 HTTP/1.0" 400 179 "-" "-"
119.29.151.195 - - [18/Aug/2016:20:09:37 +0800] "POST /login.action HTTP/1.1" 200 593 "-" "Mozilla/5.0"
118.168.175.61 - - [18/Aug/2016:20:19:03 +0800] "CONNECT 163mx02.mxmail.netease.com:25 HTTP/1.0" 400 179 "-" "-"
118.168.175.61 - - [18/Aug/2016:20:19:50 +0800] "CONNECT 163mx01.mxmail.netease.com:25 HTTP/1.0" 400 179 "-" "-"
23.251.51.125 - - [18/Aug/2016:20:20:58 +0800] "GET http://www.luisaranguren.com/azenv.php HTTP/1.1" 200 37 "-" "Mozilla/5.0 (compatible; MSIE 6.0; Windows NT 5.1; Trident/5.0)"
23.251.51.125 - - [18/Aug/2016:20:20:58 +0800] "CONNECT www.baidu.com:443 HTTP/1.0" 400 179 "-" "-"
95.213.187.190 - - [18/Aug/2016:20:32:25 +0800] "CONNECT check.best-proxies.ru:80 HTTP/1.1" 400 179 "-" "-"
118.168.175.61 - - [18/Aug/2016:20:42:19 +0800] "CONNECT 163mx00.mxmail.netease.com:25 HTTP/1.0" 400 179 "-" "-"
118.168.175.61 - - [18/Aug/2016:21:05:10 +0800] "CONNECT 163mx01.mxmail.netease.com:25 HTTP/1.0" 400 179 "-" "-"
118.168.175.61 - - [18/Aug/2016:21:06:26 +0800] "CONNECT 163mx03.mxmail.netease.com:25 HTTP/1.0" 400 179 "-" "-"
119.29.53.17 - - [18/Aug/2016:21:06:31 +0800] "GET /phpmyadmin HTTP/1.1" 200 37 "http://119.29.33.243/phpmyadmin" "Mozilla/4.0 (compatible; MSIE 9.0; Windows NT 6.1)"
23.251.51.125 - - [18/Aug/2016:21:14:14 +0800] "GET http://domkrim.com/av.php HTTP/1.1" 200 37 "-" "Mozilla/5.0 (compatible; MSIE 6.0; Windows NT 5.1; Trident/5.0)"
23.251.51.125 - - [18/Aug/2016:21:14:15 +0800] "CONNECT www.baidu.com:443 HTTP/1.0" 400 179 "-" "-"
123.151.43.65 - - [18/Aug/2016:21:21:14 +0800] "\x16\x03\x01\x00\xAC\x01\x00\x00\xA8\x03\x01W\xB5\xB6J\x85\xDC<\x8159\xF8\x1F\xF7q\xB4\x88o\x5C\x17\xE4\xEA\x92\xE0\xC1\x1F*g\xE3{Z\x094\x00\x00L\xC0\x14\xC0" 400 179 "-" "-"
123.151.43.65 - - [18/Aug/2016:21:21:14 +0800] "\x16\x03\x01\x00\xAC\x01\x00\x00\xA8\x03\x01W\xB5\xB6J\xECz\xADj#`\x92}XM\xD4@&\xC9\x22\x22>\x8C9\x13\xE7)S1W\x22z\xB8\x00\x00L\xC0\x14\xC0" 400 179 "-" "-"
118.168.175.61 - - [18/Aug/2016:21:28:13 +0800] "CONNECT 163mx00.mxmail.netease.com:25 HTTP/1.0" 400 179 "-" "-"
118.168.175.61 - - [18/Aug/2016:21:29:04 +0800] "CONNECT 163mx00.mxmail.netease.com:25 HTTP/1.0" 400 179 "-" "-"
185.25.148.240 - - [18/Aug/2016:22:08:08 +0800] "GET http://testp4.pospr.waw.pl/testproxy.php HTTP/1.1" 200 12 "-" "Mozilla/5.0 (Windows NT 5.1; rv:32.0) Gecko/20100101 Firefox/31.0"
180.97.106.37 - - [18/Aug/2016:22:32:02 +0800] "\x05\x02\x00\x02" 400 179 "-" "-"
118.168.175.61 - - [18/Aug/2016:23:00:11 +0800] "CONNECT 163mx02.mxmail.netease.com:25 HTTP/1.0" 400 179 "-" "-"
118.168.175.61 - - [18/Aug/2016:23:00:46 +0800] "CONNECT 163mx01.mxmail.netease.com:25 HTTP/1.0" 400 179 "-" "-"
23.251.51.125 - - [18/Aug/2016:23:26:04 +0800] "GET http://www.sbjudge3.com/azenv.php HTTP/1.1" 200 37 "-" "Mozilla/5.0 (compatible; MSIE 6.0; Windows NT 5.1; Trident/5.0)"
23.251.51.125 - - [18/Aug/2016:23:26:04 +0800] "CONNECT www.alipay.com:443 HTTP/1.0" 400 179 "-" "-"
123.151.43.65 - - [18/Aug/2016:23:53:50 +0800] "GET / HTTP/1.1" 200 37 "-" "Scrapy/1.0.4 (+http://scrapy.org)"
118.168.175.61 - - [19/Aug/2016:00:08:52 +0800] "CONNECT 163mx03.mxmail.netease.com:25 HTTP/1.0" 400 179 "-" "-"
118.168.175.61 - - [19/Aug/2016:00:32:00 +0800] "CONNECT 163mx03.mxmail.netease.com:25 HTTP/1.0" 400 179 "-" "-"
119.147.32.254 - - [19/Aug/2016:00:32:07 +0800] "GET / HTTP/1.0" 200 22 "-" "-"
119.147.32.254 - - [19/Aug/2016:00:32:07 +0800] "OPTIONS / HTTP/1.0" 200 22 "-" "-"
119.147.32.254 - - [19/Aug/2016:00:32:07 +0800] "OPTIONS / RTSP/1.0" 400 179 "-" "-"
119.147.32.254 - - [19/Aug/2016:00:32:07 +0800] "l\x00\x0B\x00\x00\x00\x00\x00\x00\x00\x00\x00" 400 179 "-" "-"
119.147.32.254 - - [19/Aug/2016:00:32:07 +0800] "GET /nice%20ports%2C/Tri%6Eity.txt%2ebak HTTP/1.0" 200 22 "-" "-"
119.147.32.254 - - [19/Aug/2016:00:32:07 +0800] "A\x00\x00\x00:0\x00\x00\xFF\xFF\xFF\xFF\xD4\x07\x00\x00\x00\x00\x00\x00test.$cmd\x00\x00\x00\x00\x00\xFF\xFF\xFF\xFF\x1B\x00\x00\x00\x01serverStatus\x00\x00\x00\x00\x00\x00\x00\xF0?\x00" 400 179 "-" "-"
119.147.32.254 - - [19/Aug/2016:00:32:12 +0800] "" 400 0 "-" "-"
119.147.32.254 - - [19/Aug/2016:00:32:12 +0800] "\x16\x03\x00\x00S\x01\x00\x00O\x03\x00?G\xD7\xF7\xBA,\xEE\xEA\xB2`~\xF3\x00\xFD\x82{\xB9\xD5\x96\xC8w\x9B\xE6\xC4\xDB<=\xDBo\xEF\x10n\x00\x00(\x00\x16\x00\x13\x00" 400 179 "-" "-"
119.147.32.254 - - [19/Aug/2016:00:32:12 +0800] "\x80\x00\x00(+\x87-\xCF\x00\x00\x00\x00\x00\x00\x00\x02\x00\x01\x86\xA0\x00\x00\x00\x02\x00\x00\x00\x00\x00\x00\x00\x00\x00\x00\x00\x00\x00\x00\x00\x00\x00\x00\x00\x00" 400 179 "-" "-"
118.168.175.61 - - [19/Aug/2016:00:32:48 +0800] "CONNECT 163mx03.mxmail.netease.com:25 HTTP/1.0" 400 179 "-" "-"
95.213.187.189 - - [19/Aug/2016:00:55:02 +0800] "CONNECT check.best-proxies.ru:80 HTTP/1.1" 400 179 "-" "-"
118.168.175.61 - - [19/Aug/2016:00:55:02 +0800] "CONNECT 163mx00.mxmail.netease.com:25 HTTP/1.0" 400 179 "-" "-"
118.168.175.61 - - [19/Aug/2016:00:55:44 +0800] "CONNECT 163mx01.mxmail.netease.com:25 HTTP/1.0" 400 179 "-" "-"
118.168.175.61 - - [19/Aug/2016:01:17:44 +0800] "CONNECT 163mx01.mxmail.netease.com:25 HTTP/1.0" 400 179 "-" "-"
118.168.175.61 - - [19/Aug/2016:01:18:06 +0800] "CONNECT 163mx03.mxmail.netease.com:25 HTTP/1.0" 400 179 "-" "-"
23.251.51.125 - - [19/Aug/2016:01:19:47 +0800] "GET http://www.sbjudge3.com/azenv.php HTTP/1.1" 200 37 "-" "Mozilla/5.0 (compatible; MSIE 6.0; Windows NT 5.1; Trident/5.0)"
23.251.51.125 - - [19/Aug/2016:01:19:47 +0800] "CONNECT www.baidu.com:443 HTTP/1.0" 400 179 "-" "-"
118.168.175.61 - - [19/Aug/2016:01:40:51 +0800] "CONNECT 163mx03.mxmail.netease.com:25 HTTP/1.0" 400 179 "-" "-"
118.168.175.61 - - [19/Aug/2016:01:41:16 +0800] "CONNECT 163mx00.mxmail.netease.com:25 HTTP/1.0" 400 179 "-" "-"
118.168.175.61 - - [19/Aug/2016:01:42:06 +0800] "CONNECT 163mx00.mxmail.netease.com:25 HTTP/1.0" 400 179 "-" "-"
183.60.48.110 - - [19/Aug/2016:01:49:14 +0800] "GET / HTTP/1.1" 200 37 "-" "libwww-perl/6.04"
118.168.175.61 - - [19/Aug/2016:02:03:53 +0800] "CONNECT 163mx01.mxmail.netease.com:25 HTTP/1.0" 400 179 "-" "-"
118.168.175.61 - - [19/Aug/2016:02:04:35 +0800] "CONNECT 163mx01.mxmail.netease.com:25 HTTP/1.0" 400 179 "-" "-"
118.168.175.61 - - [19/Aug/2016:02:26:50 +0800] "CONNECT 163mx03.mxmail.netease.com:25 HTTP/1.0" 400 179 "-" "-"
118.168.175.61 - - [19/Aug/2016:02:27:42 +0800] "CONNECT 163mx00.mxmail.netease.com:25 HTTP/1.0" 400 179 "-" "-"
23.251.51.125 - - [19/Aug/2016:02:38:20 +0800] "GET http://domkrim.com/av.php HTTP/1.1" 200 37 "-" "Mozilla/5.0 (compatible; MSIE 6.0; Windows NT 5.1; Trident/5.0)"
23.251.51.125 - - [19/Aug/2016:02:38:21 +0800] "CONNECT www.alipay.com:443 HTTP/1.0" 400 179 "-" "-"
118.168.175.61 - - [19/Aug/2016:03:13:06 +0800] "CONNECT 163mx00.mxmail.netease.com:25 HTTP/1.0" 400 179 "-" "-"
118.168.175.61 - - [19/Aug/2016:03:13:44 +0800] "CONNECT 163mx00.mxmail.netease.com:25 HTTP/1.0" 400 179 "-" "-"
118.168.175.61 - - [19/Aug/2016:03:36:25 +0800] "CONNECT 163mx01.mxmail.netease.com:25 HTTP/1.0" 400 179 "-" "-"
118.168.175.61 - - [19/Aug/2016:03:59:21 +0800] "CONNECT 163mx03.mxmail.netease.com:25 HTTP/1.0" 400 179 "-" "-"
23.251.51.125 - - [19/Aug/2016:04:02:29 +0800] "GET http://proxyjudge.us/ HTTP/1.1" 200 37 "-" "Mozilla/5.0 (compatible; MSIE 6.0; Windows NT 5.1; Trident/5.0)"
23.251.51.125 - - [19/Aug/2016:04:02:31 +0800] "CONNECT www.baidu.com:443 HTTP/1.0" 400 179 "-" "-"
23.251.51.125 - - [19/Aug/2016:04:02:37 +0800] "GET http://fr.cyberpods.net/ HTTP/1.1" 200 37 "-" "Mozilla/5.0 (compatible; MSIE 6.0; Windows NT 5.1; Trident/5.0)"
23.251.51.125 - - [19/Aug/2016:04:02:38 +0800] "CONNECT www.baidu.com:443 HTTP/1.0" 400 179 "-" "-"
118.168.175.61 - - [19/Aug/2016:04:45:35 +0800] "CONNECT 163mx01.mxmail.netease.com:25 HTTP/1.0" 400 179 "-" "-"
123.151.43.65 - - [19/Aug/2016:04:49:49 +0800] "\x16\x03\x01\x00\xAC\x01\x00\x00\xA8\x03\x01W\xB6\x1Fm$\xDF\xD4.\x06H\x9B\xE3^\xC2\xD1\x85\x94mN\xD4\x88\x0Bc\x82+T\xE5=cUz\xDF\x00\x00L\xC0\x14\xC0" 400 179 "-" "-"
123.151.43.65 - - [19/Aug/2016:04:49:49 +0800] "\x16\x03\x01\x00\xAC\x01\x00\x00\xA8\x03\x01W\xB6\x1FmG\x16!\x12\xA3\x04\xF3g\xED\x8E\x94\xC6g\xDC:\x07Z\x06\xD5T\xEE\xB4\x82\xE9" 400 179 "-" "-"
118.168.175.61 - - [19/Aug/2016:05:08:39 +0800] "CONNECT 163mx02.mxmail.netease.com:25 HTTP/1.0" 400 179 "-" "-"
118.168.175.61 - - [19/Aug/2016:05:09:28 +0800] "CONNECT 163mx00.mxmail.netease.com:25 HTTP/1.0" 400 179 "-" "-"
95.213.187.188 - - [19/Aug/2016:05:17:30 +0800] "CONNECT check.best-proxies.ru:80 HTTP/1.1" 400 179 "-" "-"
118.168.175.61 - - [19/Aug/2016:05:31:37 +0800] "CONNECT 163mx00.mxmail.netease.com:25 HTTP/1.0" 400 179 "-" "-"
118.168.175.61 - - [19/Aug/2016:05:32:19 +0800] "CONNECT 163mx00.mxmail.netease.com:25 HTTP/1.0" 400 179 "-" "-"
23.251.51.125 - - [19/Aug/2016:05:42:18 +0800] "GET http://domkrim.com/av.php HTTP/1.1" 200 37 "-" "Mozilla/5.0 (compatible; MSIE 6.0; Windows NT 5.1; Trident/5.0)"
23.251.51.125 - - [19/Aug/2016:05:42:18 +0800] "CONNECT www.baidu.com:443 HTTP/1.0" 400 179 "-" "-"
23.251.51.125 - - [19/Aug/2016:05:42:35 +0800] "GET http://www.sbjudge1.com/azenv.php HTTP/1.1" 200 37 "-" "Mozilla/5.0 (compatible; MSIE 6.0; Windows NT 5.1; Trident/5.0)"
23.251.51.125 - - [19/Aug/2016:05:42:36 +0800] "CONNECT www.alipay.com:443 HTTP/1.0" 400 179 "-" "-"
123.151.42.61 - - [19/Aug/2016:05:44:36 +0800] "GET http://www.baidu.com/ HTTP/1.1" 200 37 "-" "-"
118.168.175.61 - - [19/Aug/2016:05:54:59 +0800] "CONNECT 163mx00.mxmail.netease.com:25 HTTP/1.0" 400 179 "-" "-"
118.168.175.61 - - [19/Aug/2016:06:17:50 +0800] "CONNECT 163mx03.mxmail.netease.com:25 HTTP/1.0" 400 179 "-" "-"
118.168.175.61 - - [19/Aug/2016:06:18:18 +0800] "CONNECT 163mx00.mxmail.netease.com:25 HTTP/1.0" 400 179 "-" "-"
118.168.175.61 - - [19/Aug/2016:06:18:43 +0800] "CONNECT 163mx02.mxmail.netease.com:25 HTTP/1.0" 400 179 "-" "-"
118.168.175.61 - - [19/Aug/2016:06:40:49 +0800] "CONNECT 163mx01.mxmail.netease.com:25 HTTP/1.0" 400 179 "-" "-"
118.168.175.61 - - [19/Aug/2016:06:41:30 +0800] "CONNECT 163mx02.mxmail.netease.com:25 HTTP/1.0" 400 179 "-" "-"
119.147.21.64 - - [19/Aug/2016:06:50:46 +0800] "GET / HTTP/1.1" 200 37 "-" "Python-urllib/2.7"
118.168.175.61 - - [19/Aug/2016:07:03:53 +0800] "CONNECT 163mx01.mxmail.netease.com:25 HTTP/1.0" 400 179 "-" "-"
118.168.175.61 - - [19/Aug/2016:07:27:15 +0800] "CONNECT 163mx03.mxmail.netease.com:25 HTTP/1.0" 400 179 "-" "-"
118.168.175.61 - - [19/Aug/2016:07:27:39 +0800] "CONNECT 163mx00.mxmail.netease.com:25 HTTP/1.0" 400 179 "-" "-"
123.151.43.65 - - [19/Aug/2016:07:35:44 +0800] "GET / HTTP/1.1" 200 37 "-" "Scrapy/1.0.4 (+http://scrapy.org)"
185.93.185.10 - - [19/Aug/2016:07:43:55 +0800] "GET / HTTP/1.1" 200 37 "-" "Scanbot"
118.168.175.61 - - [19/Aug/2016:07:49:44 +0800] "CONNECT 163mx00.mxmail.netease.com:25 HTTP/1.0" 400 179 "-" "-"
118.168.175.61 - - [19/Aug/2016:07:50:39 +0800] "CONNECT 163mx00.mxmail.netease.com:25 HTTP/1.0" 400 179 "-" "-"
80.82.78.38 - - [19/Aug/2016:08:09:37 +0800] "GET http://www.baidu.com/cache/global/img/gs.gif HTTP/1.1" 200 37 "-" "Mozilla"
118.168.175.61 - - [19/Aug/2016:08:12:43 +0800] "CONNECT 163mx01.mxmail.netease.com:25 HTTP/1.0" 400 179 "-" "-"
118.168.175.61 - - [19/Aug/2016:08:36:01 +0800] "CONNECT 163mx01.mxmail.netease.com:25 HTTP/1.0" 400 179 "-" "-"
