118.168.175.61 - - [19/Aug/2016:08:36:34 +0800] "CONNECT 163mx01.mxmail.netease.com:25 HTTP/1.0" 400 179 "-" "-"
118.168.175.61 - - [19/Aug/2016:08:37:22 +0800] "CONNECT 163mx03.mxmail.netease.com:25 HTTP/1.0" 400 179 "-" "-"
119.147.32.254 - - [19/Aug/2016:08:57:06 +0800] "GET / HTTP/1.0" 200 22 "-" "-"
119.147.32.254 - - [19/Aug/2016:08:57:06 +0800] "OPTIONS / HTTP/1.0" 200 22 "-" "-"
119.147.32.254 - - [19/Aug/2016:08:57:06 +0800] "OPTIONS / RTSP/1.0" 400 179 "-" "-"
119.147.32.254 - - [19/Aug/2016:08:57:06 +0800] "l\x00\x0B\x00\x00\x00\x00\x00\x00\x00\x00\x00" 400 179 "-" "-"
119.147.32.254 - - [19/Aug/2016:08:57:06 +0800] "GET /nice%20ports%2C/Tri%6Eity.txt%2ebak HTTP/1.0" 200 22 "-" "-"
119.147.32.254 - - [19/Aug/2016:08:57:06 +0800] "A\x00\x00\x00:0\x00\x00\xFF\xFF\xFF\xFF\xD4\x07\x00\x00\x00\x00\x00\x00test.$cmd\x00\x00\x00\x00\x00\xFF\xFF\xFF\xFF\x1B\x00\x00\x00\x01serverStatus\x00\x00\x00\x00\x00\x00\x00\xF0?\x00" 400 179 "-" "-"
119.147.32.254 - - [19/Aug/2016:08:57:11 +0800] "" 400 0 "-" "-"
119.147.32.254 - - [19/Aug/2016:08:57:11 +0800] "\x16\x03\x00\x00S\x01\x00\x00O\x03\x00?G\xD7\xF7\xBA,\xEE\xEA\xB2`~\xF3\x00\xFD\x82{\xB9\xD5\x96\xC8w\x9B\xE6\xC4\xDB<=\xDBo\xEF\x10n\x00\x00(\x00\x16\x00\x13\x00" 400 179 "-" "-"
119.147.32.254 - - [19/Aug/2016:08:57:11 +0800] "\x80\x00\x00(#\xDB\xA1\x04\x00\x00\x00\x00\x00\x00\x00\x02\x00\x01\x86\xA0\x00\x00\x00\x02\x00\x00\x00\x00\x00\x00\x00\x00\x00\x00\x00\x00\x00\x00\x00\x00\x00\x00\x00\x00" 400 179 "-" "-"
118.168.175.61 - - [19/Aug/2016:08:58:57 +0800] "CONNECT 163mx01.mxmail.netease.com:25 HTTP/1.0" 400 179 "-" "-"
118.168.175.61 - - [19/Aug/2016:08:59:21 +0800] "CONNECT 163mx00.mxmail.netease.com:25 HTTP/1.0" 400 179 "-" "-"
118.168.175.61 - - [19/Aug/2016:09:22:23 +0800] "CONNECT 163mx00.mxmail.netease.com:25 HTTP/1.0" 400 179 "-" "-"
222.186.160.94 - - [19/Aug/2016:09:28:45 +0800] "GET /phpmyadmin HTTP/1.1" 200 37 "http://119.29.33.243/phpmyadmin" "Mozilla/4.0 (compatible; MSIE 9.0; Windows NT 6.1)"
5.178.86.75 - - [19/Aug/2016:09:43:25 +0800] "CONNECT check.best-proxies.ru:80 HTTP/1.1" 400 179 "-" "-"
118.168.175.61 - - [19/Aug/2016:10:08:12 +0800] "CONNECT 163mx00.mxmail.netease.com:25 HTTP/1.0" 400 179 "-" "-"
118.168.175.61 - - [19/Aug/2016:10:08:59 +0800] "CONNECT 163mx02.mxmail.netease.com:25 HTTP/1.0" 400 179 "-" "-"
23.251.51.125 - - [19/Aug/2016:10:09:23 +0800] "GET http://www.sbjudge2.com/azenv.php HTTP/1.1" 200 37 "-" "Mozilla/5.0 (compatible; MSIE 6.0; Windows NT 5.1; Trident/5.0)"
23.251.51.125 - - [19/Aug/2016:10:09:24 +0800] "CONNECT www.baidu.com:443 HTTP/1.0" 400 179 "-" "-"
118.168.175.61 - - [19/Aug/2016:10:31:08 +0800] "CONNECT 163mx02.mxmail.netease.com:25 HTTP/1.0" 400 179 "-" "-"
182.140.168.15 - - [19/Aug/2016:10:32:42 +0800] "GET / HTTP/1.1" 200 37 "" "Mozilla/5.0 (Windows; U; Windows NT 5.1; zh-CN; rv:1.8.0.11) Gecko/20070312 Firefox/1.5.0.11; BkScanner.Security"
182.140.168.15 - - [19/Aug/2016:10:32:43 +0800] "GET / HTTP/1.1" 200 37 "-" "WhatWeb/0.4.8-dev"
182.140.168.15 - - [19/Aug/2016:10:32:43 +0800] "GET / HTTP/1.1" 200 37 "-" "Ruby"
182.140.168.15 - - [19/Aug/2016:10:32:43 +0800] "GET /not_exist_path_qiyipps/ HTTP/1.1" 200 37 "" "Mozilla/5.0 (Windows; U; Windows NT 5.1; zh-CN; rv:1.8.0.11) Gecko/20070312 Firefox/1.5.0.11; BkScanner.Security"
172.82.166.210 - - [19/Aug/2016:10:32:49 +0800] "GET http://www.baidu.com/cache/global/img/gs.gif HTTP/1.1" 200 37 "-" "Mozilla"
118.168.175.61 - - [19/Aug/2016:10:54:11 +0800] "CONNECT 163mx03.mxmail.netease.com:25 HTTP/1.0" 400 179 "-" "-"
118.168.175.61 - - [19/Aug/2016:11:17:21 +0800] "CONNECT 163mx00.mxmail.netease.com:25 HTTP/1.0" 400 179 "-" "-"
118.168.175.61 - - [19/Aug/2016:11:17:57 +0800] "CONNECT 163mx02.mxmail.netease.com:25 HTTP/1.0" 400 179 "-" "-"
118.168.175.61 - - [19/Aug/2016:11:40:07 +0800] "CONNECT 163mx03.mxmail.netease.com:25 HTTP/1.0" 400 179 "-" "-"
118.168.175.61 - - [19/Aug/2016:11:40:59 +0800] "CONNECT 163mx02.mxmail.netease.com:25 HTTP/1.0" 400 179 "-" "-"
155.94.163.58 - - [19/Aug/2016:11:52:31 +0800] "GET /phpmyadmin HTTP/1.1" 200 37 "http://119.29.33.243/phpmyadmin" "Mozilla/4.0 (compatible; MSIE 9.0; Windows NT 6.1)"
118.168.175.61 - - [19/Aug/2016:12:03:07 +0800] "CONNECT 163mx02.mxmail.netease.com:25 HTTP/1.0" 400 179 "-" "-"
91.196.50.33 - - [19/Aug/2016:12:04:25 +0800] "GET http://testp4.pospr.waw.pl/testproxy.php HTTP/1.1" 200 12 "-" "Mozilla/5.0 (Windows NT 5.1; rv:32.0) Gecko/20100101 Firefox/31.0"
118.168.175.61 - - [19/Aug/2016:12:26:23 +0800] "CONNECT 163mx02.mxmail.netease.com:25 HTTP/1.0" 400 179 "-" "-"
23.251.51.125 - - [19/Aug/2016:12:44:57 +0800] "GET http://fr.cyberpods.net/ HTTP/1.1" 200 37 "-" "Mozilla/5.0 (compatible; MSIE 6.0; Windows NT 5.1; Trident/5.0)"
23.251.51.125 - - [19/Aug/2016:12:44:58 +0800] "CONNECT www.alipay.com:443 HTTP/1.0" 400 179 "-" "-"
23.251.51.125 - - [19/Aug/2016:12:45:10 +0800] "GET http://www.luisaranguren.com/azenv.php HTTP/1.1" 200 37 "-" "Mozilla/5.0 (compatible; MSIE 6.0; Windows NT 5.1; Trident/5.0)"
23.251.51.125 - - [19/Aug/2016:12:45:11 +0800] "CONNECT www.alipay.com:443 HTTP/1.0" 400 179 "-" "-"
118.168.175.61 - - [19/Aug/2016:13:12:39 +0800] "CONNECT 163mx00.mxmail.netease.com:25 HTTP/1.0" 400 179 "-" "-"
118.168.175.61 - - [19/Aug/2016:13:35:14 +0800] "CONNECT 163mx03.mxmail.netease.com:25 HTTP/1.0" 400 179 "-" "-"
118.168.175.61 - - [19/Aug/2016:13:58:02 +0800] "CONNECT 163mx01.mxmail.netease.com:25 HTTP/1.0" 400 179 "-" "-"
118.168.175.61 - - [19/Aug/2016:13:58:48 +0800] "CONNECT 163mx03.mxmail.netease.com:25 HTTP/1.0" 400 179 "-" "-"
118.168.175.61 - - [19/Aug/2016:13:59:23 +0800] "CONNECT 163mx03.mxmail.netease.com:25 HTTP/1.0" 400 179 "-" "-"
95.213.187.186 - - [19/Aug/2016:14:12:05 +0800] "POST http://check.best-proxies.ru/azenv.php?auth=147158712467&a=PSCN&i=1998397939&p=80 HTTP/1.1" 200 48 "http://best-proxies.ru/" "Mozilla/4.0 (compatible; MSIE 8.0; Windows NT 5.1; Trident/4.0)"
118.168.175.61 - - [19/Aug/2016:14:21:39 +0800] "CONNECT 163mx00.mxmail.netease.com:25 HTTP/1.0" 400 179 "-" "-"
118.168.175.61 - - [19/Aug/2016:14:44:26 +0800] "CONNECT 163mx01.mxmail.netease.com:25 HTTP/1.0" 400 179 "-" "-"
106.75.29.120 - - [19/Aug/2016:14:51:57 +0800] "CONNECT 106.75.29.120:44444 HTTP/1.1" 400 179 "-" "-"
118.168.175.61 - - [19/Aug/2016:15:07:36 +0800] "CONNECT 163mx01.mxmail.netease.com:25 HTTP/1.0" 400 179 "-" "-"
118.168.175.61 - - [19/Aug/2016:15:30:10 +0800] "CONNECT 163mx01.mxmail.netease.com:25 HTTP/1.0" 400 179 "-" "-"
118.168.175.61 - - [19/Aug/2016:15:30:57 +0800] "CONNECT 163mx03.mxmail.netease.com:25 HTTP/1.0" 400 179 "-" "-"
118.168.175.61 - - [19/Aug/2016:15:53:14 +0800] "CONNECT 163mx03.mxmail.netease.com:25 HTTP/1.0" 400 179 "-" "-"
118.168.175.61 - - [19/Aug/2016:15:53:38 +0800] "CONNECT 163mx02.mxmail.netease.com:25 HTTP/1.0" 400 179 "-" "-"
23.251.51.125 - - [19/Aug/2016:15:54:27 +0800] "GET http://www.proxyjudge.info/azenv.php HTTP/1.1" 200 37 "-" "Mozilla/5.0 (compatible; MSIE 6.0; Windows NT 5.1; Trident/5.0)"
23.251.51.125 - - [19/Aug/2016:15:54:27 +0800] "CONNECT www.baidu.com:443 HTTP/1.0" 400 179 "-" "-"
23.251.51.125 - - [19/Aug/2016:15:54:43 +0800] "GET http://www.sbjudge1.com/azenv.php HTTP/1.1" 200 37 "-" "Mozilla/5.0 (compatible; MSIE 6.0; Windows NT 5.1; Trident/5.0)"
23.251.51.125 - - [19/Aug/2016:15:54:45 +0800] "CONNECT www.baidu.com:443 HTTP/1.0" 400 179 "-" "-"
118.168.175.61 - - [19/Aug/2016:16:16:22 +0800] "CONNECT 163mx02.mxmail.netease.com:25 HTTP/1.0" 400 179 "-" "-"
118.168.175.61 - - [19/Aug/2016:16:16:48 +0800] "CONNECT 163mx00.mxmail.netease.com:25 HTTP/1.0" 400 179 "-" "-"
185.25.151.159 - - [19/Aug/2016:16:30:47 +0800] "GET http://testp1.piwo.pila.pl/testproxy.php HTTP/1.1" 200 12 "-" "Mozilla/5.0 (Windows NT 5.1; rv:32.0) Gecko/20100101 Firefox/31.0"
118.168.175.61 - - [19/Aug/2016:16:39:32 +0800] "CONNECT 163mx02.mxmail.netease.com:25 HTTP/1.0" 400 179 "-" "-"
118.168.175.61 - - [19/Aug/2016:16:40:17 +0800] "CONNECT 163mx00.mxmail.netease.com:25 HTTP/1.0" 400 179 "-" "-"
118.168.175.61 - - [19/Aug/2016:17:02:04 +0800] "CONNECT 163mx00.mxmail.netease.com:25 HTTP/1.0" 400 179 "-" "-"
218.75.70.3 - - [19/Aug/2016:17:07:24 +0800] "GET / HTTP/1.1" 200 37 "-" "-"
211.149.169.68 - - [19/Aug/2016:17:25:00 +0800] "GET /phpmyadmin HTTP/1.1" 200 37 "http://119.29.33.243/phpmyadmin" "Mozilla/4.0 (compatible; MSIE 9.0; Windows NT 6.1)"
23.251.51.125 - - [19/Aug/2016:17:25:39 +0800] "GET http://www.proxy-listen.de/azenv.php HTTP/1.1" 200 37 "-" "Mozilla/5.0 (compatible; MSIE 6.0; Windows NT 5.1; Trident/5.0)"
118.168.175.61 - - [19/Aug/2016:17:25:40 +0800] "CONNECT 163mx02.mxmail.netease.com:25 HTTP/1.0" 400 179 "-" "-"
123.151.42.61 - - [19/Aug/2016:17:44:40 +0800] "GET http://www.baidu.com/ HTTP/1.1" 200 37 "-" "-"
118.168.175.61 - - [19/Aug/2016:17:48:22 +0800] "CONNECT 163mx00.mxmail.netease.com:25 HTTP/1.0" 400 179 "-" "-"
118.168.175.61 - - [19/Aug/2016:18:11:20 +0800] "CONNECT 163mx03.mxmail.netease.com:25 HTTP/1.0" 400 179 "-" "-"
118.168.175.61 - - [19/Aug/2016:18:34:33 +0800] "CONNECT 163mx01.mxmail.netease.com:25 HTTP/1.0" 400 179 "-" "-"
23.251.51.125 - - [19/Aug/2016:18:47:25 +0800] "GET http://www.proxyjudge.info/azenv.php HTTP/1.1" 200 37 "-" "Mozilla/5.0 (compatible; MSIE 6.0; Windows NT 5.1; Trident/5.0)"
23.251.51.125 - - [19/Aug/2016:18:47:27 +0800] "CONNECT www.baidu.com:443 HTTP/1.0" 400 179 "-" "-"
95.213.187.188 - - [19/Aug/2016:18:52:59 +0800] "CONNECT check.best-proxies.ru:80 HTTP/1.1" 400 179 "-" "-"
118.168.175.61 - - [19/Aug/2016:18:56:53 +0800] "CONNECT 163mx03.mxmail.netease.com:25 HTTP/1.0" 400 179 "-" "-"
118.168.175.61 - - [19/Aug/2016:18:57:28 +0800] "CONNECT 163mx03.mxmail.netease.com:25 HTTP/1.0" 400 179 "-" "-"
118.168.175.61 - - [19/Aug/2016:19:19:45 +0800] "CONNECT 163mx01.mxmail.netease.com:25 HTTP/1.0" 400 179 "-" "-"
23.251.51.125 - - [19/Aug/2016:19:26:52 +0800] "GET http://proxyjudge.us/ HTTP/1.1" 200 37 "-" "Mozilla/5.0 (compatible; MSIE 6.0; Windows NT 5.1; Trident/5.0)"
23.251.51.125 - - [19/Aug/2016:19:26:53 +0800] "CONNECT www.baidu.com:443 HTTP/1.0" 400 179 "-" "-"
118.168.175.61 - - [19/Aug/2016:19:42:57 +0800] "CONNECT 163mx03.mxmail.netease.com:25 HTTP/1.0" 400 179 "-" "-"
118.168.175.61 - - [19/Aug/2016:20:29:17 +0800] "CONNECT 163mx01.mxmail.netease.com:25 HTTP/1.0" 400 179 "-" "-"
118.168.175.61 - - [19/Aug/2016:20:52:04 +0800] "CONNECT 163mx03.mxmail.netease.com:25 HTTP/1.0" 400 179 "-" "-"
118.168.175.61 - - [19/Aug/2016:20:52:35 +0800] "CONNECT 163mx02.mxmail.netease.com:25 HTTP/1.0" 400 179 "-" "-"
118.168.175.61 - - [19/Aug/2016:20:53:29 +0800] "CONNECT 163mx01.mxmail.netease.com:25 HTTP/1.0" 400 179 "-" "-"
118.168.175.61 - - [19/Aug/2016:21:15:31 +0800] "CONNECT 163mx00.mxmail.netease.com:25 HTTP/1.0" 400 179 "-" "-"
123.151.43.65 - - [19/Aug/2016:21:19:51 +0800] "\x16\x03\x01\x00\xAC\x01\x00\x00\xA8\x03\x01W\xB7\x07w\x06,\xEC\x82\xC2\xA4\xFE\x0C\xD5FHn\xAEE\xD0~\xDF\xEF\xA1\xEC\xC8\xE7!\xDB\xEF0s\xE1\x00\x00L\xC0\x14\xC0" 400 179 "-" "-"
123.151.43.65 - - [19/Aug/2016:21:19:51 +0800] "\x16\x03\x01\x00\xAC\x01\x00\x00\xA8\x03\x01W\xB7\x07wm\xB9\xE2`\xC2:\xC3c=\x1F\xDFYR\x0E\xF0 )g\xE7\xCEE\x19hm\x0Bi\xF4\x04\x00\x00L\xC0\x14\xC0" 400 179 "-" "-"
118.168.175.61 - - [19/Aug/2016:21:37:58 +0800] "CONNECT 163mx03.mxmail.netease.com:25 HTTP/1.0" 400 179 "-" "-"
118.168.175.61 - - [19/Aug/2016:21:38:42 +0800] "CONNECT 163mx03.mxmail.netease.com:25 HTTP/1.0" 400 179 "-" "-"
118.168.175.61 - - [19/Aug/2016:22:01:16 +0800] "CONNECT 163mx03.mxmail.netease.com:25 HTTP/1.0" 400 179 "-" "-"
118.168.175.61 - - [19/Aug/2016:22:46:52 +0800] "CONNECT 163mx01.mxmail.netease.com:25 HTTP/1.0" 400 179 "-" "-"
118.168.175.61 - - [19/Aug/2016:22:47:38 +0800] "CONNECT 163mx00.mxmail.netease.com:25 HTTP/1.0" 400 179 "-" "-"
118.168.175.61 - - [19/Aug/2016:23:10:05 +0800] "CONNECT 163mx02.mxmail.netease.com:25 HTTP/1.0" 400 179 "-" "-"
118.168.175.61 - - [19/Aug/2016:23:10:41 +0800] "CONNECT 163mx02.mxmail.netease.com:25 HTTP/1.0" 400 179 "-" "-"
95.213.187.190 - - [19/Aug/2016:23:26:29 +0800] "CONNECT check.best-proxies.ru:80 HTTP/1.1" 400 179 "-" "-"
118.168.175.61 - - [19/Aug/2016:23:33:20 +0800] "CONNECT 163mx03.mxmail.netease.com:25 HTTP/1.0" 400 179 "-" "-"
123.151.43.65 - - [19/Aug/2016:23:50:22 +0800] "GET / HTTP/1.1" 200 37 "-" "Scrapy/1.0.4 (+http://scrapy.org)"
118.168.175.61 - - [20/Aug/2016:00:18:48 +0800] "CONNECT 163mx03.mxmail.netease.com:25 HTTP/1.0" 400 179 "-" "-"
118.168.175.61 - - [20/Aug/2016:00:19:11 +0800] "CONNECT 163mx01.mxmail.netease.com:25 HTTP/1.0" 400 179 "-" "-"
118.168.175.61 - - [20/Aug/2016:00:41:47 +0800] "CONNECT 163mx00.mxmail.netease.com:25 HTTP/1.0" 400 179 "-" "-"
118.168.175.61 - - [20/Aug/2016:00:42:09 +0800] "CONNECT 163mx01.mxmail.netease.com:25 HTTP/1.0" 400 179 "-" "-"
23.251.51.125 - - [20/Aug/2016:00:52:42 +0800] "GET http://domkrim.com/av.php HTTP/1.1" 200 37 "-" "Mozilla/5.0 (compatible; MSIE 6.0; Windows NT 5.1; Trident/5.0)"
23.251.51.125 - - [20/Aug/2016:00:52:42 +0800] "CONNECT www.alipay.com:443 HTTP/1.0" 400 179 "-" "-"
118.168.175.61 - - [20/Aug/2016:01:04:46 +0800] "CONNECT 163mx01.mxmail.netease.com:25 HTTP/1.0" 400 179 "-" "-"
27.151.13.112 - - [20/Aug/2016:01:38:19 +0800] "POST /login.action HTTP/1.1" 200 456 "-" "Mozilla/5.0"
27.151.13.112 - - [20/Aug/2016:01:38:20 +0800] "POST /login.action HTTP/1.1" 200 558 "-" "Mozilla/5.0"
27.151.13.112 - - [20/Aug/2016:01:38:20 +0800] "POST /login.action HTTP/1.1" 200 560 "-" "Mozilla/5.0"
27.151.13.112 - - [20/Aug/2016:01:38:21 +0800] "POST /login.action HTTP/1.1" 200 547 "-" "Mozilla/5.0"
27.151.13.112 - - [20/Aug/2016:01:38:21 +0800] "POST /login.action HTTP/1.1" 200 549 "-" "Mozilla/5.0"
27.151.13.112 - - [20/Aug/2016:01:38:21 +0800] "POST /login.action HTTP/1.1" 200 609 "-" "Mozilla/5.0"
27.151.13.112 - - [20/Aug/2016:01:38:21 +0800] "POST /login.action HTTP/1.1" 200 605 "-" "Mozilla/5.0"
27.151.13.112 - - [20/Aug/2016:01:38:21 +0800] "POST /login.action HTTP/1.1" 200 562 "-" "Mozilla/5.0"
27.151.13.112 - - [20/Aug/2016:01:38:22 +0800] "POST /login.action HTTP/1.1" 200 634 "-" "Mozilla/5.0"
27.151.13.112 - - [20/Aug/2016:01:38:22 +0800] "POST /login.action HTTP/1.1" 200 552 "-" "Mozilla/5.0"
27.151.13.112 - - [20/Aug/2016:01:38:22 +0800] "POST /login.action HTTP/1.1" 200 530 "-" "Mozilla/5.0"
27.151.13.112 - - [20/Aug/2016:01:38:23 +0800] "POST /login.action HTTP/1.1" 200 560 "-" "Mozilla/5.0"
27.151.13.112 - - [20/Aug/2016:01:38:23 +0800] "POST /login.action HTTP/1.1" 200 656 "-" "Mozilla/5.0"
27.151.13.112 - - [20/Aug/2016:01:38:23 +0800] "POST /login.action HTTP/1.1" 200 551 "-" "Mozilla/5.0"
27.151.13.112 - - [20/Aug/2016:01:38:23 +0800] "POST /login.action HTTP/1.1" 200 552 "-" "Mozilla/5.0"
27.151.13.112 - - [20/Aug/2016:01:38:23 +0800] "POST /login.action HTTP/1.1" 200 546 "-" "Mozilla/5.0"
27.151.13.112 - - [20/Aug/2016:01:38:23 +0800] "POST /login.action HTTP/1.1" 200 552 "-" "Mozilla/5.0"
27.151.13.112 - - [20/Aug/2016:01:38:24 +0800] "POST /login.action HTTP/1.1" 200 546 "-" "Mozilla/5.0"
27.151.13.112 - - [20/Aug/2016:01:38:24 +0800] "POST /login.action HTTP/1.1" 200 538 "-" "Mozilla/5.0"
27.151.13.112 - - [20/Aug/2016:01:38:24 +0800] "POST /login.action HTTP/1.1" 200 616 "-" "Mozilla/5.0"
27.151.13.112 - - [20/Aug/2016:01:38:25 +0800] "POST /login.action HTTP/1.1" 200 603 "-" "Mozilla/5.0"
27.151.13.112 - - [20/Aug/2016:01:38:25 +0800] "POST /login.action HTTP/1.1" 200 605 "-" "Mozilla/5.0"
27.151.13.112 - - [20/Aug/2016:01:38:25 +0800] "POST /login.action HTTP/1.1" 200 626 "-" "Mozilla/5.0"
27.151.13.112 - - [20/Aug/2016:01:38:25 +0800] "POST /login.action HTTP/1.1" 200 552 "-" "Mozilla/5.0"
27.151.13.112 - - [20/Aug/2016:01:38:26 +0800] "POST /login.action HTTP/1.1" 200 563 "-" "Mozilla/5.0"
27.151.13.112 - - [20/Aug/2016:01:38:26 +0800] "POST /login.action HTTP/1.1" 200 891 "-" "Mozilla/5.0"
183.60.48.110 - - [20/Aug/2016:01:40:10 +0800] "GET / HTTP/1.1" 200 37 "-" "libwww-perl/6.04"
118.168.175.61 - - [20/Aug/2016:01:51:03 +0800] "CONNECT 163mx02.mxmail.netease.com:25 HTTP/1.0" 400 179 "-" "-"
14.29.84.90 - - [20/Aug/2016:02:13:39 +0800] "POST /login.action HTTP/1.1" 200 614 "-" "Mozilla/5.0"
118.168.175.61 - - [20/Aug/2016:02:36:39 +0800] "CONNECT 163mx01.mxmail.netease.com:25 HTTP/1.0" 400 179 "-" "-"
118.168.175.61 - - [20/Aug/2016:02:37:04 +0800] "CONNECT 163mx01.mxmail.netease.com:25 HTTP/1.0" 400 179 "-" "-"
118.168.175.61 - - [20/Aug/2016:02:38:00 +0800] "CONNECT 163mx00.mxmail.netease.com:25 HTTP/1.0" 400 179 "-" "-"
118.168.175.61 - - [20/Aug/2016:03:00:10 +0800] "CONNECT 163mx00.mxmail.netease.com:25 HTTP/1.0" 400 179 "-" "-"
118.168.175.61 - - [20/Aug/2016:03:00:44 +0800] "CONNECT 163mx01.mxmail.netease.com:25 HTTP/1.0" 400 179 "-" "-"
118.168.175.61 - - [20/Aug/2016:03:23:26 +0800] "CONNECT 163mx02.mxmail.netease.com:25 HTTP/1.0" 400 179 "-" "-"
219.133.49.231 - - [20/Aug/2016:03:24:49 +0800] "GET http://10.133.6.20/proxy.html HTTP/1.1" 200 37 "-" "-"
219.133.49.231 - - [20/Aug/2016:03:24:49 +0800] "\x00" 400 179 "-" "-"
219.133.49.231 - - [20/Aug/2016:03:24:49 +0800] "\x04\x01\x00P\xDC\xB5o\x94\x00\x00" 400 179 "-" "-"
219.133.49.231 - - [20/Aug/2016:03:24:49 +0800] "\x05\x01\x00\x00" 400 179 "-" "-"
185.25.148.240 - - [20/Aug/2016:03:35:43 +0800] "GET http://testp3.pospr.waw.pl/testproxy.php HTTP/1.1" 200 12 "-" "Mozilla/5.0 (Windows NT 5.1; rv:32.0) Gecko/20100101 Firefox/31.0"
118.168.175.61 - - [20/Aug/2016:04:09:09 +0800] "CONNECT 163mx03.mxmail.netease.com:25 HTTP/1.0" 400 179 "-" "-"
118.168.175.61 - - [20/Aug/2016:04:09:42 +0800] "CONNECT 163mx03.mxmail.netease.com:25 HTTP/1.0" 400 179 "-" "-"
123.151.43.65 - - [20/Aug/2016:04:47:20 +0800] "\x16\x03\x01\x00\xAC\x01\x00\x00\xA8\x03\x01W\xB7pX\xEF\xD6.\xA8\x19Xj\xFF\x99$\x90\x8F\xF9Y\x8E3\xEE\x08=\xBF\xA9&0\xED\x02\xDC\xC9_\x00\x00L\xC0\x14\xC0" 400 179 "-" "-"
123.151.43.65 - - [20/Aug/2016:04:47:20 +0800] "\x16\x03\x01\x00\xAC\x01\x00\x00\xA8\x03\x01W\xB7pX!T\xA9\xB5\x15]\x8B\x9E\x06\xCDA\x86r\x98\xCA\xD2_\x0C\x8FY\xFC\x8B8\x1F\xFERq\xE0\x00\x00L\xC0\x14\xC0" 400 179 "-" "-"
118.168.175.61 - - [20/Aug/2016:04:55:05 +0800] "CONNECT 163mx00.mxmail.netease.com:25 HTTP/1.0" 400 179 "-" "-"
1.192.128.23 - - [20/Aug/2016:04:59:42 +0800] "GET /manager/html HTTP/1.1" 200 37 "-" "Mozilla/5.0 (Windows NT 5.1; rv:5.0) Gecko/20100101 Firefox/5.0"
118.168.175.61 - - [20/Aug/2016:05:18:22 +0800] "CONNECT 163mx01.mxmail.netease.com:25 HTTP/1.0" 400 179 "-" "-"
118.168.175.61 - - [20/Aug/2016:05:18:58 +0800] "CONNECT 163mx02.mxmail.netease.com:25 HTTP/1.0" 400 179 "-" "-"
119.29.53.17 - - [20/Aug/2016:05:30:33 +0800] "GET /phpmyadmin HTTP/1.1" 200 37 "http://119.29.33.243/phpmyadmin" "Mozilla/4.0 (compatible; MSIE 9.0; Windows NT 6.1)"
118.168.175.61 - - [20/Aug/2016:05:41:36 +0800] "CONNECT 163mx01.mxmail.netease.com:25 HTTP/1.0" 400 179 "-" "-"
118.168.175.61 - - [20/Aug/2016:06:04:36 +0800] "CONNECT 163mx01.mxmail.netease.com:25 HTTP/1.0" 400 179 "-" "-"
23.251.51.125 - - [20/Aug/2016:06:20:42 +0800] "GET http://www.proxyjudge.info/azenv.php HTTP/1.1" 200 37 "-" "Mozilla/5.0 (compatible; MSIE 6.0; Windows NT 5.1; Trident/5.0)"
23.251.51.125 - - [20/Aug/2016:06:20:43 +0800] "CONNECT www.alipay.com:443 HTTP/1.0" 400 179 "-" "-"
118.168.175.61 - - [20/Aug/2016:06:27:30 +0800] "CONNECT 163mx03.mxmail.netease.com:25 HTTP/1.0" 400 179 "-" "-"
118.168.175.61 - - [20/Aug/2016:06:27:58 +0800] "CONNECT 163mx01.mxmail.netease.com:25 HTTP/1.0" 400 179 "-" "-"
80.82.78.38 - - [20/Aug/2016:06:43:52 +0800] "GET http://www.baidu.com/cache/global/img/gs.gif HTTP/1.1" 200 37 "-" "Mozilla"
118.168.175.61 - - [20/Aug/2016:06:50:12 +0800] "CONNECT 163mx00.mxmail.netease.com:25 HTTP/1.0" 400 179 "-" "-"
118.168.175.61 - - [20/Aug/2016:06:50:40 +0800] "CONNECT 163mx03.mxmail.netease.com:25 HTTP/1.0" 400 179 "-" "-"
119.147.21.64 - - [20/Aug/2016:06:51:38 +0800] "GET / HTTP/1.1" 200 37 "-" "Python-urllib/2.7"
123.151.43.65 - - [20/Aug/2016:07:16:45 +0800] "GET / HTTP/1.1" 200 37 "-" "Scrapy/1.0.4 (+http://scrapy.org)"
118.168.175.61 - - [20/Aug/2016:07:36:31 +0800] "CONNECT 163mx02.mxmail.netease.com:25 HTTP/1.0" 400 179 "-" "-"
118.168.175.61 - - [20/Aug/2016:07:36:56 +0800] "CONNECT 163mx02.mxmail.netease.com:25 HTTP/1.0" 400 179 "-" "-"
23.251.51.125 - - [20/Aug/2016:07:40:47 +0800] "GET http://www.sbjudge2.com/azenv.php HTTP/1.1" 200 37 "-" "Mozilla/5.0 (compatible; MSIE 6.0; Windows NT 5.1; Trident/5.0)"
23.251.51.125 - - [20/Aug/2016:07:40:48 +0800] "CONNECT www.alipay.com:443 HTTP/1.0" 400 179 "-" "-"
106.75.29.120 - - [20/Aug/2016:07:42:34 +0800] "CONNECT 106.75.29.120:44444 HTTP/1.1" 400 179 "-" "-"
118.168.175.61 - - [20/Aug/2016:07:59:48 +0800] "CONNECT 163mx03.mxmail.netease.com:25 HTTP/1.0" 400 179 "-" "-"
95.213.187.190 - - [20/Aug/2016:08:19:37 +0800] "CONNECT check.best-proxies.ru:80 HTTP/1.1" 400 179 "-" "-"
118.168.175.61 - - [20/Aug/2016:08:22:25 +0800] "CONNECT 163mx02.mxmail.netease.com:25 HTTP/1.0" 400 179 "-" "-"
118.168.175.61 - - [20/Aug/2016:08:45:47 +0800] "CONNECT 163mx03.mxmail.netease.com:25 HTTP/1.0" 400 179 "-" "-"
118.168.175.61 - - [20/Aug/2016:08:46:24 +0800] "CONNECT 163mx00.mxmail.netease.com:25 HTTP/1.0" 400 179 "-" "-"
118.168.175.61 - - [20/Aug/2016:09:08:55 +0800] "CONNECT 163mx02.mxmail.netease.com:25 HTTP/1.0" 400 179 "-" "-"
114.215.239.201 - - [20/Aug/2016:09:13:24 +0800] "GET / HTTP/1.1" 200 37 "-" "-"
118.168.175.61 - - [20/Aug/2016:09:55:09 +0800] "CONNECT 163mx00.mxmail.netease.com:25 HTTP/1.0" 400 179 "-" "-"
23.251.51.125 - - [20/Aug/2016:10:12:20 +0800] "GET http://domkrim.com/av.php HTTP/1.1" 200 37 "-" "Mozilla/5.0 (compatible; MSIE 6.0; Windows NT 5.1; Trident/5.0)"
23.251.51.125 - - [20/Aug/2016:10:12:22 +0800] "CONNECT www.baidu.com:443 HTTP/1.0" 400 179 "-" "-"
118.168.175.61 - - [20/Aug/2016:10:18:05 +0800] "CONNECT 163mx00.mxmail.netease.com:25 HTTP/1.0" 400 179 "-" "-"
118.168.175.61 - - [20/Aug/2016:10:40:52 +0800] "CONNECT 163mx02.mxmail.netease.com:25 HTTP/1.0" 400 179 "-" "-"
91.196.50.33 - - [20/Aug/2016:10:48:31 +0800] "GET http://testp3.pospr.waw.pl/testproxy.php HTTP/1.1" 200 12 "-" "Mozilla/5.0 (Windows NT 5.1; rv:32.0) Gecko/20100101 Firefox/31.0"
118.168.175.61 - - [20/Aug/2016:11:04:18 +0800] "CONNECT 163mx01.mxmail.netease.com:25 HTTP/1.0" 400 179 "-" "-"
118.168.175.61 - - [20/Aug/2016:11:04:43 +0800] "CONNECT 163mx01.mxmail.netease.com:25 HTTP/1.0" 400 179 "-" "-"
118.168.175.61 - - [20/Aug/2016:11:26:51 +0800] "CONNECT 163mx01.mxmail.netease.com:25 HTTP/1.0" 400 179 "-" "-"
118.168.175.61 - - [20/Aug/2016:11:27:15 +0800] "CONNECT 163mx02.mxmail.netease.com:25 HTTP/1.0" 400 179 "-" "-"
118.168.175.61 - - [20/Aug/2016:11:50:13 +0800] "CONNECT 163mx02.mxmail.netease.com:25 HTTP/1.0" 400 179 "-" "-"
23.251.51.125 - - [20/Aug/2016:11:59:08 +0800] "GET http://fr.cyberpods.net/ HTTP/1.1" 200 37 "-" "Mozilla/5.0 (compatible; MSIE 6.0; Windows NT 5.1; Trident/5.0)"
23.251.51.125 - - [20/Aug/2016:11:59:09 +0800] "CONNECT www.baidu.com:443 HTTP/1.0" 400 179 "-" "-"
118.168.175.61 - - [20/Aug/2016:12:12:48 +0800] "CONNECT 163mx02.mxmail.netease.com:25 HTTP/1.0" 400 179 "-" "-"
118.168.175.61 - - [20/Aug/2016:12:35:48 +0800] "CONNECT 163mx01.mxmail.netease.com:25 HTTP/1.0" 400 179 "-" "-"
118.168.175.61 - - [20/Aug/2016:12:36:11 +0800] "CONNECT 163mx03.mxmail.netease.com:25 HTTP/1.0" 400 179 "-" "-"
118.168.175.61 - - [20/Aug/2016:12:36:47 +0800] "CONNECT 163mx03.mxmail.netease.com:25 HTTP/1.0" 400 179 "-" "-"
95.213.187.186 - - [20/Aug/2016:12:46:47 +0800] "CONNECT check.best-proxies.ru:80 HTTP/1.1" 400 179 "-" "-"
183.129.160.229 - - [20/Aug/2016:12:52:07 +0800] "GET / HTTP/1.1" 200 37 "-" "Mozilla/5.0 (Macintosh; Intel Mac OS X 10.11; rv:47.0) Gecko/20100101 Firefox/47.0"
183.129.160.229 - - [20/Aug/2016:12:52:07 +0800] "test" 400 179 "-" "-"
118.168.175.61 - - [20/Aug/2016:12:58:44 +0800] "CONNECT 163mx03.mxmail.netease.com:25 HTTP/1.0" 400 179 "-" "-"
118.168.175.61 - - [20/Aug/2016:12:59:23 +0800] "CONNECT 163mx03.mxmail.netease.com:25 HTTP/1.0" 400 179 "-" "-"
141.212.122.48 - - [20/Aug/2016:13:19:40 +0800] "GET / HTTP/1.1" 200 37 "-" "Mozilla/5.0 zgrab/0.x"
118.168.175.61 - - [20/Aug/2016:13:22:03 +0800] "CONNECT 163mx02.mxmail.netease.com:25 HTTP/1.0" 400 179 "-" "-"
118.168.175.61 - - [20/Aug/2016:13:45:07 +0800] "CONNECT 163mx00.mxmail.netease.com:25 HTTP/1.0" 400 179 "-" "-"
118.168.175.61 - - [20/Aug/2016:13:45:53 +0800] "CONNECT 163mx01.mxmail.netease.com:25 HTTP/1.0" 400 179 "-" "-"
91.196.50.33 - - [20/Aug/2016:13:51:28 +0800] "GET http://testp4.pospr.waw.pl/testproxy.php HTTP/1.1" 200 12 "-" "Mozilla/5.0 (Windows NT 5.1; rv:32.0) Gecko/20100101 Firefox/31.0"
185.49.14.190 - - [20/Aug/2016:14:05:55 +0800] "GET http://testp4.pospr.waw.pl/testproxy.php HTTP/1.1" 200 12 "-" "Mozilla/5.0 (Windows NT 5.1; rv:32.0) Gecko/20100101 Firefox/31.0"
118.168.175.61 - - [20/Aug/2016:14:08:15 +0800] "CONNECT 163mx00.mxmail.netease.com:25 HTTP/1.0" 400 179 "-" "-"
118.168.175.61 - - [20/Aug/2016:14:08:43 +0800] "CONNECT 163mx03.mxmail.netease.com:25 HTTP/1.0" 400 179 "-" "-"
118.168.175.61 - - [20/Aug/2016:14:30:52 +0800] "CONNECT 163mx03.mxmail.netease.com:25 HTTP/1.0" 400 179 "-" "-"
118.168.175.61 - - [20/Aug/2016:14:31:16 +0800] "CONNECT 163mx02.mxmail.netease.com:25 HTTP/1.0" 400 179 "-" "-"
59.56.74.209 - - [20/Aug/2016:14:38:41 +0800] "HEAD / HTTP/1.0" 200 0 "-" "-"
118.168.175.61 - - [20/Aug/2016:14:53:44 +0800] "CONNECT 163mx03.mxmail.netease.com:25 HTTP/1.0" 400 179 "-" "-"
118.168.175.61 - - [20/Aug/2016:15:16:59 +0800] "CONNECT 163mx01.mxmail.netease.com:25 HTTP/1.0" 400 179 "-" "-"
118.168.175.61 - - [20/Aug/2016:15:17:44 +0800] "CONNECT 163mx02.mxmail.netease.com:25 HTTP/1.0" 400 179 "-" "-"
118.168.175.61 - - [20/Aug/2016:15:39:53 +0800] "CONNECT 163mx02.mxmail.netease.com:25 HTTP/1.0" 400 179 "-" "-"
118.168.175.61 - - [20/Aug/2016:15:40:28 +0800] "CONNECT 163mx01.mxmail.netease.com:25 HTTP/1.0" 400 179 "-" "-"
118.168.175.61 - - [20/Aug/2016:16:03:19 +0800] "CONNECT 163mx03.mxmail.netease.com:25 HTTP/1.0" 400 179 "-" "-"
163.172.173.181 - - [20/Aug/2016:16:46:58 +0800] "GET http://www.baidu.com/cache/global/img/gs.gif HTTP/1.1" 200 37 "-" "Mozilla"
118.168.175.61 - - [20/Aug/2016:16:49:41 +0800] "CONNECT 163mx03.mxmail.netease.com:25 HTTP/1.0" 400 179 "-" "-"
23.251.51.125 - - [20/Aug/2016:17:01:18 +0800] "GET http://fr.cyberpods.net/ HTTP/1.1" 200 37 "-" "Mozilla/5.0 (compatible; MSIE 6.0; Windows NT 5.1; Trident/5.0)"
23.251.51.125 - - [20/Aug/2016:17:01:21 +0800] "CONNECT www.baidu.com:443 HTTP/1.0" 400 179 "-" "-"
23.251.51.125 - - [20/Aug/2016:17:01:56 +0800] "GET http://fr.cyberpods.net/ HTTP/1.1" 200 37 "-" "Mozilla/5.0 (compatible; MSIE 6.0; Windows NT 5.1; Trident/5.0)"
23.251.51.125 - - [20/Aug/2016:17:01:56 +0800] "CONNECT www.baidu.com:443 HTTP/1.0" 400 179 "-" "-"
23.251.51.125 - - [20/Aug/2016:17:02:43 +0800] "GET http://www.sbjudge1.com/azenv.php HTTP/1.1" 200 37 "-" "Mozilla/5.0 (compatible; MSIE 6.0; Windows NT 5.1; Trident/5.0)"
23.251.51.125 - - [20/Aug/2016:17:02:43 +0800] "CONNECT www.baidu.com:443 HTTP/1.0" 400 179 "-" "-"
95.213.187.189 - - [20/Aug/2016:17:08:35 +0800] "CONNECT check.best-proxies.ru:80 HTTP/1.1" 400 179 "-" "-"
118.168.175.61 - - [20/Aug/2016:17:35:04 +0800] "CONNECT 163mx02.mxmail.netease.com:25 HTTP/1.0" 400 179 "-" "-"
118.168.175.61 - - [20/Aug/2016:17:57:38 +0800] "CONNECT 163mx02.mxmail.netease.com:25 HTTP/1.0" 400 179 "-" "-"
118.168.175.61 - - [20/Aug/2016:18:20:57 +0800] "CONNECT 163mx02.mxmail.netease.com:25 HTTP/1.0" 400 179 "-" "-"
118.168.175.61 - - [20/Aug/2016:18:21:27 +0800] "CONNECT 163mx00.mxmail.netease.com:25 HTTP/1.0" 400 179 "-" "-"
101.200.75.138 - - [20/Aug/2016:18:28:28 +0800] "GET http://www.izhongsai.com/ HTTP/1.1" 200 37 "-" "Mozilla/5.0 (compatible; MSIE 9.0; AOL 9.0; Windows NT 6.0; Trident/5.0)"
218.241.106.16 - - [20/Aug/2016:18:37:01 +0800] "GET / HTTP/1.1" 200 37 "-" "Mozilla/4.0 (compatible; MSIE 6.0; Windows NT 5.1;)"
118.168.175.61 - - [20/Aug/2016:18:43:51 +0800] "CONNECT 163mx03.mxmail.netease.com:25 HTTP/1.0" 400 179 "-" "-"
118.168.175.61 - - [20/Aug/2016:19:06:54 +0800] "CONNECT 163mx02.mxmail.netease.com:25 HTTP/1.0" 400 179 "-" "-"
118.168.175.61 - - [20/Aug/2016:19:29:35 +0800] "CONNECT 163mx03.mxmail.netease.com:25 HTTP/1.0" 400 179 "-" "-"
118.168.175.61 - - [20/Aug/2016:19:52:40 +0800] "CONNECT 163mx01.mxmail.netease.com:25 HTTP/1.0" 400 179 "-" "-"
118.168.175.61 - - [20/Aug/2016:19:53:08 +0800] "CONNECT 163mx01.mxmail.netease.com:25 HTTP/1.0" 400 179 "-" "-"
185.49.14.190 - - [20/Aug/2016:20:04:11 +0800] "GET http://testp4.pospr.waw.pl/testproxy.php HTTP/1.1" 200 12 "-" "Mozilla/5.0 (Windows NT 5.1; rv:32.0) Gecko/20100101 Firefox/31.0"
185.25.148.240 - - [20/Aug/2016:20:06:21 +0800] "GET http://testp4.pospr.waw.pl/testproxy.php HTTP/1.1" 200 12 "-" "Mozilla/5.0 (Windows NT 5.1; rv:32.0) Gecko/20100101 Firefox/31.0"
118.168.175.61 - - [20/Aug/2016:20:15:51 +0800] "CONNECT 163mx03.mxmail.netease.com:25 HTTP/1.0" 400 179 "-" "-"
118.168.175.61 - - [20/Aug/2016:20:16:36 +0800] "CONNECT 163mx03.mxmail.netease.com:25 HTTP/1.0" 400 179 "-" "-"
123.151.43.65 - - [20/Aug/2016:20:24:37 +0800] "GET / HTTP/1.1" 200 37 "-" "Scrapy/1.0.4 (+http://scrapy.org)"
118.168.175.61 - - [20/Aug/2016:20:38:44 +0800] "CONNECT 163mx02.mxmail.netease.com:25 HTTP/1.0" 400 179 "-" "-"
118.168.175.61 - - [20/Aug/2016:20:39:27 +0800] "CONNECT 163mx00.mxmail.netease.com:25 HTTP/1.0" 400 179 "-" "-"
118.193.180.241 - - [20/Aug/2016:21:17:24 +0800] "GET / HTTP/1.1" 200 37 "-" "-"
123.151.43.65 - - [20/Aug/2016:21:32:17 +0800] "\x16\x03\x01\x00\xAC\x01\x00\x00\xA8\x03\x01W\xB8[\xE1\xA1\xECa\xC6\x1A\x06F\x13A\xDF\x9Bd\x8FRT]\xD6\xC2\xBC[x\xF6\x1BW\xAC\x0B\xCDJ\x00\x00L\xC0\x14\xC0" 400 179 "-" "-"
123.151.43.65 - - [20/Aug/2016:21:32:17 +0800] "\x16\x03\x01\x00\xAC\x01\x00\x00\xA8\x03\x01W\xB8[\xE1-\x90\x07\x99X\x97^w\xAB9\xEB\xBAm\xC11+\x9C\xCA&\xB5\x10\xAEIu7\xC5\x0F\xD4\x00\x00L\xC0\x14\xC0" 400 179 "-" "-"
95.213.187.190 - - [20/Aug/2016:21:47:05 +0800] "CONNECT check.best-proxies.ru:80 HTTP/1.1" 400 179 "-" "-"
183.60.48.110 - - [21/Aug/2016:01:24:40 +0800] "GET / HTTP/1.1" 200 37 "-" "libwww-perl/6.04"
191.96.249.18 - - [21/Aug/2016:01:59:19 +0800] "GET /zabbix HTTP/1.1" 200 37 "-" "-"
191.96.249.18 - - [21/Aug/2016:01:59:20 +0800] "" 400 0 "-" "-"
95.213.187.189 - - [21/Aug/2016:02:09:32 +0800] "CONNECT check.best-proxies.ru:80 HTTP/1.1" 400 179 "-" "-"
123.151.43.65 - - [21/Aug/2016:03:52:30 +0800] "GET / HTTP/1.1" 200 37 "-" "Scrapy/1.0.4 (+http://scrapy.org)"
183.60.163.144 - - [21/Aug/2016:04:47:25 +0800] "GET / HTTP/1.0" 200 22 "-" "-"
183.60.163.144 - - [21/Aug/2016:04:47:25 +0800] "OPTIONS / HTTP/1.0" 200 22 "-" "-"
183.60.163.144 - - [21/Aug/2016:04:47:25 +0800] "OPTIONS / RTSP/1.0" 400 179 "-" "-"
183.60.163.144 - - [21/Aug/2016:04:47:25 +0800] "l\x00\x0B\x00\x00\x00\x00\x00\x00\x00\x00\x00" 400 179 "-" "-"
183.60.163.144 - - [21/Aug/2016:04:47:25 +0800] "GET /nice%20ports%2C/Tri%6Eity.txt%2ebak HTTP/1.0" 200 22 "-" "-"
183.60.163.144 - - [21/Aug/2016:04:47:25 +0800] "A\x00\x00\x00:0\x00\x00\xFF\xFF\xFF\xFF\xD4\x07\x00\x00\x00\x00\x00\x00test.$cmd\x00\x00\x00\x00\x00\xFF\xFF\xFF\xFF\x1B\x00\x00\x00\x01serverStatus\x00\x00\x00\x00\x00\x00\x00\xF0?\x00" 400 179 "-" "-"
183.60.163.144 - - [21/Aug/2016:04:47:31 +0800] "" 400 0 "-" "-"
183.60.163.144 - - [21/Aug/2016:04:47:31 +0800] "\x16\x03\x00\x00S\x01\x00\x00O\x03\x00?G\xD7\xF7\xBA,\xEE\xEA\xB2`~\xF3\x00\xFD\x82{\xB9\xD5\x96\xC8w\x9B\xE6\xC4\xDB<=\xDBo\xEF\x10n\x00\x00(\x00\x16\x00\x13\x00" 400 179 "-" "-"
183.60.163.144 - - [21/Aug/2016:04:47:31 +0800] "\x80\x00\x00(*\x9B\x02\x05\x00\x00\x00\x00\x00\x00\x00\x02\x00\x01\x86\xA0\x00\x00\x00\x02\x00\x00\x00\x00\x00\x00\x00\x00\x00\x00\x00\x00\x00\x00\x00\x00\x00\x00\x00\x00" 400 179 "-" "-"
123.151.43.65 - - [21/Aug/2016:04:47:45 +0800] "\x16\x03\x01\x00\xAC\x01\x00\x00\xA8\x03\x01W\xB8\xC1\xF1\x7F8\x7F\xA8" 400 179 "-" "-"
123.151.43.65 - - [21/Aug/2016:04:47:45 +0800] "\x16\x03\x01\x00\xAC\x01\x00\x00\xA8\x03\x01W\xB8\xC1\xF1\x98\xA6\x9EW\x9Ek\xFE\xD9\x1A\x5C\xC8]T\xF6Q\xB5*\xC3lv\x12\x8C\xD9Z\xA2\xF8~\x00\x00\x00L\xC0\x14\xC0" 400 179 "-" "-"
211.99.132.172 - - [21/Aug/2016:04:59:15 +0800] "GET / HTTP/1.1" 200 37 "-" "Jakarta Commons-HttpClient/3.1"
211.99.132.172 - - [21/Aug/2016:04:59:19 +0800] "User-Agent: Jakarta Commons-HttpClient/3.1" 400 179 "-" "-"
123.151.42.61 - - [21/Aug/2016:04:59:55 +0800] "GET http://www.baidu.com/ HTTP/1.1" 200 37 "-" "-"
80.82.78.38 - - [21/Aug/2016:05:09:01 +0800] "GET http://www.baidu.com/cache/global/img/gs.gif HTTP/1.1" 200 37 "-" "Mozilla"
218.75.70.3 - - [21/Aug/2016:05:14:42 +0800] "GET / HTTP/1.1" 200 37 "-" "-"
185.25.151.159 - - [21/Aug/2016:05:33:13 +0800] "GET http://testp4.pospr.waw.pl/testproxy.php HTTP/1.1" 200 12 "-" "Mozilla/5.0 (Windows NT 5.1; rv:32.0) Gecko/20100101 Firefox/31.0"
95.213.187.187 - - [21/Aug/2016:06:33:11 +0800] "CONNECT check.best-proxies.ru:80 HTTP/1.1" 400 179 "-" "-"
119.147.21.64 - - [21/Aug/2016:06:54:45 +0800] "GET / HTTP/1.1" 200 37 "-" "Python-urllib/2.7"
202.91.246.180 - - [21/Aug/2016:08:10:58 +0800] "GET /phpMyAdmin HTTP/1.1" 200 37 "http://119.29.33.243/phpMyAdmin" "Mozilla/4.0 (compatible; MSIE 9.0; Windows NT 6.1)"
123.59.59.52 - - [21/Aug/2016:09:31:54 +0800] "GET http://www.elong.com/ HTTP/1.1" 200 37 "-" "Mozilla/5.0 (Windows NT 6.1; WOW64; rv:29.0) Gecko/20100101 Firefox/29.0"
115.231.98.28 - - [21/Aug/2016:10:37:41 +0800] "GET / HTTP/1.1" 200 37 "-" "Mozilla/5.0 (Windows NT 6.1; Win64; x64) AppleWebKit/537.36 (KHTML, like Gecko) Chrome/46.0.2490.86 Safari/537.36"
95.213.187.189 - - [21/Aug/2016:10:58:42 +0800] "CONNECT check.best-proxies.ru:80 HTTP/1.1" 400 179 "-" "-"
120.25.103.140 - - [21/Aug/2016:11:02:49 +0800] "GET / HTTP/1.1" 200 37 "-" "-"
122.114.81.39 - - [21/Aug/2016:11:21:30 +0800] "GET / HTTP/1.1" 200 37 "-" "Mozilla/4.0 (compatible; MSIE 6.0; Windows NT 5.0)"
114.44.57.197 - - [21/Aug/2016:11:41:33 +0800] "CONNECT vip163mx00.mxmail.netease.com:25 HTTP/1.0" 400 179 "-" "-"
114.44.58.230 - - [21/Aug/2016:12:17:49 +0800] "CONNECT 163mx01.mxmail.netease.com:25 HTTP/1.0" 400 179 "-" "-"
106.75.29.120 - - [21/Aug/2016:13:24:51 +0800] "CONNECT 106.75.29.120:44444 HTTP/1.1" 400 179 "-" "-"
91.196.50.33 - - [21/Aug/2016:14:17:32 +0800] "GET http://testp3.pospr.waw.pl/testproxy.php HTTP/1.1" 200 12 "-" "Mozilla/5.0 (Windows NT 5.1; rv:32.0) Gecko/20100101 Firefox/31.0"
185.25.148.240 - - [21/Aug/2016:14:29:57 +0800] "GET http://testp3.pospr.waw.pl/testproxy.php HTTP/1.1" 200 12 "-" "Mozilla/5.0 (Windows NT 5.1; rv:32.0) Gecko/20100101 Firefox/31.0"
119.147.32.253 - - [21/Aug/2016:15:01:15 +0800] "GET / HTTP/1.0" 200 22 "-" "-"
119.147.32.253 - - [21/Aug/2016:15:01:15 +0800] "OPTIONS / HTTP/1.0" 200 22 "-" "-"
119.147.32.253 - - [21/Aug/2016:15:01:15 +0800] "OPTIONS / RTSP/1.0" 400 179 "-" "-"
119.147.32.253 - - [21/Aug/2016:15:01:15 +0800] "l\x00\x0B\x00\x00\x00\x00\x00\x00\x00\x00\x00" 400 179 "-" "-"
119.147.32.253 - - [21/Aug/2016:15:01:15 +0800] "GET /nice%20ports%2C/Tri%6Eity.txt%2ebak HTTP/1.0" 200 22 "-" "-"
119.147.32.253 - - [21/Aug/2016:15:01:15 +0800] "A\x00\x00\x00:0\x00\x00\xFF\xFF\xFF\xFF\xD4\x07\x00\x00\x00\x00\x00\x00test.$cmd\x00\x00\x00\x00\x00\xFF\xFF\xFF\xFF\x1B\x00\x00\x00\x01serverStatus\x00\x00\x00\x00\x00\x00\x00\xF0?\x00" 400 179 "-" "-"
119.147.32.253 - - [21/Aug/2016:15:01:20 +0800] "" 400 0 "-" "-"
119.147.32.253 - - [21/Aug/2016:15:01:21 +0800] "\x16\x03\x00\x00S\x01\x00\x00O\x03\x00?G\xD7\xF7\xBA,\xEE\xEA\xB2`~\xF3\x00\xFD\x82{\xB9\xD5\x96\xC8w\x9B\xE6\xC4\xDB<=\xDBo\xEF\x10n\x00\x00(\x00\x16\x00\x13\x00" 400 179 "-" "-"
119.147.32.253 - - [21/Aug/2016:15:01:21 +0800] "\x80\x00\x00(\x1A>3\x94\x00\x00\x00\x00\x00\x00\x00\x02\x00\x01\x86\xA0\x00\x00\x00\x02\x00\x00\x00\x00\x00\x00\x00\x00\x00\x00\x00\x00\x00\x00\x00\x00\x00\x00\x00\x00" 400 179 "-" "-"
107.151.202.23 - - [21/Aug/2016:15:15:52 +0800] "GET http://www.proxy-listen.de/azenv.php HTTP/1.1" 200 37 "-" "Mozilla/5.0 (compatible; MSIE 6.0; Windows NT 5.1; Trident/5.0)"
107.151.202.23 - - [21/Aug/2016:15:15:54 +0800] "CONNECT www.alipay.com:443 HTTP/1.1" 400 179 "-" "-"
95.213.187.187 - - [21/Aug/2016:15:19:37 +0800] "CONNECT check.best-proxies.ru:80 HTTP/1.1" 400 179 "-" "-"
185.25.151.159 - - [21/Aug/2016:16:26:23 +0800] "GET http://testp4.pospr.waw.pl/testproxy.php HTTP/1.1" 200 12 "-" "Mozilla/5.0 (Windows NT 5.1; rv:32.0) Gecko/20100101 Firefox/31.0"
185.49.14.190 - - [21/Aug/2016:16:40:56 +0800] "GET http://testp4.pospr.waw.pl/testproxy.php HTTP/1.1" 200 12 "-" "Mozilla/5.0 (Windows NT 5.1; rv:32.0) Gecko/20100101 Firefox/31.0"
61.40.220.150 - - [21/Aug/2016:16:50:03 +0800] "GET / HTTP/1.1" 200 37 "-" "Mozilla/5.0 (compatible; MSIE 6.0; Windows XP)"
123.151.42.61 - - [21/Aug/2016:16:59:51 +0800] "GET http://www.baidu.com/ HTTP/1.1" 200 37 "-" "-"
107.151.202.23 - - [21/Aug/2016:17:11:35 +0800] "GET http://fr.cyberpods.net/ HTTP/1.1" 200 37 "-" "Mozilla/5.0 (compatible; MSIE 6.0; Windows NT 5.1; Trident/5.0)"
107.151.202.23 - - [21/Aug/2016:17:11:35 +0800] "CONNECT www.baidu.com:443 HTTP/1.1" 400 179 "-" "-"
107.151.202.23 - - [21/Aug/2016:17:11:52 +0800] "GET http://www.sbjudge2.com/azenv.php HTTP/1.1" 200 37 "-" "Mozilla/5.0 (compatible; MSIE 6.0; Windows NT 5.1; Trident/5.0)"
107.151.202.23 - - [21/Aug/2016:17:11:55 +0800] "CONNECT www.baidu.com:443 HTTP/1.1" 400 179 "-" "-"
158.85.244.196 - - [21/Aug/2016:17:44:56 +0800] "HEAD /phpmyadmin/index.php HTTP/1.1" 200 0 "-" "-"
201.173.48.156 - - [21/Aug/2016:18:27:16 +0800] "GET /hndUnblock.cgi HTTP/1.0" 200 22 "-" "Wget(linux)"
201.173.48.156 - - [21/Aug/2016:18:27:17 +0800] "POST /hndUnblock.cgi HTTP/1.0" 200 415 "-" "Wget(linux)"
201.173.48.156 - - [21/Aug/2016:18:27:17 +0800] "GET /cgi/common.cgi HTTP/1.0" 200 22 "-" "Wget(linux)"
201.173.48.156 - - [21/Aug/2016:18:27:18 +0800] "GET /stssys.htm HTTP/1.0" 200 22 "-" "Wget(linux)"
201.173.48.156 - - [21/Aug/2016:18:27:18 +0800] "GET / HTTP/1.0" 200 22 "-" "Wget(linux)"
201.173.48.156 - - [21/Aug/2016:18:27:19 +0800] "POST /command.php HTTP/1.0" 200 227 "-" "Wget(linux)"
103.253.14.43 - - [21/Aug/2016:19:12:53 +0800] "GET /admin/config.php HTTP/1.1" 200 37 "-" "python-requests/2.10.0"
169.229.3.91 - - [21/Aug/2016:19:21:11 +0800] "\xDE\x15\xE8*\xCC\xC6\xE4\x9C\xDC\xB0i\xB4!\xEA\x17\xD5!\xE4\xEB\xBB\xE4A\x22\x83\xC4\xA2\xFC\x8AV~\x81c+\xD0U\xBC2n\xBC4\x04\x13\xF6$\xE5\x9A\xB2a\x95\xE0S\xE7Mz\x12\xB6<\x07" 400 179 "-" "-"
107.151.202.23 - - [21/Aug/2016:19:36:41 +0800] "GET http://proxyjudge.us/ HTTP/1.1" 200 37 "-" "Mozilla/5.0 (compatible; MSIE 6.0; Windows NT 5.1; Trident/5.0)"
107.151.202.23 - - [21/Aug/2016:19:36:47 +0800] "CONNECT www.baidu.com:443 HTTP/1.1" 400 179 "-" "-"
5.178.86.74 - - [21/Aug/2016:20:02:48 +0800] "CONNECT check.best-proxies.ru:80 HTTP/1.1" 400 179 "-" "-"
123.151.43.65 - - [21/Aug/2016:20:24:31 +0800] "GET / HTTP/1.1" 200 37 "-" "Scrapy/1.0.4 (+http://scrapy.org)"
120.25.103.140 - - [21/Aug/2016:20:31:54 +0800] "GET / HTTP/1.1" 200 37 "-" "-"
123.151.43.65 - - [21/Aug/2016:21:19:49 +0800] "\x16\x03\x01\x00\xAC\x01\x00\x00\xA8\x03\x01W\xB9\xAAu\x00\xAF\x0B\x90\x90\xAB\xB3\xDE^\x80'\xA8\xF6\x86zQ\xA5sVe\xEE\x86\x94\x00rlT[\x00\x00L\xC0\x14\xC0" 400 179 "-" "-"
123.151.43.65 - - [21/Aug/2016:21:19:49 +0800] "\x16\x03\x01\x00\xAC\x01\x00\x00\xA8\x03\x01W\xB9\xAAuX\xBE\x84\x99\xDD\xA1\x9B\x00\x860\x14\x925+\x19(\xBD\xAD}\x14\xC7W\xFF\xE9V0!^\x00\x00L\xC0\x14\xC0" 400 179 "-" "-"
141.212.122.16 - - [21/Aug/2016:21:42:27 +0800] "GET /x HTTP/1.1" 400 179 "-" "Telesphoreo"
107.151.202.23 - - [21/Aug/2016:21:59:19 +0800] "GET http://proxyjudge.us/ HTTP/1.1" 200 37 "-" "Mozilla/5.0 (compatible; MSIE 6.0; Windows NT 5.1; Trident/5.0)"
107.151.202.23 - - [21/Aug/2016:21:59:23 +0800] "CONNECT www.baidu.com:443 HTTP/1.1" 400 179 "-" "-"
163.172.173.62 - - [21/Aug/2016:22:34:36 +0800] "GET http://www.baidu.com/cache/global/img/gs.gif HTTP/1.1" 200 37 "-" "Mozilla"
163.172.173.62 - - [21/Aug/2016:22:34:37 +0800] "GET http://www.baidu.com/cache/global/img/gs.gif HTTP/1.1" 200 37 "-" "Mozilla"
107.151.202.23 - - [21/Aug/2016:23:47:45 +0800] "GET http://proxyjudge.us/ HTTP/1.1" 200 37 "-" "Mozilla/5.0 (compatible; MSIE 6.0; Windows NT 5.1; Trident/5.0)"
107.151.202.23 - - [21/Aug/2016:23:47:46 +0800] "CONNECT www.alipay.com:443 HTTP/1.1" 400 179 "-" "-"
95.213.187.187 - - [22/Aug/2016:00:43:41 +0800] "CONNECT check.best-proxies.ru:80 HTTP/1.1" 400 179 "-" "-"
106.75.29.120 - - [22/Aug/2016:01:06:55 +0800] "CONNECT 106.75.29.120:44444 HTTP/1.1" 400 179 "-" "-"
107.151.202.23 - - [22/Aug/2016:01:30:48 +0800] "GET http://www.sbjudge2.com/azenv.php HTTP/1.1" 200 37 "-" "Mozilla/5.0 (compatible; MSIE 6.0; Windows NT 5.1; Trident/5.0)"
107.151.202.23 - - [22/Aug/2016:01:30:49 +0800] "CONNECT www.baidu.com:443 HTTP/1.1" 400 179 "-" "-"
107.151.202.23 - - [22/Aug/2016:01:31:00 +0800] "GET http://www.sbjudge2.com/azenv.php HTTP/1.1" 200 37 "-" "Mozilla/5.0 (compatible; MSIE 6.0; Windows NT 5.1; Trident/5.0)"
107.151.202.23 - - [22/Aug/2016:01:31:00 +0800] "CONNECT www.baidu.com:443 HTTP/1.1" 400 179 "-" "-"
183.60.15.115 - - [22/Aug/2016:01:42:11 +0800] "GET / HTTP/1.0" 200 22 "-" "-"
183.60.15.115 - - [22/Aug/2016:01:42:11 +0800] "OPTIONS / HTTP/1.0" 200 22 "-" "-"
183.60.15.115 - - [22/Aug/2016:01:42:11 +0800] "OPTIONS / RTSP/1.0" 400 179 "-" "-"
183.60.15.115 - - [22/Aug/2016:01:42:11 +0800] "l\x00\x0B\x00\x00\x00\x00\x00\x00\x00\x00\x00" 400 179 "-" "-"
183.60.15.115 - - [22/Aug/2016:01:42:11 +0800] "GET /nice%20ports%2C/Tri%6Eity.txt%2ebak HTTP/1.0" 200 22 "-" "-"
183.60.15.115 - - [22/Aug/2016:01:42:11 +0800] "A\x00\x00\x00:0\x00\x00\xFF\xFF\xFF\xFF\xD4\x07\x00\x00\x00\x00\x00\x00test.$cmd\x00\x00\x00\x00\x00\xFF\xFF\xFF\xFF\x1B\x00\x00\x00\x01serverStatus\x00\x00\x00\x00\x00\x00\x00\xF0?\x00" 400 179 "-" "-"
183.60.15.115 - - [22/Aug/2016:01:42:16 +0800] "" 400 0 "-" "-"
183.60.15.115 - - [22/Aug/2016:01:42:16 +0800] "\x16\x03\x00\x00S\x01\x00\x00O\x03\x00?G\xD7\xF7\xBA,\xEE\xEA\xB2`~\xF3\x00\xFD\x82{\xB9\xD5\x96\xC8w\x9B\xE6\xC4\xDB<=\xDBo\xEF\x10n\x00\x00(\x00\x16\x00\x13\x00" 400 179 "-" "-"
183.60.15.115 - - [22/Aug/2016:01:42:16 +0800] "\x80\x00\x00(\x16\xCF\xED\xA8\x00\x00\x00\x00\x00\x00\x00\x02\x00\x01\x86\xA0\x00\x00\x00\x02\x00\x00\x00\x00\x00\x00\x00\x00\x00\x00\x00\x00\x00\x00\x00\x00\x00\x00\x00\x00" 400 179 "-" "-"
183.60.48.110 - - [22/Aug/2016:03:20:38 +0800] "GET / HTTP/1.1" 200 37 "-" "libwww-perl/6.04"
80.82.78.38 - - [22/Aug/2016:03:34:27 +0800] "GET http://www.baidu.com/cache/global/img/gs.gif HTTP/1.1" 200 37 "-" "Mozilla"
123.151.43.65 - - [22/Aug/2016:03:52:32 +0800] "GET / HTTP/1.1" 200 37 "-" "Scrapy/1.0.4 (+http://scrapy.org)"
123.56.65.139 - - [22/Aug/2016:04:04:38 +0800] "GET / HTTP/1.1" 200 37 "-" "-"
195.154.102.122 - - [22/Aug/2016:04:21:42 +0800] "GET /admin/config.php HTTP/1.1" 200 37 "-" "Mozilla/5.0 (Windows NT 6.1; WOW64) AppleWebKit/537.36 (KHTML, like Gecko) Chrome/44.0.2403.155 Safari/537.36 OPR/31.0.1889.174'"
123.151.43.65 - - [22/Aug/2016:04:46:50 +0800] "\x16\x03\x01\x00\xAC\x01\x00\x00\xA8\x03\x01W\xBA\x13:\xE4D\x81\xB3\x05\x85N\xF6*\xDE'\x0BT\xD40O\xCD\xF5|D&\x97\x9F\x00\xCE&\xFD\xDB\x00\x00L\xC0\x14\xC0" 400 179 "-" "-"
123.151.43.65 - - [22/Aug/2016:04:46:50 +0800] "\x16\x03\x01\x00\xAC\x01\x00\x00\xA8\x03\x01W\xBA\x13:\xC0+\xCA\xB9\xE8\xC2\x9F\xEC\x17\xE8h\xBB\xE6\x91:N\x07|W\xB4\x22\x14\xFD\x0F8\x8B\x9BZ\x00\x00L\xC0\x14\xC0" 400 179 "-" "-"
107.151.202.23 - - [22/Aug/2016:04:58:28 +0800] "GET http://www.sbjudge3.com/azenv.php HTTP/1.1" 200 37 "-" "Mozilla/5.0 (compatible; MSIE 6.0; Windows NT 5.1; Trident/5.0)"
107.151.202.23 - - [22/Aug/2016:04:58:33 +0800] "CONNECT www.baidu.com:443 HTTP/1.1" 400 179 "-" "-"
95.213.187.190 - - [22/Aug/2016:05:11:04 +0800] "CONNECT check.best-proxies.ru:80 HTTP/1.1" 400 179 "-" "-"
141.212.122.80 - - [22/Aug/2016:05:48:46 +0800] "GET / HTTP/1.1" 200 37 "-" "Mozilla/5.0 zgrab/0.x"
123.151.42.61 - - [22/Aug/2016:06:50:50 +0800] "GET http://www.baidu.com/ HTTP/1.1" 200 37 "-" "-"
64.16.214.100 - - [22/Aug/2016:06:53:01 +0800] "GET /phpMyAdmin/scripts/setup.php HTTP/1.0" 200 22 "-" "-"
119.147.21.64 - - [22/Aug/2016:06:56:48 +0800] "GET / HTTP/1.1" 200 37 "-" "Python-urllib/2.7"
192.99.31.203 - - [22/Aug/2016:07:22:33 +0800] "GET / HTTP/1.0" 200 22 "-" "-"
183.60.201.185 - - [22/Aug/2016:07:27:09 +0800] "GET / HTTP/1.1" 200 37 "http://119.29.33.243:80/" "Mozilla/4.0 (compatible; MSIE 9.0; Windows NT 6.1)"
185.49.14.190 - - [22/Aug/2016:08:59:40 +0800] "GET http://testp4.pospr.waw.pl/testproxy.php HTTP/1.1" 200 12 "-" "Mozilla/5.0 (Windows NT 5.1; rv:32.0) Gecko/20100101 Firefox/31.0"
95.213.187.188 - - [22/Aug/2016:09:36:22 +0800] "CONNECT check.best-proxies.ru:80 HTTP/1.1" 400 179 "-" "-"
60.191.52.254 - - [22/Aug/2016:11:03:50 +0800] "HEAD http://www.so.com/ HTTP/1.1" 200 0 "-" "Java/1.8.0_77"
112.126.82.197 - - [22/Aug/2016:13:31:34 +0800] "GET /phpmyadmin HTTP/1.1" 200 37 "http://119.29.33.243/phpmyadmin" "Mozilla/4.0 (compatible; MSIE 9.0; Windows NT 6.1)"
95.213.187.188 - - [22/Aug/2016:13:54:13 +0800] "CONNECT check.best-proxies.ru:80 HTTP/1.1" 400 179 "-" "-"
76.70.19.17 - - [22/Aug/2016:16:50:28 +0800] "GET /admin/config.php HTTP/1.1" 200 37 "-" "python-requests/2.11.1"
185.25.151.159 - - [22/Aug/2016:17:28:27 +0800] "GET http://testp3.pospr.waw.pl/testproxy.php HTTP/1.1" 200 12 "-" "Mozilla/5.0 (Windows NT 5.1; rv:32.0) Gecko/20100101 Firefox/31.0"
185.49.14.190 - - [22/Aug/2016:18:37:06 +0800] "GET http://testp1.piwo.pila.pl/testproxy.php HTTP/1.1" 200 12 "-" "Mozilla/5.0 (Windows NT 5.1; rv:32.0) Gecko/20100101 Firefox/31.0"
95.213.187.190 - - [22/Aug/2016:18:42:40 +0800] "CONNECT check.best-proxies.ru:80 HTTP/1.1" 400 179 "-" "-"
114.215.239.201 - - [22/Aug/2016:19:43:21 +0800] "GET / HTTP/1.1" 200 37 "-" "-"
61.151.228.22 - - [22/Aug/2016:19:59:30 +0800] "GET / HTTP/1.1" 200 37 "-" "Mozilla/5.0 (Windows NT 5.1) AppleWebKit/537.36 (KHTML, like Gecko) Chrome/45.0.2454.101 Safari/537.36"
114.44.59.34 - - [22/Aug/2016:20:19:59 +0800] "CONNECT 163mx00.mxmail.netease.COM:25 HTTP/1.0" 400 179 "-" "-"
123.151.43.65 - - [22/Aug/2016:20:24:23 +0800] "GET / HTTP/1.1" 200 37 "-" "Scrapy/1.0.4 (+http://scrapy.org)"
123.151.43.65 - - [22/Aug/2016:21:23:16 +0800] "\x16\x03\x01\x00\xAC\x01\x00\x00\xA8\x03\x01W\xBA\xFC\xC3\xDD\xC0\xAA\x9B\x82\xC6\x90\x94d\x12\xE6\xE7\x05\x83\xD3\xA1\xF2\x7F\x8C]o\xE62\xC8\x0F7\xDF4\x00\x00L\xC0\x14\xC0" 400 179 "-" "-"
123.151.43.65 - - [22/Aug/2016:21:23:16 +0800] "\x16\x03\x01\x00\xAC\x01\x00\x00\xA8\x03\x01W\xBA\xFC\xC4\xA8>\xCE\xDF\x8D-\xF7\x10#o\xAD\x0C_\xDFe-{p\xA3\xC2\xCEm|<\xCA\xCD\xC6\xD3\x00\x00L\xC0\x14\xC0" 400 179 "-" "-"
155.94.163.58 - - [22/Aug/2016:22:12:50 +0800] "GET /phpmyadmin HTTP/1.1" 200 37 "http://119.29.33.243/phpmyadmin" "Mozilla/4.0 (compatible; MSIE 9.0; Windows NT 6.1)"
169.229.3.91 - - [22/Aug/2016:22:14:01 +0800] "\xEA\xD0\x19\x22\x15/\xE6\xDD\xA13D\xD4+\x01\xF6\x19\x10\x06\xF8;\x97\x99\x06U\xB2M\xED\xB7^\xAF\x22\xACK\x84N\x7F\xCD\x172\xC0\x95=(7\xF1\xA5R\xAA\xB9\xA5m\x09\x1E" 400 179 "-" "-"
218.75.70.3 - - [22/Aug/2016:22:58:20 +0800] "GET / HTTP/1.1" 200 37 "-" "-"
123.101.233.6 - - [22/Aug/2016:23:06:31 +0800] "GET / HTTP/1.1" 200 37 "http://119.29.33.243" "Mozilla/4.0 (compatible; MSIE 9.0; Windows NT 6.1)"
5.178.86.74 - - [22/Aug/2016:23:09:25 +0800] "CONNECT check.best-proxies.ru:80 HTTP/1.1" 400 179 "-" "-"
222.186.23.117 - - [22/Aug/2016:23:39:28 +0800] "GET /phpmyadmin HTTP/1.1" 200 37 "http://119.29.33.243/phpmyadmin" "Mozilla/4.0 (compatible; MSIE 9.0; Windows NT 6.1)"
64.16.214.100 - - [23/Aug/2016:01:20:52 +0800] "GET /myadmin/scripts/setup.php HTTP/1.0" 200 22 "-" "-"
192.241.252.162 - - [23/Aug/2016:01:29:25 +0800] "GET / HTTP/1.0" 200 22 "-" "-"
80.82.78.38 - - [23/Aug/2016:02:03:19 +0800] "GET http://www.baidu.com/cache/global/img/gs.gif HTTP/1.1" 200 37 "-" "Mozilla"
106.75.29.120 - - [23/Aug/2016:02:22:24 +0800] "CONNECT 106.75.29.120:44444 HTTP/1.1" 400 179 "-" "-"
183.60.48.110 - - [23/Aug/2016:02:24:08 +0800] "GET / HTTP/1.1" 200 37 "-" "libwww-perl/6.04"
162.243.64.116 - - [23/Aug/2016:02:54:20 +0800] "GET / HTTP/1.0" 200 22 "-" "-"
185.25.151.159 - - [23/Aug/2016:03:14:08 +0800] "GET http://testp1.piwo.pila.pl/testproxy.php HTTP/1.1" 200 12 "-" "Mozilla/5.0 (Windows NT 5.1; rv:32.0) Gecko/20100101 Firefox/31.0"
95.213.187.187 - - [23/Aug/2016:03:31:47 +0800] "CONNECT check.best-proxies.ru:80 HTTP/1.1" 400 179 "-" "-"
123.151.43.65 - - [23/Aug/2016:03:52:31 +0800] "GET / HTTP/1.1" 200 37 "-" "Scrapy/1.0.4 (+http://scrapy.org)"
212.47.246.179 - - [23/Aug/2016:04:02:07 +0800] "GET http://www.baidu.com/cache/global/img/gs.gif HTTP/1.1" 200 37 "-" "Mozilla"
123.151.43.65 - - [23/Aug/2016:04:52:45 +0800] "\x16\x03\x01\x00\xAC\x01\x00\x00\xA8\x03\x01W\xBBf\x1D\xCCld-\x1BL\xDC\xB3|\x82\xE0\xB6E4\xA8B\xB3iJ\x13\xE2n\xBF\x0B\x80\xDFA\xFA\x00\x00L\xC0\x14\xC0" 400 179 "-" "-"
123.151.43.65 - - [23/Aug/2016:04:52:46 +0800] "\x16\x03\x01\x00\xAC\x01\x00\x00\xA8\x03\x01W\xBBf\x1D[\xC8\xA0B\xC2\x229\x8F!\xA5=_\xD9?G\xF1\x93\xF2\xB4pk\x0E(F3\xF5:-\x00\x00L\xC0\x14\xC0" 400 179 "-" "-"
119.147.21.64 - - [23/Aug/2016:06:56:39 +0800] "GET / HTTP/1.1" 200 37 "-" "Python-urllib/2.7"
95.213.187.187 - - [23/Aug/2016:07:50:01 +0800] "CONNECT check.best-proxies.ru:80 HTTP/1.1" 400 179 "-" "-"
185.49.14.190 - - [23/Aug/2016:12:24:19 +0800] "GET http://testp3.pospr.waw.pl/testproxy.php HTTP/1.1" 200 12 "-" "Mozilla/5.0 (Windows NT 5.1; rv:32.0) Gecko/20100101 Firefox/31.0"
95.213.187.190 - - [23/Aug/2016:12:47:36 +0800] "CONNECT check.best-proxies.ru:80 HTTP/1.1" 400 179 "-" "-"
163.172.200.111 - - [23/Aug/2016:12:52:18 +0800] "HEAD /robots.txt HTTP/1.0" 200 0 "-" "-"
128.232.110.28 - - [23/Aug/2016:13:06:27 +0800] "GET / HTTP/1.1" 200 37 "-" "Mozilla/5.0 zgrab/0.x"
211.99.132.172 - - [23/Aug/2016:13:41:22 +0800] "GET / HTTP/1.1" 200 37 "-" "Jakarta Commons-HttpClient/3.1"
113.142.24.15 - - [23/Aug/2016:15:56:12 +0800] "GET / HTTP/1.1" 200 37 "-" "Mozilla/4.0 (compatible; MSIE 7.0; Windows NT 5.1)"
